 11UP

 Timestamp is 5e491a4d (Sun Feb 16 05:32:45 2020)

 Preferred load address is 00400000

 Start         Length     Name                   Class
 0001:00000000 0003c35fH .text                   CODE
 0001:0003c35f 000001edH .text$x                 CODE
 0001:0003c54c 0000028fH .text$yc                CODE
 0001:0003c7db 000000dcH .text$yd                CODE
 0002:00000000 0000028cH .idata$5                DATA
 0002:0000028c 00000004H .CRT$XCA                DATA
 0002:00000290 00000004H .CRT$XCAA               DATA
 0002:00000294 00000050H .CRT$XCU                DATA
 0002:000002e4 00000004H .CRT$XCZ                DATA
 0002:000002e8 00000004H .CRT$XIA                DATA
 0002:000002ec 00000004H .CRT$XIAA               DATA
 0002:000002f0 00000004H .CRT$XIC                DATA
 0002:000002f4 00000004H .CRT$XIZ                DATA
 0002:00000300 0000d458H .rdata                  DATA
 0002:0000d758 00000035H .rdata$debug            DATA
 0002:0000d790 00000004H .rtc$IAA                DATA
 0002:0000d794 00000004H .rtc$IZZ                DATA
 0002:0000d798 00000004H .rtc$TAA                DATA
 0002:0000d79c 00000004H .rtc$TZZ                DATA
 0002:0000d7a0 000002ccH .xdata$x                DATA
 0002:0000da6c 000000a0H .idata$2                DATA
 0002:0000db0c 00000014H .idata$3                DATA
 0002:0000db20 0000028cH .idata$4                DATA
 0002:0000ddac 000012a8H .idata$6                DATA
 0002:0000f054 00000000H .edata                  DATA
 0003:00000000 00009090H .data                   DATA
 0003:00009090 00005a48H .bss                    DATA

  Address         Publics by Value              Rva+Base       Lib:Object

 0000:00000000       __except_list              00000000     <absolute>
 0000:00000000       ___safe_se_handler_table   00000000     <absolute>
 0000:00000000       ___safe_se_handler_count   00000000     <absolute>
 0000:00009876       __ldused                   00009876     <absolute>
 0000:00009876       __fltused                  00009876     <absolute>
 0000:00000000       ___ImageBase               00400000     <linker-defined>
 0001:00000000       ??_H@YGXPAXIHP6EPAX0@Z@Z   00401000 f i 11UP.obj
 0001:0000001e       ??0sentry@?$basic_ostream@DU?$char_traits@D@std@@@std@@QAE@AAV12@@Z 0040101e f i 11UP.obj
 0001:0000007c       ??1sentry@?$basic_ostream@DU?$char_traits@D@std@@@std@@QAE@XZ 0040107c f i 11UP.obj
 0001:000000c4       ??1_Sentry_base@?$basic_ostream@DU?$char_traits@D@std@@@std@@QAE@XZ 004010c4 f i 11UP.obj
 0001:000000dc       ??$?6U?$char_traits@D@std@@@std@@YAAAV?$basic_ostream@DU?$char_traits@D@std@@@0@AAV10@PBD@Z 004010dc f i 11UP.obj
 0001:0000021d       ??_U@YAPAXI@Z              0040121d f   msvcprt:newaop_s.obj
 0001:00000222       _Direct3DCreate9@4         00401222 f   d3d9:d3d9.dll
 0001:00000228       ??_GCFont@D3DXCore@@QAEPAXI@Z 00401228 f i d3dx9:d3dx9core.obj
 0001:00000244       ??_GCSprite@D3DXCore@@QAEPAXI@Z 00401244 f i d3dx9:d3dx9core.obj
 0001:00000260       _D3DXCreateFontIndirect@12 00401260 f   d3dx9:d3dx9core.obj
 0001:000002cf       _D3DXCreateSprite@8        004012cf f   d3dx9:d3dx9core.obj
 0001:0000033b       _D3DXCreateFont@12         0040133b f   d3dx9:d3dx9core.obj
 0001:0000036e       ?GetFormatInfo@D3DXTex@@YGPBU_D3DXFORMAT_INFO@@W4_D3DFORMAT@@@Z 0040136e f   d3dx9:d3dx9tex.obj
 0001:00000409       ?FindClosestDeviceFormat@D3DXTex@@YG?AW4_D3DFORMAT@@PAUIDirect3DDevice9@@KW4_D3DRESOURCETYPE@@PBU_D3DXFORMAT_INFO@@@Z 00401409 f   d3dx9:d3dx9tex.obj
 0001:00000505       ?FindClosestExternalFormat@D3DXTex@@YG?AW4_D3DFORMAT@@W42@@Z 00401505 f   d3dx9:d3dx9tex.obj
 0001:00000521       _D3DXLoadSurfaceFromMemory@40 00401521 f   d3dx9:d3dx9tex.obj
 0001:00000606       ??0D3DXCOLOR@@QAE@XZ       00401606 f i d3dx9:d3dx9tex.obj
 0001:00000609       _D3DXLoadVolumeFromMemory@44 00401609 f   d3dx9:d3dx9tex.obj
 0001:00000a40       _D3DXCheckTextureRequirements@28 00401a40 f   d3dx9:d3dx9tex.obj
 0001:00000a65       _D3DXCreateTexture@32      00401a65 f   d3dx9:d3dx9tex.obj
 0001:00000ad3       ??_I@YGXPAXIHP6EX0@Z@Z     00401ad3 f i d3dx9:d3dx9tex.obj
 0001:00000afd       _D3DXLoadSurfaceFromSurface@32 00401afd f   d3dx9:d3dx9tex.obj
 0001:00000d05       _D3DXLoadVolumeFromVolume@32 00401d05 f   d3dx9:d3dx9tex.obj
 0001:00000d8b       _D3DXFilterTexture@16      00401d8b f   d3dx9:d3dx9tex.obj
 0001:000017f5       _D3DXCreateTextureFromFileInMemoryEx@60 004027f5 f   d3dx9:d3dx9tex.obj
 0001:00001832       _D3DXCreateTextureFromFileExA@56 00402832 f   d3dx9:d3dx9tex.obj
 0001:00001895       ??1CFont@D3DXCore@@QAE@XZ  00402895 f   d3dx9:cfont.obj
 0001:000018cf       ?Initialize@CFont@D3DXCore@@QAEJPAUIDirect3DDevice9@@PBUtagLOGFONTA@@@Z 004028cf f   d3dx9:cfont.obj
 0001:0000192b       ?GetDevice@CFont@D3DXCore@@UAGJPAPAUIDirect3DDevice9@@@Z 0040292b f   d3dx9:cfont.obj
 0001:00001951       ?GetLogFont@CFont@D3DXCore@@UAGJPAUtagLOGFONTA@@@Z 00402951 f   d3dx9:cfont.obj
 0001:00001975       ?Begin@CFont@D3DXCore@@UAGJXZ 00402975 f   d3dx9:cfont.obj
 0001:00001984       ?End@CFont@D3DXCore@@UAGJXZ 00402984 f   d3dx9:cfont.obj
 0001:00001993       ?DrawTextA@CFont@D3DXCore@@UAGHPBDHPAUtagRECT@@KK@Z 00402993 f   d3dx9:cfont.obj
 0001:000019b9       ?DrawTextW@CFont@D3DXCore@@UAGHPBGHPAUtagRECT@@KK@Z 004029b9 f   d3dx9:cfont.obj
 0001:000019df       ?OnLostDevice@CFont@D3DXCore@@UAGJXZ 004029df f   d3dx9:cfont.obj
 0001:000019ee       ?OnResetDevice@CFont@D3DXCore@@UAGJXZ 004029ee f   d3dx9:cfont.obj
 0001:000019fd       ?QueryInterface@CFont@D3DXCore@@UAGJABU_GUID@@PAPAX@Z 004029fd f   d3dx9:cfont.obj
 0001:00001a41       ?Release@CFont@D3DXCore@@UAGKXZ 00402a41 f   d3dx9:cfont.obj
 0001:00001a59       ??0CFont@D3DXCore@@QAE@XZ  00402a59 f   d3dx9:cfont.obj
 0001:00001a74       ??1CSprite@D3DXCore@@QAE@XZ 00402a74 f   d3dx9:csprite.obj
 0001:00001ab0       ?AddRef@CFont@D3DXCore@@UAGKXZ 00402ab0 f   d3dx9:cfont.obj
 0001:00001ab0       ?AddRef@CSprite@D3DXCore@@UAGKXZ 00402ab0 f   d3dx9:csprite.obj
 0001:00001abd       ?Initialize@CSprite@D3DXCore@@QAEJPAUIDirect3DDevice9@@@Z 00402abd f   d3dx9:csprite.obj
 0001:00001b39       ?GetDevice@CSprite@D3DXCore@@UAGJPAPAUIDirect3DDevice9@@@Z 00402b39 f   d3dx9:csprite.obj
 0001:00001b5f       ?End@CSprite@D3DXCore@@UAGJXZ 00402b5f f   d3dx9:csprite.obj
 0001:00001b84       ?OnLostDevice@CSprite@D3DXCore@@UAGJXZ 00402b84 f   d3dx9:csprite.obj
 0001:00001bb7       ?OnResetDevice@CSprite@D3DXCore@@UAGJXZ 00402bb7 f   d3dx9:csprite.obj
 0001:00001bbc       ?QueryInterface@CSprite@D3DXCore@@UAGJABU_GUID@@PAPAX@Z 00402bbc f   d3dx9:csprite.obj
 0001:00001c00       ?Release@CSprite@D3DXCore@@UAGKXZ 00402c00 f   d3dx9:csprite.obj
 0001:00001c18       ?Begin@CSprite@D3DXCore@@UAGJXZ 00402c18 f   d3dx9:csprite.obj
 0001:000020bd       ?Draw@CSprite@D3DXCore@@UAGJPAUIDirect3DTexture9@@PBUtagRECT@@PBUD3DXVECTOR2@@2M2K@Z 004030bd f   d3dx9:csprite.obj
 0001:00002194       ?DrawTransform@CSprite@D3DXCore@@UAGJPAUIDirect3DTexture9@@PBUtagRECT@@PBUD3DXMATRIX@@K@Z 00403194 f   d3dx9:csprite.obj
 0001:0000258a       ??0CSprite@D3DXCore@@QAE@XZ 0040358a f   d3dx9:csprite.obj
 0001:00002605       ?D3DXDebugMute@@YGXH@Z     00403605 f   d3dx9:d3dx9dbg.obj
 0001:000026d5       ??0CImage@D3DXTex@@QAE@XZ  004036d5 f   d3dx9:cimage.obj
 0001:000026ee       ??1CImage@D3DXTex@@QAE@XZ  004036ee f   d3dx9:cimage.obj
 0001:00002747       ??_GCImage@D3DXTex@@QAEPAXI@Z 00403747 f i d3dx9:cimage.obj
 0001:00002763       ?LoadDIB@CImage@D3DXTex@@AAEJPBXK@Z 00403763 f   d3dx9:cimage.obj
 0001:000032f5       ?LoadJPG@CImage@D3DXTex@@AAEJPBXK@Z 004042f5 f   d3dx9:cimage.obj
 0001:0000356d       ?LoadTGA@CImage@D3DXTex@@AAEJPBXK@Z 0040456d f   d3dx9:cimage.obj
 0001:00003ae5       ?LoadPPM@CImage@D3DXTex@@AAEJPBXK@Z 00404ae5 f   d3dx9:cimage.obj
 0001:00003db8       ?QuantizeColorKey@CCodecYUV@D3DXTex@@MAEXXZ 00404db8 f   d3dx9:ccodec.obj
 0001:00003db9       ?LoadPNG@CImage@D3DXTex@@AAEJPBXK@Z 00404db9 f   d3dx9:cimage.obj
 0001:0000430a       ?LoadDDS@CImage@D3DXTex@@AAEJPBXK@Z 0040530a f   d3dx9:cimage.obj
 0001:00004676       ?LoadBMP@CImage@D3DXTex@@AAEJPBXK@Z 00405676 f   d3dx9:cimage.obj
 0001:000046a6       ?Load@CImage@D3DXTex@@QAEJPBXKPAU_D3DXIMAGE_INFO@@H@Z 004056a6 f   d3dx9:cimage.obj
 0001:0000488f       ??0CBlt@D3DXTex@@QAE@XZ    0040588f f   d3dx9:cblt.obj
 0001:00004899       ??1CBlt@D3DXTex@@QAE@XZ    00405899 f   d3dx9:cblt.obj
 0001:000048b7       _floorf@4                  004058b7 f i d3dx9:cblt.obj
 0001:000048ca       ??0TF_Row@D3DXTex@@QAE@XZ  004058ca f i d3dx9:cblt.obj
 0001:000048d7       ??1TF_Row@D3DXTex@@QAE@XZ  004058d7 f i d3dx9:cblt.obj
 0001:00004b9c       ?BltSame_DXTn@CBlt@D3DXTex@@IAEJXZ 00405b9c f   d3dx9:cblt.obj
 0001:00004d2a       ?c_BoxFilter2D_A8R8G8B8@D3DXTex@@YGJPAI0IIII@Z 00405d2a f   d3dx9:cblt.obj
 0001:00004e52       ?BltBox2D_A8R8G8B8@CBlt@D3DXTex@@IAEJXZ 00405e52 f   d3dx9:cblt.obj
 0001:000050e9       ?BltBox2D_X8R8G8B8@CBlt@D3DXTex@@IAEJXZ 004060e9 f   d3dx9:cblt.obj
 0001:00005117       ?BltBox2D_R5G6B5@CBlt@D3DXTex@@IAEJXZ 00406117 f   d3dx9:cblt.obj
 0001:00005267       ?BltBox2D_X1R5G5B5@CBlt@D3DXTex@@IAEJXZ 00406267 f   d3dx9:cblt.obj
 0001:0000538b       ?BltBox2D_A1R5G5B5@CBlt@D3DXTex@@IAEJXZ 0040638b f   d3dx9:cblt.obj
 0001:000054da       ?BltBox2D_A4R4G4B4@CBlt@D3DXTex@@IAEJXZ 004064da f   d3dx9:cblt.obj
 0001:0000562d       ?BltBox2D_R3G3B2@CBlt@D3DXTex@@IAEJXZ 0040662d f   d3dx9:cblt.obj
 0001:0000576c       ?BltBox2D_A8@CBlt@D3DXTex@@IAEJXZ 0040676c f   d3dx9:cblt.obj
 0001:00005807       ?BltBox2D_A8R3G3B2@CBlt@D3DXTex@@IAEJXZ 00406807 f   d3dx9:cblt.obj
 0001:00005953       ?BltBox2D_X4R4G4B4@CBlt@D3DXTex@@IAEJXZ 00406953 f   d3dx9:cblt.obj
 0001:00005a74       ?BltBox2D_A8L8@CBlt@D3DXTex@@IAEJXZ 00406a74 f   d3dx9:cblt.obj
 0001:00005bc0       ?BltBox2D_A4L4@CBlt@D3DXTex@@IAEJXZ 00406bc0 f   d3dx9:cblt.obj
 0001:00005cff       ?BltSame@CBlt@D3DXTex@@IAEJXZ 00406cff f   d3dx9:cblt.obj
 0001:00005e3c       ?BltCopy@CBlt@D3DXTex@@IAEJXZ 00406e3c f   d3dx9:cblt.obj
 0001:00005f1a       ?BltNone@CBlt@D3DXTex@@IAEJXZ 00406f1a f   d3dx9:cblt.obj
 0001:0000610f       ?BltPoint@CBlt@D3DXTex@@IAEJXZ 0040710f f   d3dx9:cblt.obj
 0001:00006308       ?BltBox2D@CBlt@D3DXTex@@IAEJXZ 00407308 f   d3dx9:cblt.obj
 0001:00006717       ?BltBox3D@CBlt@D3DXTex@@IAEJXZ 00407717 f   d3dx9:cblt.obj
 0001:00006c3e       ?BltLinear2D@CBlt@D3DXTex@@IAEJXZ 00407c3e f   d3dx9:cblt.obj
 0001:00006fcd       ?BltLinear3D@CBlt@D3DXTex@@IAEJXZ 00407fcd f   d3dx9:cblt.obj
 0001:0000764c       ??_ETF_Row@D3DXTex@@QAEPAXI@Z 0040864c f i d3dx9:cblt.obj
 0001:00007698       ?BltTriangle3D@CBlt@D3DXTex@@IAEJXZ 00408698 f   d3dx9:cblt.obj
 0001:00007d5c       ?BltTriangle2D@CBlt@D3DXTex@@IAEJXZ 00408d5c f   d3dx9:cblt.obj
 0001:0000834a       ?Blt@CBlt@D3DXTex@@QAEJPAUD3DX_BLT@@0K@Z 0040934a f   d3dx9:cblt.obj
 0001:00008479       ??0CLockSurface@D3DXTex@@QAE@XZ 00409479 f   d3dx9:clock.obj
 0001:0000848c       ?InternalCopy@D3DXTex@@YGJPAUIDirect3DSurface9@@0@Z 0040948c f   d3dx9:clock.obj
 0001:00008569       ?Unlock@CLockSurface@D3DXTex@@QAEJXZ 00409569 f   d3dx9:clock.obj
 0001:0000861a       ??0CLockVolume@D3DXTex@@QAE@XZ 0040961a f   d3dx9:clock.obj
 0001:00008620       ?Unlock@CLockVolume@D3DXTex@@QAEJXZ 00409620 f   d3dx9:clock.obj
 0001:00008642       ??1CLockSurface@D3DXTex@@QAE@XZ 00409642 f   d3dx9:clock.obj
 0001:00008647       ?Lock@CLockSurface@D3DXTex@@QAEJPAUD3DX_BLT@@PAUIDirect3DSurface9@@PBUtagPALETTEENTRY@@PBUtagRECT@@KK@Z 00409647 f   d3dx9:clock.obj
 0001:00008b31       ??1CLockVolume@D3DXTex@@QAE@XZ 00409b31 f   d3dx9:clock.obj
 0001:00008b36       ?Lock@CLockVolume@D3DXTex@@QAEJPAUD3DX_BLT@@PAUIDirect3DVolume9@@PBUtagPALETTEENTRY@@PBU_D3DBOX@@KK@Z 00409b36 f   d3dx9:clock.obj
 0001:00008ea5       ??1CCodec@D3DXTex@@UAE@XZ  00409ea5 f   d3dx9:ccodec.obj
 0001:00008eb8       ?Decode@CCodec@D3DXTex@@UAEXIIPAUD3DXCOLOR@@@Z 00409eb8 f   d3dx9:ccodec.obj
 0001:00008eb8       ?Encode@CCodec@D3DXTex@@UAEXIIPAUD3DXCOLOR@@@Z 00409eb8 f   d3dx9:ccodec.obj
 0001:00008ebb       ?Convert@CCodec@D3DXTex@@IAEPAUD3DXCOLOR@@PAU3@@Z 00409ebb f   d3dx9:ccodec.obj
 0001:0000947f       ??1CCodecDXT@D3DXTex@@UAE@XZ 0040a47f f   d3dx9:ccodec.obj
 0001:000094f9       ?QuantizeColorKey@CCodecDXT@D3DXTex@@MAEXXZ 0040a4f9 f   d3dx9:ccodec.obj
 0001:000095fa       ?TableEncodeGamma22@D3DXTex@@YGMM@Z 0040a5fa f i d3dx9:ccodec.obj
 0001:0000964a       ?TableDecodeGamma22@D3DXTex@@YGMM@Z 0040a64a f i d3dx9:ccodec.obj
 0001:00009691       ??0CCodec@D3DXTex@@IAE@PAUD3DX_BLT@@IK@Z 0040a691 f   d3dx9:ccodec.obj
 0001:00009902       ?ConvertFrom@CCodec@D3DXTex@@QAEJPAV12@@Z 0040a902 f   d3dx9:ccodec.obj
 0001:0000998b       ?QuantizeColorKey@CCodec@D3DXTex@@MAEXXZ 0040a98b f   d3dx9:ccodec.obj
 0001:00009a5e       ?ColorKey@CCodec@D3DXTex@@IAEXPAUD3DXCOLOR@@@Z 0040aa5e f   d3dx9:ccodec.obj
 0001:00009ace       ?EncodeGamma22@CCodec@D3DXTex@@IAEPAUD3DXCOLOR@@PAU3@@Z 0040aace f   d3dx9:ccodec.obj
 0001:00009d50       ?DecodeGamma22@CCodec@D3DXTex@@IAEXPAUD3DXCOLOR@@@Z 0040ad50 f   d3dx9:ccodec.obj
 0001:00009e86       ?Encode@CCodec_R8G8B8@D3DXTex@@UAEXIIPAUD3DXCOLOR@@@Z 0040ae86 f   d3dx9:ccodec.obj
 0001:00009f97       ?Encode@CCodec_A8R8G8B8@D3DXTex@@UAEXIIPAUD3DXCOLOR@@@Z 0040af97 f   d3dx9:ccodec.obj
 0001:0000a0e0       ?Encode@CCodec_X8R8G8B8@D3DXTex@@UAEXIIPAUD3DXCOLOR@@@Z 0040b0e0 f   d3dx9:ccodec.obj
 0001:0000a205       ?Encode@CCodec_R5G6B5@D3DXTex@@UAEXIIPAUD3DXCOLOR@@@Z 0040b205 f   d3dx9:ccodec.obj
 0001:0000a32a       ?Encode@CCodec_X1R5G5B5@D3DXTex@@UAEXIIPAUD3DXCOLOR@@@Z 0040b32a f   d3dx9:ccodec.obj
 0001:0000a44f       ?Encode@CCodec_A1R5G5B5@D3DXTex@@UAEXIIPAUD3DXCOLOR@@@Z 0040b44f f   d3dx9:ccodec.obj
 0001:0000a592       ?Encode@CCodec_A4R4G4B4@D3DXTex@@UAEXIIPAUD3DXCOLOR@@@Z 0040b592 f   d3dx9:ccodec.obj
 0001:0000a6db       ?Encode@CCodec_R3G3B2@D3DXTex@@UAEXIIPAUD3DXCOLOR@@@Z 0040b6db f   d3dx9:ccodec.obj
 0001:0000a800       ?Encode@CCodec_A8@D3DXTex@@UAEXIIPAUD3DXCOLOR@@@Z 0040b800 f   d3dx9:ccodec.obj
 0001:0000a8cc       ?Encode@CCodec_A8R3G3B2@D3DXTex@@UAEXIIPAUD3DXCOLOR@@@Z 0040b8cc f   d3dx9:ccodec.obj
 0001:0000aa15       ?Encode@CCodec_X4R4G4B4@D3DXTex@@UAEXIIPAUD3DXCOLOR@@@Z 0040ba15 f   d3dx9:ccodec.obj
 0001:0000ab3a       ?Encode@CCodec_A2B10G10R10@D3DXTex@@UAEXIIPAUD3DXCOLOR@@@Z 0040bb3a f   d3dx9:ccodec.obj
 0001:0000ac83       ?Encode@CCodec_A8B8G8R8@D3DXTex@@UAEXIIPAUD3DXCOLOR@@@Z 0040bc83 f   d3dx9:ccodec.obj
 0001:0000adcc       ?Encode@CCodec_X8B8G8R8@D3DXTex@@UAEXIIPAUD3DXCOLOR@@@Z 0040bdcc f   d3dx9:ccodec.obj
 0001:0000aef1       ?Encode@CCodec_G16R16@D3DXTex@@UAEXIIPAUD3DXCOLOR@@@Z 0040bef1 f   d3dx9:ccodec.obj
 0001:0000afe8       ?Encode@CCodec_A2R10G10B10@D3DXTex@@UAEXIIPAUD3DXCOLOR@@@Z 0040bfe8 f   d3dx9:ccodec.obj
 0001:0000b131       ?Encode@CCodec_A16B16G16R16@D3DXTex@@UAEXIIPAUD3DXCOLOR@@@Z 0040c131 f   d3dx9:ccodec.obj
 0001:0000b2b2       ?Encode@CCodec_A8P8@D3DXTex@@UAEXIIPAUD3DXCOLOR@@@Z 0040c2b2 f   d3dx9:ccodec.obj
 0001:0000b3f9       ?Encode@CCodec_P8@D3DXTex@@UAEXIIPAUD3DXCOLOR@@@Z 0040c3f9 f   d3dx9:ccodec.obj
 0001:0000b4d3       ?Encode@CCodec_L8@D3DXTex@@UAEXIIPAUD3DXCOLOR@@@Z 0040c4d3 f   d3dx9:ccodec.obj
 0001:0000b5bb       ?Encode@CCodec_A8L8@D3DXTex@@UAEXIIPAUD3DXCOLOR@@@Z 0040c5bb f   d3dx9:ccodec.obj
 0001:0000b6d6       ?Encode@CCodec_A4L4@D3DXTex@@UAEXIIPAUD3DXCOLOR@@@Z 0040c6d6 f   d3dx9:ccodec.obj
 0001:0000b7e6       ?Encode@CCodec_V8U8@D3DXTex@@UAEXIIPAUD3DXCOLOR@@@Z 0040c7e6 f   d3dx9:ccodec.obj
 0001:0000b8e1       ?Encode@CCodec_L6V5U5@D3DXTex@@UAEXIIPAUD3DXCOLOR@@@Z 0040c8e1 f   d3dx9:ccodec.obj
 0001:0000ba0b       ?Encode@CCodec_X8L8V8U8@D3DXTex@@UAEXIIPAUD3DXCOLOR@@@Z 0040ca0b f   d3dx9:ccodec.obj
 0001:0000bb3d       ?Encode@CCodec_Q8W8V8U8@D3DXTex@@UAEXIIPAUD3DXCOLOR@@@Z 0040cb3d f   d3dx9:ccodec.obj
 0001:0000bc9c       ?Encode@CCodec_V16U16@D3DXTex@@UAEXIIPAUD3DXCOLOR@@@Z 0040cc9c f   d3dx9:ccodec.obj
 0001:0000bd97       ?Encode@CCodec_A2W10V10U10@D3DXTex@@UAEXIIPAUD3DXCOLOR@@@Z 0040cd97 f   d3dx9:ccodec.obj
 0001:0000bef6       ?Encode@CCodec_Q16W16V16U16@D3DXTex@@UAEXIIPAUD3DXCOLOR@@@Z 0040cef6 f   d3dx9:ccodec.obj
 0001:0000c08d       ?Encode@CCodec_CxV8U8@D3DXTex@@UAEXIIPAUD3DXCOLOR@@@Z 0040d08d f   d3dx9:ccodec.obj
 0001:0000c192       ?Encode@CCodec_L16@D3DXTex@@UAEXIIPAUD3DXCOLOR@@@Z 0040d192 f   d3dx9:ccodec.obj
 0001:0000c192       ?Encode@CCodec_D16_LOCKABLE@D3DXTex@@UAEXIIPAUD3DXCOLOR@@@Z 0040d192 f   d3dx9:ccodec.obj
 0001:0000c27c       ?Encode@CCodec_R16F@D3DXTex@@UAEXIIPAUD3DXCOLOR@@@Z 0040d27c f   d3dx9:ccodec.obj
 0001:0000c2de       ?Encode@CCodec_G16R16F@D3DXTex@@UAEXIIPAUD3DXCOLOR@@@Z 0040d2de f   d3dx9:ccodec.obj
 0001:0000c341       ?Encode@CCodec_A16B16G16R16F@D3DXTex@@UAEXIIPAUD3DXCOLOR@@@Z 0040d341 f   d3dx9:ccodec.obj
 0001:0000c389       ?Encode@CCodec_R32F@D3DXTex@@UAEXIIPAUD3DXCOLOR@@@Z 0040d389 f   d3dx9:ccodec.obj
 0001:0000c389       ?Encode@CCodec_D32F_LOCKABLE@D3DXTex@@UAEXIIPAUD3DXCOLOR@@@Z 0040d389 f   d3dx9:ccodec.obj
 0001:0000c3de       ?Encode@CCodec_G32R32F@D3DXTex@@UAEXIIPAUD3DXCOLOR@@@Z 0040d3de f   d3dx9:ccodec.obj
 0001:0000c43b       ?Encode@CCodec_A32B32G32R32F@D3DXTex@@UAEXIIPAUD3DXCOLOR@@@Z 0040d43b f   d3dx9:ccodec.obj
 0001:0000c48e       ?Encode@CCodec_D3DX_A16L16@D3DXTex@@UAEXIIPAUD3DXCOLOR@@@Z 0040d48e f   d3dx9:ccodec.obj
 0001:0000c5a4       ?Encode@CCodec_D3DX_R16G16B16@D3DXTex@@UAEXIIPAUD3DXCOLOR@@@Z 0040d5a4 f   d3dx9:ccodec.obj
 0001:0000c6b7       ?Decode@CCodec_R8G8B8@D3DXTex@@UAEXIIPAUD3DXCOLOR@@@Z 0040d6b7 f   d3dx9:ccodec.obj
 0001:0000c75c       ?Decode@CCodec_A8R8G8B8@D3DXTex@@UAEXIIPAUD3DXCOLOR@@@Z 0040d75c f   d3dx9:ccodec.obj
 0001:0000c81b       ?Decode@CCodec_X8R8G8B8@D3DXTex@@UAEXIIPAUD3DXCOLOR@@@Z 0040d81b f   d3dx9:ccodec.obj
 0001:0000c8d0       ?Decode@CCodec_R5G6B5@D3DXTex@@UAEXIIPAUD3DXCOLOR@@@Z 0040d8d0 f   d3dx9:ccodec.obj
 0001:0000c98a       ?Decode@CCodec_X1R5G5B5@D3DXTex@@UAEXIIPAUD3DXCOLOR@@@Z 0040d98a f   d3dx9:ccodec.obj
 0001:0000ca41       ?Decode@CCodec_A1R5G5B5@D3DXTex@@UAEXIIPAUD3DXCOLOR@@@Z 0040da41 f   d3dx9:ccodec.obj
 0001:0000cb06       ?Decode@CCodec_A4R4G4B4@D3DXTex@@UAEXIIPAUD3DXCOLOR@@@Z 0040db06 f   d3dx9:ccodec.obj
 0001:0000cbca       ?Decode@CCodec_A2B10G10R10@D3DXTex@@UAEXIIPAUD3DXCOLOR@@@Z 0040dbca f   d3dx9:ccodec.obj
 0001:0000ccb9       ?Decode@CCodec_A8B8G8R8@D3DXTex@@UAEXIIPAUD3DXCOLOR@@@Z 0040dcb9 f   d3dx9:ccodec.obj
 0001:0000cd78       ?Decode@CCodec_X8B8G8R8@D3DXTex@@UAEXIIPAUD3DXCOLOR@@@Z 0040dd78 f   d3dx9:ccodec.obj
 0001:0000ce2d       ?Decode@CCodec_G16R16@D3DXTex@@UAEXIIPAUD3DXCOLOR@@@Z 0040de2d f   d3dx9:ccodec.obj
 0001:0000ced8       ?Decode@CCodec_A2R10G10B10@D3DXTex@@UAEXIIPAUD3DXCOLOR@@@Z 0040ded8 f   d3dx9:ccodec.obj
 0001:0000cfc7       ?Decode@CCodec_A16B16G16R16@D3DXTex@@UAEXIIPAUD3DXCOLOR@@@Z 0040dfc7 f   d3dx9:ccodec.obj
 0001:0000d0ce       ?Decode@CCodec_R3G3B2@D3DXTex@@UAEXIIPAUD3DXCOLOR@@@Z 0040e0ce f   d3dx9:ccodec.obj
 0001:0000d185       ?Decode@CCodec_A8@D3DXTex@@UAEXIIPAUD3DXCOLOR@@@Z 0040e185 f   d3dx9:ccodec.obj
 0001:0000d210       ?Decode@CCodec_A8R3G3B2@D3DXTex@@UAEXIIPAUD3DXCOLOR@@@Z 0040e210 f   d3dx9:ccodec.obj
 0001:0000d2d7       ??0CCodec_R8G8B8@D3DXTex@@QAE@PAUD3DX_BLT@@@Z 0040e2d7 f i d3dx9:ccodec.obj
 0001:0000d2f3       ?Decode@CCodec_X4R4G4B4@D3DXTex@@UAEXIIPAUD3DXCOLOR@@@Z 0040e2f3 f   d3dx9:ccodec.obj
 0001:0000d3a7       ??0CCodec_A8R8G8B8@D3DXTex@@QAE@PAUD3DX_BLT@@@Z 0040e3a7 f i d3dx9:ccodec.obj
 0001:0000d3c3       ?Decode@CCodec_A8P8@D3DXTex@@UAEXIIPAUD3DXCOLOR@@@Z 0040e3c3 f   d3dx9:ccodec.obj
 0001:0000d460       ??0CCodec_X8R8G8B8@D3DXTex@@QAE@PAUD3DX_BLT@@@Z 0040e460 f i d3dx9:ccodec.obj
 0001:0000d47c       ??0CCodec_R5G6B5@D3DXTex@@QAE@PAUD3DX_BLT@@@Z 0040e47c f i d3dx9:ccodec.obj
 0001:0000d498       ?Decode@CCodec_P8@D3DXTex@@UAEXIIPAUD3DXCOLOR@@@Z 0040e498 f   d3dx9:ccodec.obj
 0001:0000d514       ??_ECCodec_V8U8@D3DXTex@@UAEPAXI@Z 0040e514 f i d3dx9:ccodec.obj
 0001:0000d514       ??_GCCodec_A16B16G16R16@D3DXTex@@UAEPAXI@Z 0040e514 f i d3dx9:ccodec.obj
 0001:0000d514       ??_ECCodec_A16B16G16R16@D3DXTex@@UAEPAXI@Z 0040e514 f i d3dx9:ccodec.obj
 0001:0000d514       ??_ECCodec_D32F_LOCKABLE@D3DXTex@@UAEPAXI@Z 0040e514 f i d3dx9:ccodec.obj
 0001:0000d514       ??_ECCodec_A8L8@D3DXTex@@UAEPAXI@Z 0040e514 f i d3dx9:ccodec.obj
 0001:0000d514       ??_GCCodec_A1R5G5B5@D3DXTex@@UAEPAXI@Z 0040e514 f i d3dx9:ccodec.obj
 0001:0000d514       ??_GCCodec_A8B8G8R8@D3DXTex@@UAEPAXI@Z 0040e514 f i d3dx9:ccodec.obj
 0001:0000d514       ??_ECCodec_A8B8G8R8@D3DXTex@@UAEPAXI@Z 0040e514 f i d3dx9:ccodec.obj
 0001:0000d514       ??_ECCodec@D3DXTex@@UAEPAXI@Z 0040e514 f i d3dx9:ccodec.obj
 0001:0000d514       ??_ECCodec_A2W10V10U10@D3DXTex@@UAEPAXI@Z 0040e514 f i d3dx9:ccodec.obj
 0001:0000d514       ??_ECCodec_R16F@D3DXTex@@UAEPAXI@Z 0040e514 f i d3dx9:ccodec.obj
 0001:0000d514       ??_ECCodec_P8@D3DXTex@@UAEPAXI@Z 0040e514 f i d3dx9:ccodec.obj
 0001:0000d514       ??_GCCodec_A8@D3DXTex@@UAEPAXI@Z 0040e514 f i d3dx9:ccodec.obj
 0001:0000d514       ??_ECCodec_A4L4@D3DXTex@@UAEPAXI@Z 0040e514 f i d3dx9:ccodec.obj
 0001:0000d514       ??_GCCodec_A4L4@D3DXTex@@UAEPAXI@Z 0040e514 f i d3dx9:ccodec.obj
 0001:0000d514       ??_ECCodec_X8B8G8R8@D3DXTex@@UAEPAXI@Z 0040e514 f i d3dx9:ccodec.obj
 0001:0000d514       ??_ECCodec_A8R8G8B8@D3DXTex@@UAEPAXI@Z 0040e514 f i d3dx9:ccodec.obj
 0001:0000d514       ??_GCCodec_R8G8B8@D3DXTex@@UAEPAXI@Z 0040e514 f i d3dx9:ccodec.obj
 0001:0000d514       ??_ECCodec_D3DX_A16L16@D3DXTex@@UAEPAXI@Z 0040e514 f i d3dx9:ccodec.obj
 0001:0000d514       ??_GCCodec_X8B8G8R8@D3DXTex@@UAEPAXI@Z 0040e514 f i d3dx9:ccodec.obj
 0001:0000d514       ??_ECCodec_G16R16@D3DXTex@@UAEPAXI@Z 0040e514 f i d3dx9:ccodec.obj
 0001:0000d514       ??_ECCodec_G16R16F@D3DXTex@@UAEPAXI@Z 0040e514 f i d3dx9:ccodec.obj
 0001:0000d514       ??_ECCodec_X1R5G5B5@D3DXTex@@UAEPAXI@Z 0040e514 f i d3dx9:ccodec.obj
 0001:0000d514       ??_GCCodec_R5G6B5@D3DXTex@@UAEPAXI@Z 0040e514 f i d3dx9:ccodec.obj
 0001:0000d514       ??_GCCodec_X1R5G5B5@D3DXTex@@UAEPAXI@Z 0040e514 f i d3dx9:ccodec.obj
 0001:0000d514       ??_GCCodec_G16R16F@D3DXTex@@UAEPAXI@Z 0040e514 f i d3dx9:ccodec.obj
 0001:0000d514       ??_GCCodec_D32F_LOCKABLE@D3DXTex@@UAEPAXI@Z 0040e514 f i d3dx9:ccodec.obj
 0001:0000d514       ??_GCCodec_L8@D3DXTex@@UAEPAXI@Z 0040e514 f i d3dx9:ccodec.obj
 0001:0000d514       ??_GCCodec_R32F@D3DXTex@@UAEPAXI@Z 0040e514 f i d3dx9:ccodec.obj
 0001:0000d514       ??_GCCodec_D3DX_A16L16@D3DXTex@@UAEPAXI@Z 0040e514 f i d3dx9:ccodec.obj
 0001:0000d514       ??_GCCodec_G16R16@D3DXTex@@UAEPAXI@Z 0040e514 f i d3dx9:ccodec.obj
 0001:0000d514       ??_GCCodec_Q16W16V16U16@D3DXTex@@UAEPAXI@Z 0040e514 f i d3dx9:ccodec.obj
 0001:0000d514       ??_GCCodec_L16@D3DXTex@@UAEPAXI@Z 0040e514 f i d3dx9:ccodec.obj
 0001:0000d514       ??_ECCodec_A8P8@D3DXTex@@UAEPAXI@Z 0040e514 f i d3dx9:ccodec.obj
 0001:0000d514       ??_ECCodec_X4R4G4B4@D3DXTex@@UAEPAXI@Z 0040e514 f i d3dx9:ccodec.obj
 0001:0000d514       ??_GCCodec_A16B16G16R16F@D3DXTex@@UAEPAXI@Z 0040e514 f i d3dx9:ccodec.obj
 0001:0000d514       ??_ECCodec_Q16W16V16U16@D3DXTex@@UAEPAXI@Z 0040e514 f i d3dx9:ccodec.obj
 0001:0000d514       ??_GCCodec_X4R4G4B4@D3DXTex@@UAEPAXI@Z 0040e514 f i d3dx9:ccodec.obj
 0001:0000d514       ??_GCCodec_G32R32F@D3DXTex@@UAEPAXI@Z 0040e514 f i d3dx9:ccodec.obj
 0001:0000d514       ??_GCCodec_V16U16@D3DXTex@@UAEPAXI@Z 0040e514 f i d3dx9:ccodec.obj
 0001:0000d514       ??_ECCodec_A2B10G10R10@D3DXTex@@UAEPAXI@Z 0040e514 f i d3dx9:ccodec.obj
 0001:0000d514       ??_GCCodec_X8L8V8U8@D3DXTex@@UAEPAXI@Z 0040e514 f i d3dx9:ccodec.obj
 0001:0000d514       ??_ECCodec_A16B16G16R16F@D3DXTex@@UAEPAXI@Z 0040e514 f i d3dx9:ccodec.obj
 0001:0000d514       ??_ECCodec_D16_LOCKABLE@D3DXTex@@UAEPAXI@Z 0040e514 f i d3dx9:ccodec.obj
 0001:0000d514       ??_GCCodec_A2B10G10R10@D3DXTex@@UAEPAXI@Z 0040e514 f i d3dx9:ccodec.obj
 0001:0000d514       ??_ECCodec_A4R4G4B4@D3DXTex@@UAEPAXI@Z 0040e514 f i d3dx9:ccodec.obj
 0001:0000d514       ??_ECCodec_A8R3G3B2@D3DXTex@@UAEPAXI@Z 0040e514 f i d3dx9:ccodec.obj
 0001:0000d514       ??_GCCodec_Q8W8V8U8@D3DXTex@@UAEPAXI@Z 0040e514 f i d3dx9:ccodec.obj
 0001:0000d514       ??_ECCodec_R32F@D3DXTex@@UAEPAXI@Z 0040e514 f i d3dx9:ccodec.obj
 0001:0000d514       ??_GCCodec_A4R4G4B4@D3DXTex@@UAEPAXI@Z 0040e514 f i d3dx9:ccodec.obj
 0001:0000d514       ??_ECCodec_A1R5G5B5@D3DXTex@@UAEPAXI@Z 0040e514 f i d3dx9:ccodec.obj
 0001:0000d514       ??_ECCodec_CxV8U8@D3DXTex@@UAEPAXI@Z 0040e514 f i d3dx9:ccodec.obj
 0001:0000d514       ??_ECCodec_L8@D3DXTex@@UAEPAXI@Z 0040e514 f i d3dx9:ccodec.obj
 0001:0000d514       ??_ECCodec_R8G8B8@D3DXTex@@UAEPAXI@Z 0040e514 f i d3dx9:ccodec.obj
 0001:0000d514       ??_GCCodec_A2R10G10B10@D3DXTex@@UAEPAXI@Z 0040e514 f i d3dx9:ccodec.obj
 0001:0000d514       ??_GCCodec_P8@D3DXTex@@UAEPAXI@Z 0040e514 f i d3dx9:ccodec.obj
 0001:0000d514       ??_GCCodec_X8R8G8B8@D3DXTex@@UAEPAXI@Z 0040e514 f i d3dx9:ccodec.obj
 0001:0000d514       ??_GCCodec_A8L8@D3DXTex@@UAEPAXI@Z 0040e514 f i d3dx9:ccodec.obj
 0001:0000d514       ??_GCCodec_A8R8G8B8@D3DXTex@@UAEPAXI@Z 0040e514 f i d3dx9:ccodec.obj
 0001:0000d514       ??_GCCodec_L6V5U5@D3DXTex@@UAEPAXI@Z 0040e514 f i d3dx9:ccodec.obj
 0001:0000d514       ??_GCCodec@D3DXTex@@UAEPAXI@Z 0040e514 f i d3dx9:ccodec.obj
 0001:0000d514       ??_ECCodec_L6V5U5@D3DXTex@@UAEPAXI@Z 0040e514 f i d3dx9:ccodec.obj
 0001:0000d514       ??_ECCodec_G32R32F@D3DXTex@@UAEPAXI@Z 0040e514 f i d3dx9:ccodec.obj
 0001:0000d514       ??_ECCodec_X8R8G8B8@D3DXTex@@UAEPAXI@Z 0040e514 f i d3dx9:ccodec.obj
 0001:0000d514       ??_ECCodec_X8L8V8U8@D3DXTex@@UAEPAXI@Z 0040e514 f i d3dx9:ccodec.obj
 0001:0000d514       ??_ECCodec_A32B32G32R32F@D3DXTex@@UAEPAXI@Z 0040e514 f i d3dx9:ccodec.obj
 0001:0000d514       ??_GCCodec_A8R3G3B2@D3DXTex@@UAEPAXI@Z 0040e514 f i d3dx9:ccodec.obj
 0001:0000d514       ??_ECCodec_L16@D3DXTex@@UAEPAXI@Z 0040e514 f i d3dx9:ccodec.obj
 0001:0000d514       ??_ECCodec_R5G6B5@D3DXTex@@UAEPAXI@Z 0040e514 f i d3dx9:ccodec.obj
 0001:0000d514       ??_GCCodec_R3G3B2@D3DXTex@@UAEPAXI@Z 0040e514 f i d3dx9:ccodec.obj
 0001:0000d514       ??_ECCodec_V16U16@D3DXTex@@UAEPAXI@Z 0040e514 f i d3dx9:ccodec.obj
 0001:0000d514       ??_GCCodec_R16F@D3DXTex@@UAEPAXI@Z 0040e514 f i d3dx9:ccodec.obj
 0001:0000d514       ??_GCCodec_D3DX_R16G16B16@D3DXTex@@UAEPAXI@Z 0040e514 f i d3dx9:ccodec.obj
 0001:0000d514       ??_GCCodec_A32B32G32R32F@D3DXTex@@UAEPAXI@Z 0040e514 f i d3dx9:ccodec.obj
 0001:0000d514       ??_ECCodec_Q8W8V8U8@D3DXTex@@UAEPAXI@Z 0040e514 f i d3dx9:ccodec.obj
 0001:0000d514       ??_GCCodec_A8P8@D3DXTex@@UAEPAXI@Z 0040e514 f i d3dx9:ccodec.obj
 0001:0000d514       ??_GCCodec_D16_LOCKABLE@D3DXTex@@UAEPAXI@Z 0040e514 f i d3dx9:ccodec.obj
 0001:0000d514       ??_ECCodec_R3G3B2@D3DXTex@@UAEPAXI@Z 0040e514 f i d3dx9:ccodec.obj
 0001:0000d514       ??_GCCodec_V8U8@D3DXTex@@UAEPAXI@Z 0040e514 f i d3dx9:ccodec.obj
 0001:0000d514       ??_ECCodec_A2R10G10B10@D3DXTex@@UAEPAXI@Z 0040e514 f i d3dx9:ccodec.obj
 0001:0000d514       ??_GCCodec_CxV8U8@D3DXTex@@UAEPAXI@Z 0040e514 f i d3dx9:ccodec.obj
 0001:0000d514       ??_ECCodec_A8@D3DXTex@@UAEPAXI@Z 0040e514 f i d3dx9:ccodec.obj
 0001:0000d514       ??_ECCodec_D3DX_R16G16B16@D3DXTex@@UAEPAXI@Z 0040e514 f i d3dx9:ccodec.obj
 0001:0000d514       ??_GCCodec_A2W10V10U10@D3DXTex@@UAEPAXI@Z 0040e514 f i d3dx9:ccodec.obj
 0001:0000d530       ??0CCodec_X1R5G5B5@D3DXTex@@QAE@PAUD3DX_BLT@@@Z 0040e530 f i d3dx9:ccodec.obj
 0001:0000d54c       ?Decode@CCodec_L8@D3DXTex@@UAEXIIPAUD3DXCOLOR@@@Z 0040e54c f   d3dx9:ccodec.obj
 0001:0000d5d3       ??0CCodec_A1R5G5B5@D3DXTex@@QAE@PAUD3DX_BLT@@@Z 0040e5d3 f i d3dx9:ccodec.obj
 0001:0000d5ef       ?Decode@CCodec_A8L8@D3DXTex@@UAEXIIPAUD3DXCOLOR@@@Z 0040e5ef f   d3dx9:ccodec.obj
 0001:0000d68d       ??0CCodec_A4R4G4B4@D3DXTex@@QAE@PAUD3DX_BLT@@@Z 0040e68d f i d3dx9:ccodec.obj
 0001:0000d6a9       ?Decode@CCodec_A4L4@D3DXTex@@UAEXIIPAUD3DXCOLOR@@@Z 0040e6a9 f   d3dx9:ccodec.obj
 0001:0000d747       ??0CCodec_R3G3B2@D3DXTex@@QAE@PAUD3DX_BLT@@@Z 0040e747 f i d3dx9:ccodec.obj
 0001:0000d763       ?Decode@CCodec_L16@D3DXTex@@UAEXIIPAUD3DXCOLOR@@@Z 0040e763 f   d3dx9:ccodec.obj
 0001:0000d763       ?Decode@CCodec_D16_LOCKABLE@D3DXTex@@UAEXIIPAUD3DXCOLOR@@@Z 0040e763 f   d3dx9:ccodec.obj
 0001:0000d7ec       ??0CCodec_A8@D3DXTex@@QAE@PAUD3DX_BLT@@@Z 0040e7ec f i d3dx9:ccodec.obj
 0001:0000d808       ?Decode@CCodec_V8U8@D3DXTex@@UAEXIIPAUD3DXCOLOR@@@Z 0040e808 f   d3dx9:ccodec.obj
 0001:0000d8c3       ??0CCodec_A8R3G3B2@D3DXTex@@QAE@PAUD3DX_BLT@@@Z 0040e8c3 f i d3dx9:ccodec.obj
 0001:0000d8df       ??0CCodec_X4R4G4B4@D3DXTex@@QAE@PAUD3DX_BLT@@@Z 0040e8df f i d3dx9:ccodec.obj
 0001:0000d8fb       ?Decode@CCodec_L6V5U5@D3DXTex@@UAEXIIPAUD3DXCOLOR@@@Z 0040e8fb f   d3dx9:ccodec.obj
 0001:0000d9db       ??0CCodec_A2B10G10R10@D3DXTex@@QAE@PAUD3DX_BLT@@@Z 0040e9db f i d3dx9:ccodec.obj
 0001:0000d9f7       ?Decode@CCodec_X8L8V8U8@D3DXTex@@UAEXIIPAUD3DXCOLOR@@@Z 0040e9f7 f   d3dx9:ccodec.obj
 0001:0000dac3       ??0CCodec_A8B8G8R8@D3DXTex@@QAE@PAUD3DX_BLT@@@Z 0040eac3 f i d3dx9:ccodec.obj
 0001:0000dadf       ??0CCodec_X8B8G8R8@D3DXTex@@QAE@PAUD3DX_BLT@@@Z 0040eadf f i d3dx9:ccodec.obj
 0001:0000dafb       ?Decode@CCodec_Q8W8V8U8@D3DXTex@@UAEXIIPAUD3DXCOLOR@@@Z 0040eafb f   d3dx9:ccodec.obj
 0001:0000dbf6       ??0CCodec_G16R16@D3DXTex@@QAE@PAUD3DX_BLT@@@Z 0040ebf6 f i d3dx9:ccodec.obj
 0001:0000dc12       ?Decode@CCodec_V16U16@D3DXTex@@UAEXIIPAUD3DXCOLOR@@@Z 0040ec12 f   d3dx9:ccodec.obj
 0001:0000dcd4       ??0CCodec_A2R10G10B10@D3DXTex@@QAE@PAUD3DX_BLT@@@Z 0040ecd4 f i d3dx9:ccodec.obj
 0001:0000dcf0       ??0CCodec_A16B16G16R16@D3DXTex@@QAE@PAUD3DX_BLT@@@Z 0040ecf0 f i d3dx9:ccodec.obj
 0001:0000dd0c       ?Decode@CCodec_A2W10V10U10@D3DXTex@@UAEXIIPAUD3DXCOLOR@@@Z 0040ed0c f   d3dx9:ccodec.obj
 0001:0000de25       ??0CCodec_A8P8@D3DXTex@@QAE@PAUD3DX_BLT@@@Z 0040ee25 f i d3dx9:ccodec.obj
 0001:0000de41       ??0CCodec_P8@D3DXTex@@QAE@PAUD3DX_BLT@@@Z 0040ee41 f i d3dx9:ccodec.obj
 0001:0000de5d       ?Decode@CCodec_Q16W16V16U16@D3DXTex@@UAEXIIPAUD3DXCOLOR@@@Z 0040ee5d f   d3dx9:ccodec.obj
 0001:0000df74       ??0CCodec_L8@D3DXTex@@QAE@PAUD3DX_BLT@@@Z 0040ef74 f i d3dx9:ccodec.obj
 0001:0000df90       ?Decode@CCodec_CxV8U8@D3DXTex@@UAEXIIPAUD3DXCOLOR@@@Z 0040ef90 f   d3dx9:ccodec.obj
 0001:0000e071       ??0CCodec_A8L8@D3DXTex@@QAE@PAUD3DX_BLT@@@Z 0040f071 f i d3dx9:ccodec.obj
 0001:0000e08d       ??0CCodec_A4L4@D3DXTex@@QAE@PAUD3DX_BLT@@@Z 0040f08d f i d3dx9:ccodec.obj
 0001:0000e0a9       ??0CCodec_V8U8@D3DXTex@@QAE@PAUD3DX_BLT@@@Z 0040f0a9 f i d3dx9:ccodec.obj
 0001:0000e0c5       ?Decode@CCodec_R16F@D3DXTex@@UAEXIIPAUD3DXCOLOR@@@Z 0040f0c5 f   d3dx9:ccodec.obj
 0001:0000e156       ??0CCodec_L6V5U5@D3DXTex@@QAE@PAUD3DX_BLT@@@Z 0040f156 f i d3dx9:ccodec.obj
 0001:0000e172       ??0CCodec_X8L8V8U8@D3DXTex@@QAE@PAUD3DX_BLT@@@Z 0040f172 f i d3dx9:ccodec.obj
 0001:0000e18e       ?Decode@CCodec_G16R16F@D3DXTex@@UAEXIIPAUD3DXCOLOR@@@Z 0040f18e f   d3dx9:ccodec.obj
 0001:0000e21b       ??0CCodec_Q8W8V8U8@D3DXTex@@QAE@PAUD3DX_BLT@@@Z 0040f21b f i d3dx9:ccodec.obj
 0001:0000e237       ?Decode@CCodec_A16B16G16R16F@D3DXTex@@UAEXIIPAUD3DXCOLOR@@@Z 0040f237 f   d3dx9:ccodec.obj
 0001:0000e28e       ?Decode@CCodec_D32F_LOCKABLE@D3DXTex@@UAEXIIPAUD3DXCOLOR@@@Z 0040f28e f   d3dx9:ccodec.obj
 0001:0000e28e       ?Decode@CCodec_R32F@D3DXTex@@UAEXIIPAUD3DXCOLOR@@@Z 0040f28e f   d3dx9:ccodec.obj
 0001:0000e30e       ??0CCodec_V16U16@D3DXTex@@QAE@PAUD3DX_BLT@@@Z 0040f30e f i d3dx9:ccodec.obj
 0001:0000e32a       ?Decode@CCodec_G32R32F@D3DXTex@@UAEXIIPAUD3DXCOLOR@@@Z 0040f32a f   d3dx9:ccodec.obj
 0001:0000e3ab       ?Decode@CCodec_A32B32G32R32F@D3DXTex@@UAEXIIPAUD3DXCOLOR@@@Z 0040f3ab f   d3dx9:ccodec.obj
 0001:0000e40d       ?Decode@CCodec_D3DX_A16L16@D3DXTex@@UAEXIIPAUD3DXCOLOR@@@Z 0040f40d f   d3dx9:ccodec.obj
 0001:0000e4b4       ??0CCodec_A2W10V10U10@D3DXTex@@QAE@PAUD3DX_BLT@@@Z 0040f4b4 f i d3dx9:ccodec.obj
 0001:0000e4d0       ??0CCodec_Q16W16V16U16@D3DXTex@@QAE@PAUD3DX_BLT@@@Z 0040f4d0 f i d3dx9:ccodec.obj
 0001:0000e4ec       ?Decode@CCodec_D3DX_R16G16B16@D3DXTex@@UAEXIIPAUD3DXCOLOR@@@Z 0040f4ec f   d3dx9:ccodec.obj
 0001:0000e591       ??0CCodec_CxV8U8@D3DXTex@@QAE@PAUD3DX_BLT@@@Z 0040f591 f i d3dx9:ccodec.obj
 0001:0000e5ad       ??0CCodecYUV@D3DXTex@@QAE@PAUD3DX_BLT@@@Z 0040f5ad f   d3dx9:ccodec.obj
 0001:0000e69f       ??0CCodec_D16_LOCKABLE@D3DXTex@@QAE@PAUD3DX_BLT@@@Z 0040f69f f i d3dx9:ccodec.obj
 0001:0000e69f       ??0CCodec_L16@D3DXTex@@QAE@PAUD3DX_BLT@@@Z 0040f69f f i d3dx9:ccodec.obj
 0001:0000e6bb       ??0CCodec_R16F@D3DXTex@@QAE@PAUD3DX_BLT@@@Z 0040f6bb f i d3dx9:ccodec.obj
 0001:0000e6d7       ?Commit@CCodecYUV@D3DXTex@@QAEJXZ 0040f6d7 f   d3dx9:ccodec.obj
 0001:0000e9e7       ??0CCodec_G16R16F@D3DXTex@@QAE@PAUD3DX_BLT@@@Z 0040f9e7 f i d3dx9:ccodec.obj
 0001:0000ea03       ??0CCodec_A16B16G16R16F@D3DXTex@@QAE@PAUD3DX_BLT@@@Z 0040fa03 f i d3dx9:ccodec.obj
 0001:0000ea1f       ??0CCodec_R32F@D3DXTex@@QAE@PAUD3DX_BLT@@@Z 0040fa1f f i d3dx9:ccodec.obj
 0001:0000ea1f       ??0CCodec_D32F_LOCKABLE@D3DXTex@@QAE@PAUD3DX_BLT@@@Z 0040fa1f f i d3dx9:ccodec.obj
 0001:0000ea3b       ??0CCodec_G32R32F@D3DXTex@@QAE@PAUD3DX_BLT@@@Z 0040fa3b f i d3dx9:ccodec.obj
 0001:0000ea57       ?Fetch@CCodecYUV@D3DXTex@@QAEJIIH@Z 0040fa57 f   d3dx9:ccodec.obj
 0001:0000ee23       ??0CCodec_A32B32G32R32F@D3DXTex@@QAE@PAUD3DX_BLT@@@Z 0040fe23 f i d3dx9:ccodec.obj
 0001:0000ee42       ??0CCodec_D3DX_A16L16@D3DXTex@@QAE@PAUD3DX_BLT@@@Z 0040fe42 f i d3dx9:ccodec.obj
 0001:0000ee5e       ??0CCodec_D3DX_R16G16B16@D3DXTex@@QAE@PAUD3DX_BLT@@@Z 0040fe5e f i d3dx9:ccodec.obj
 0001:0000ee7a       ?Encode@CCodecYUV@D3DXTex@@UAEXIIPAUD3DXCOLOR@@@Z 0040fe7a f   d3dx9:ccodec.obj
 0001:0000ef18       ?Decode@CCodecYUV@D3DXTex@@UAEXIIPAUD3DXCOLOR@@@Z 0040ff18 f   d3dx9:ccodec.obj
 0001:0000ef97       ??0CCodecDXT@D3DXTex@@QAE@PAUD3DX_BLT@@@Z 0040ff97 f   d3dx9:ccodec.obj
 0001:0000f183       ??0CCodec_DXT4@D3DXTex@@QAE@PAUD3DX_BLT@@@Z 00410183 f i d3dx9:ccodec.obj
 0001:0000f183       ??0CCodec_DXT1@D3DXTex@@QAE@PAUD3DX_BLT@@@Z 00410183 f i d3dx9:ccodec.obj
 0001:0000f183       ??0CCodec_DXT2@D3DXTex@@QAE@PAUD3DX_BLT@@@Z 00410183 f i d3dx9:ccodec.obj
 0001:0000f183       ??0CCodec_DXT3@D3DXTex@@QAE@PAUD3DX_BLT@@@Z 00410183 f i d3dx9:ccodec.obj
 0001:0000f183       ??0CCodec_DXT5@D3DXTex@@QAE@PAUD3DX_BLT@@@Z 00410183 f i d3dx9:ccodec.obj
 0001:0000f19b       ??_GCCodec_DXT1@D3DXTex@@UAEPAXI@Z 0041019b f i d3dx9:ccodec.obj
 0001:0000f19b       ??_GCCodecDXT@D3DXTex@@UAEPAXI@Z 0041019b f i d3dx9:ccodec.obj
 0001:0000f19b       ??_GCCodec_DXT3@D3DXTex@@UAEPAXI@Z 0041019b f i d3dx9:ccodec.obj
 0001:0000f19b       ??_GCCodec_DXT2@D3DXTex@@UAEPAXI@Z 0041019b f i d3dx9:ccodec.obj
 0001:0000f19b       ??_ECCodec_DXT5@D3DXTex@@UAEPAXI@Z 0041019b f i d3dx9:ccodec.obj
 0001:0000f19b       ??_GCCodec_DXT5@D3DXTex@@UAEPAXI@Z 0041019b f i d3dx9:ccodec.obj
 0001:0000f19b       ??_ECCodec_DXT1@D3DXTex@@UAEPAXI@Z 0041019b f i d3dx9:ccodec.obj
 0001:0000f19b       ??_ECCodec_DXT3@D3DXTex@@UAEPAXI@Z 0041019b f i d3dx9:ccodec.obj
 0001:0000f19b       ??_GCCodec_DXT4@D3DXTex@@UAEPAXI@Z 0041019b f i d3dx9:ccodec.obj
 0001:0000f19b       ??_ECCodec_DXT2@D3DXTex@@UAEPAXI@Z 0041019b f i d3dx9:ccodec.obj
 0001:0000f19b       ??_ECCodecDXT@D3DXTex@@UAEPAXI@Z 0041019b f i d3dx9:ccodec.obj
 0001:0000f19b       ??_ECCodec_DXT4@D3DXTex@@UAEPAXI@Z 0041019b f i d3dx9:ccodec.obj
 0001:0000f1b7       ?Encode@CCodecDXT@D3DXTex@@UAEXIIPAUD3DXCOLOR@@@Z 004101b7 f   d3dx9:ccodec.obj
 0001:0000f5fc       ?Decode@CCodecDXT@D3DXTex@@UAEXIIPAUD3DXCOLOR@@@Z 004105fc f   d3dx9:ccodec.obj
 0001:0000f8bb       ??1CCodecYUV@D3DXTex@@UAE@XZ 004108bb f   d3dx9:ccodec.obj
 0001:0000f8e2       ??0CCodec_G8R8_G8B8@D3DXTex@@QAE@PAUD3DX_BLT@@@Z 004108e2 f i d3dx9:ccodec.obj
 0001:0000f8e2       ??0CCodec_UYVY@D3DXTex@@QAE@PAUD3DX_BLT@@@Z 004108e2 f i d3dx9:ccodec.obj
 0001:0000f8e2       ??0CCodec_R8G8_B8G8@D3DXTex@@QAE@PAUD3DX_BLT@@@Z 004108e2 f i d3dx9:ccodec.obj
 0001:0000f8e2       ??0CCodec_YUY2@D3DXTex@@QAE@PAUD3DX_BLT@@@Z 004108e2 f i d3dx9:ccodec.obj
 0001:0000f8fa       ?Create@CCodec@D3DXTex@@SGPAV12@PAUD3DX_BLT@@@Z 004108fa f   d3dx9:ccodec.obj
 0001:000100a6       ??_ECCodec_YUY2@D3DXTex@@UAEPAXI@Z 004110a6 f i d3dx9:ccodec.obj
 0001:000100a6       ??_ECCodec_R8G8_B8G8@D3DXTex@@UAEPAXI@Z 004110a6 f i d3dx9:ccodec.obj
 0001:000100a6       ??_ECCodec_UYVY@D3DXTex@@UAEPAXI@Z 004110a6 f i d3dx9:ccodec.obj
 0001:000100a6       ??_ECCodec_G8R8_G8B8@D3DXTex@@UAEPAXI@Z 004110a6 f i d3dx9:ccodec.obj
 0001:000100a6       ??_ECCodecYUV@D3DXTex@@UAEPAXI@Z 004110a6 f i d3dx9:ccodec.obj
 0001:000100a6       ??_GCCodecYUV@D3DXTex@@UAEPAXI@Z 004110a6 f i d3dx9:ccodec.obj
 0001:000100a6       ??_GCCodec_R8G8_B8G8@D3DXTex@@UAEPAXI@Z 004110a6 f i d3dx9:ccodec.obj
 0001:000100a6       ??_GCCodec_UYVY@D3DXTex@@UAEPAXI@Z 004110a6 f i d3dx9:ccodec.obj
 0001:000100a6       ??_GCCodec_G8R8_G8B8@D3DXTex@@UAEPAXI@Z 004110a6 f i d3dx9:ccodec.obj
 0001:000100a6       ??_GCCodec_YUY2@D3DXTex@@UAEPAXI@Z 004110a6 f i d3dx9:ccodec.obj
 0001:000100f2       ?init_D3DXFloat32To16Array@@YGPAUD3DXFLOAT16@@PAU1@PBMI@Z 004110f2 f   d3dx9:d3dxmath.obj
 0001:000100ff       _D3DXFloat32To16Array@12   004110ff f   d3dx9:d3dxmath.obj
 0001:00010105       ?c_D3DXFloat32To16Array@@YGPAUD3DXFLOAT16@@PAU1@PBMI@Z 00411105 f   d3dx9:d3dxmath.obj
 0001:00010194       ?init_D3DXFloat16To32Array@@YGPAMPAMPBUD3DXFLOAT16@@I@Z 00411194 f   d3dx9:d3dxmath.obj
 0001:000101a1       _D3DXFloat16To32Array@12   004111a1 f   d3dx9:d3dxmath.obj
 0001:000101a7       ?c_D3DXFloat16To32Array@@YGPAMPAMPBUD3DXFLOAT16@@I@Z 004111a7 f   d3dx9:d3dxmath.obj
 0001:0001024c       ?init_D3DXVec2Normalize@@YGPAUD3DXVECTOR2@@PAU1@PBU1@@Z 0041124c f   d3dx9:d3dxmath.obj
 0001:00010259       ?init_D3DXVec2Hermite@@YGPAUD3DXVECTOR2@@PAU1@PBU1@111M@Z 00411259 f   d3dx9:d3dxmath.obj
 0001:00010283       ?c_D3DXVec2Hermite@@YGPAUD3DXVECTOR2@@PAU1@PBU1@111M@Z 00411283 f   d3dx9:d3dxmath.obj
 0001:00010311       ?init_D3DXVec2CatmullRom@@YGPAUD3DXVECTOR2@@PAU1@PBU1@111M@Z 00411311 f   d3dx9:d3dxmath.obj
 0001:0001033b       ?c_D3DXVec2CatmullRom@@YGPAUD3DXVECTOR2@@PAU1@PBU1@111M@Z 0041133b f   d3dx9:d3dxmath.obj
 0001:000103ea       ?init_D3DXVec2BaryCentric@@YGPAUD3DXVECTOR2@@PAU1@PBU1@11MM@Z 004113ea f   d3dx9:d3dxmath.obj
 0001:00010419       ?c_D3DXVec2BaryCentric@@YGPAUD3DXVECTOR2@@PAU1@PBU1@11MM@Z 00411419 f   d3dx9:d3dxmath.obj
 0001:0001045c       ?init_D3DXVec2Transform@@YGPAUD3DXVECTOR4@@PAU1@PBUD3DXVECTOR2@@PBUD3DXMATRIX@@@Z 0041145c f   d3dx9:d3dxmath.obj
 0001:00010469       _D3DXVec2Transform@12      00411469 f   d3dx9:d3dxmath.obj
 0001:0001046f       ?init_D3DXVec2TransformArray@@YGPAUD3DXVECTOR4@@PAU1@IPBUD3DXVECTOR2@@IPBUD3DXMATRIX@@I@Z 0041146f f   d3dx9:d3dxmath.obj
 0001:00010480       ?init_D3DXVec2TransformCoord@@YGPAUD3DXVECTOR2@@PAU1@PBU1@PBUD3DXMATRIX@@@Z 00411480 f   d3dx9:d3dxmath.obj
 0001:0001048d       _D3DXVec2TransformCoord@12 0041148d f   d3dx9:d3dxmath.obj
 0001:00010493       ?init_D3DXVec2TransformCoordArray@@YGPAUD3DXVECTOR2@@PAU1@IPBU1@IPBUD3DXMATRIX@@I@Z 00411493 f   d3dx9:d3dxmath.obj
 0001:000104a4       ?init_D3DXVec2TransformNormal@@YGPAUD3DXVECTOR2@@PAU1@PBU1@PBUD3DXMATRIX@@@Z 004114a4 f   d3dx9:d3dxmath.obj
 0001:000104b1       _D3DXVec2TransformNormal@12 004114b1 f   d3dx9:d3dxmath.obj
 0001:000104b7       ?init_D3DXVec2TransformNormalArray@@YGPAUD3DXVECTOR2@@PAU1@IPBU1@IPBUD3DXMATRIX@@I@Z 004114b7 f   d3dx9:d3dxmath.obj
 0001:000104c8       ?init_D3DXVec3Normalize@@YGPAUD3DXVECTOR3@@PAU1@PBU1@@Z 004114c8 f   d3dx9:d3dxmath.obj
 0001:000104d5       _D3DXVec3Normalize@8       004114d5 f   d3dx9:d3dxmath.obj
 0001:000104db       ?init_D3DXVec3Hermite@@YGPAUD3DXVECTOR3@@PAU1@PBU1@111M@Z 004114db f   d3dx9:d3dxmath.obj
 0001:00010505       ?c_D3DXVec3Hermite@@YGPAUD3DXVECTOR3@@PAU1@PBU1@111M@Z 00411505 f   d3dx9:d3dxmath.obj
 0001:000105b3       ?init_D3DXVec3CatmullRom@@YGPAUD3DXVECTOR3@@PAU1@PBU1@111M@Z 004115b3 f   d3dx9:d3dxmath.obj
 0001:000105dd       ?c_D3DXVec3CatmullRom@@YGPAUD3DXVECTOR3@@PAU1@PBU1@111M@Z 004115dd f   d3dx9:d3dxmath.obj
 0001:000106ae       ?init_D3DXVec3BaryCentric@@YGPAUD3DXVECTOR3@@PAU1@PBU1@11MM@Z 004116ae f   d3dx9:d3dxmath.obj
 0001:000106dd       ?c_D3DXVec3BaryCentric@@YGPAUD3DXVECTOR3@@PAU1@PBU1@11MM@Z 004116dd f   d3dx9:d3dxmath.obj
 0001:0001073a       ?init_D3DXVec3Transform@@YGPAUD3DXVECTOR4@@PAU1@PBUD3DXVECTOR3@@PBUD3DXMATRIX@@@Z 0041173a f   d3dx9:d3dxmath.obj
 0001:00010747       ?c_D3DXVec3Transform@@YGPAUD3DXVECTOR4@@PAU1@PBUD3DXVECTOR3@@PBUD3DXMATRIX@@@Z 00411747 f   d3dx9:d3dxmath.obj
 0001:000107d2       ?init_D3DXVec3TransformArray@@YGPAUD3DXVECTOR4@@PAU1@IPBUD3DXVECTOR3@@IPBUD3DXMATRIX@@I@Z 004117d2 f   d3dx9:d3dxmath.obj
 0001:000107e3       ?c_D3DXVec3TransformArray@@YGPAUD3DXVECTOR4@@PAU1@IPBUD3DXVECTOR3@@IPBUD3DXMATRIX@@I@Z 004117e3 f   d3dx9:d3dxmath.obj
 0001:0001088a       ?init_D3DXVec3TransformCoord@@YGPAUD3DXVECTOR3@@PAU1@PBU1@PBUD3DXMATRIX@@@Z 0041188a f   d3dx9:d3dxmath.obj
 0001:00010897       _D3DXVec3TransformCoord@12 00411897 f   d3dx9:d3dxmath.obj
 0001:0001089d       ?init_D3DXVec3TransformCoordArray@@YGPAUD3DXVECTOR3@@PAU1@IPBU1@IPBUD3DXMATRIX@@I@Z 0041189d f   d3dx9:d3dxmath.obj
 0001:000108ae       _D3DXVec3TransformCoordArray@24 004118ae f   d3dx9:d3dxmath.obj
 0001:000108b4       ?init_D3DXVec3TransformNormal@@YGPAUD3DXVECTOR3@@PAU1@PBU1@PBUD3DXMATRIX@@@Z 004118b4 f   d3dx9:d3dxmath.obj
 0001:000108c1       _D3DXVec3TransformNormal@12 004118c1 f   d3dx9:d3dxmath.obj
 0001:000108c7       ?c_D3DXVec3TransformNormal@@YGPAUD3DXVECTOR3@@PAU1@PBU1@PBUD3DXMATRIX@@@Z 004118c7 f   d3dx9:d3dxmath.obj
 0001:0001092d       ?init_D3DXVec3TransformNormalArray@@YGPAUD3DXVECTOR3@@PAU1@IPBU1@IPBUD3DXMATRIX@@I@Z 0041192d f   d3dx9:d3dxmath.obj
 0001:0001093e       ?c_D3DXVec3TransformNormalArray@@YGPAUD3DXVECTOR3@@PAU1@IPBU1@IPBUD3DXMATRIX@@I@Z 0041193e f   d3dx9:d3dxmath.obj
 0001:000109bc       ?init_D3DXVec3Project@@YGPAUD3DXVECTOR3@@PAU1@PBU1@PBU_D3DVIEWPORT9@@PBUD3DXMATRIX@@33@Z 004119bc f   d3dx9:d3dxmath.obj
 0001:000109cd       ?init_D3DXVec3ProjectArray@@YGPAUD3DXVECTOR3@@PAU1@IPBU1@IPBU_D3DVIEWPORT9@@PBUD3DXMATRIX@@33I@Z 004119cd f   d3dx9:d3dxmath.obj
 0001:000109de       ?init_D3DXVec3Unproject@@YGPAUD3DXVECTOR3@@PAU1@PBU1@PBU_D3DVIEWPORT9@@PBUD3DXMATRIX@@33@Z 004119de f   d3dx9:d3dxmath.obj
 0001:000109ef       ?init_D3DXVec3UnprojectArray@@YGPAUD3DXVECTOR3@@PAU1@IPBU1@IPBU_D3DVIEWPORT9@@PBUD3DXMATRIX@@33I@Z 004119ef f   d3dx9:d3dxmath.obj
 0001:00010a00       ?init_D3DXVec4Cross@@YGPAUD3DXVECTOR4@@PAU1@PBU1@11@Z 00411a00 f   d3dx9:d3dxmath.obj
 0001:00010a0d       ?c_D3DXVec4Cross@@YGPAUD3DXVECTOR4@@PAU1@PBU1@11@Z 00411a0d f   d3dx9:d3dxmath.obj
 0001:00010afd       ?init_D3DXVec4Normalize@@YGPAUD3DXVECTOR4@@PAU1@PBU1@@Z 00411afd f   d3dx9:d3dxmath.obj
 0001:00010b0a       ?init_D3DXVec4Hermite@@YGPAUD3DXVECTOR4@@PAU1@PBU1@111M@Z 00411b0a f   d3dx9:d3dxmath.obj
 0001:00010b34       ?c_D3DXVec4Hermite@@YGPAUD3DXVECTOR4@@PAU1@PBU1@111M@Z 00411b34 f   d3dx9:d3dxmath.obj
 0001:00010c05       ?init_D3DXVec4CatmullRom@@YGPAUD3DXVECTOR4@@PAU1@PBU1@111M@Z 00411c05 f   d3dx9:d3dxmath.obj
 0001:00010c2f       ?c_D3DXVec4CatmullRom@@YGPAUD3DXVECTOR4@@PAU1@PBU1@111M@Z 00411c2f f   d3dx9:d3dxmath.obj
 0001:00010d22       ?init_D3DXVec4BaryCentric@@YGPAUD3DXVECTOR4@@PAU1@PBU1@11MM@Z 00411d22 f   d3dx9:d3dxmath.obj
 0001:00010d51       ?c_D3DXVec4BaryCentric@@YGPAUD3DXVECTOR4@@PAU1@PBU1@11MM@Z 00411d51 f   d3dx9:d3dxmath.obj
 0001:00010dc8       ?init_D3DXVec4Transform@@YGPAUD3DXVECTOR4@@PAU1@PBU1@PBUD3DXMATRIX@@@Z 00411dc8 f   d3dx9:d3dxmath.obj
 0001:00010dd5       ?c_D3DXVec4Transform@@YGPAUD3DXVECTOR4@@PAU1@PBU1@PBUD3DXMATRIX@@@Z 00411dd5 f   d3dx9:d3dxmath.obj
 0001:00010e74       ?init_D3DXVec4TransformArray@@YGPAUD3DXVECTOR4@@PAU1@IPBU1@IPBUD3DXMATRIX@@I@Z 00411e74 f   d3dx9:d3dxmath.obj
 0001:00010e85       ?c_D3DXVec4TransformArray@@YGPAUD3DXVECTOR4@@PAU1@IPBU1@IPBUD3DXMATRIX@@I@Z 00411e85 f   d3dx9:d3dxmath.obj
 0001:00010f44       ?init_D3DXMatrixDeterminant@@YGMPBUD3DXMATRIX@@@Z 00411f44 f   d3dx9:d3dxmath.obj
 0001:00010f51       ?c_D3DXMatrixDeterminant@@YGMPBUD3DXMATRIX@@@Z 00411f51 f   d3dx9:d3dxmath.obj
 0001:0001101b       ?init_D3DXMatrixMultiply@@YGPAUD3DXMATRIX@@PAU1@PBU1@1@Z 0041201b f   d3dx9:d3dxmath.obj
 0001:00011028       _D3DXMatrixMultiply@12     00412028 f   d3dx9:d3dxmath.obj
 0001:0001102e       ?c_D3DXMatrixMultiply@@YGPAUD3DXMATRIX@@PAU1@PBU1@1@Z 0041202e f   d3dx9:d3dxmath.obj
 0001:00011264       ?init_D3DXMatrixTranspose@@YGPAUD3DXMATRIX@@PAU1@PBU1@@Z 00412264 f   d3dx9:d3dxmath.obj
 0001:00011271       _D3DXMatrixTranspose@8     00412271 f   d3dx9:d3dxmath.obj
 0001:00011277       ?c_D3DXMatrixTranspose@@YGPAUD3DXMATRIX@@PAU1@PBU1@@Z 00412277 f   d3dx9:d3dxmath.obj
 0001:000112e4       ?init_D3DXMatrixMultiplyTranspose@@YGPAUD3DXMATRIX@@PAU1@PBU1@1@Z 004122e4 f   d3dx9:d3dxmath.obj
 0001:000112f1       ?c_D3DXMatrixMultiplyTranspose@@YGPAUD3DXMATRIX@@PAU1@PBU1@1@Z 004122f1 f   d3dx9:d3dxmath.obj
 0001:00011527       ?init_D3DXMatrixInverse@@YGPAUD3DXMATRIX@@PAU1@PAMPBU1@@Z 00412527 f   d3dx9:d3dxmath.obj
 0001:00011534       _D3DXMatrixInverse@12      00412534 f   d3dx9:d3dxmath.obj
 0001:0001153a       ?c_D3DXMatrixInverse@@YGPAUD3DXMATRIX@@PAU1@PAMPBU1@@Z 0041253a f   d3dx9:d3dxmath.obj
 0001:000118d9       ?init_D3DXMatrixScaling@@YGPAUD3DXMATRIX@@PAU1@MMM@Z 004128d9 f   d3dx9:d3dxmath.obj
 0001:00011907       ?c_D3DXMatrixScaling@@YGPAUD3DXMATRIX@@PAU1@MMM@Z 00412907 f   d3dx9:d3dxmath.obj
 0001:00011963       ?init_D3DXMatrixTranslation@@YGPAUD3DXMATRIX@@PAU1@MMM@Z 00412963 f   d3dx9:d3dxmath.obj
 0001:00011991       ?c_D3DXMatrixTranslation@@YGPAUD3DXMATRIX@@PAU1@MMM@Z 00412991 f   d3dx9:d3dxmath.obj
 0001:000119ed       ?init_D3DXMatrixRotationX@@YGPAUD3DXMATRIX@@PAU1@M@Z 004129ed f   d3dx9:d3dxmath.obj
 0001:00011a09       ?c_D3DXMatrixRotationX@@YGPAUD3DXMATRIX@@PAU1@M@Z 00412a09 f   d3dx9:d3dxmath.obj
 0001:00011a83       ?init_D3DXMatrixRotationY@@YGPAUD3DXMATRIX@@PAU1@M@Z 00412a83 f   d3dx9:d3dxmath.obj
 0001:00011a9f       ?c_D3DXMatrixRotationY@@YGPAUD3DXMATRIX@@PAU1@M@Z 00412a9f f   d3dx9:d3dxmath.obj
 0001:00011b1a       ?init_D3DXMatrixRotationZ@@YGPAUD3DXMATRIX@@PAU1@M@Z 00412b1a f   d3dx9:d3dxmath.obj
 0001:00011b36       ?c_D3DXMatrixRotationZ@@YGPAUD3DXMATRIX@@PAU1@M@Z 00412b36 f   d3dx9:d3dxmath.obj
 0001:00011bb2       ?init_D3DXMatrixRotationAxis@@YGPAUD3DXMATRIX@@PAU1@PBUD3DXVECTOR3@@M@Z 00412bb2 f   d3dx9:d3dxmath.obj
 0001:00011bd2       ?c_D3DXMatrixRotationAxis@@YGPAUD3DXMATRIX@@PAU1@PBUD3DXVECTOR3@@M@Z 00412bd2 f   d3dx9:d3dxmath.obj
 0001:00011cd4       ?init_D3DXMatrixRotationQuaternion@@YGPAUD3DXMATRIX@@PAU1@PBUD3DXQUATERNION@@@Z 00412cd4 f   d3dx9:d3dxmath.obj
 0001:00011ce1       _D3DXMatrixRotationQuaternion@8 00412ce1 f   d3dx9:d3dxmath.obj
 0001:00011ce7       ?c_D3DXMatrixRotationQuaternion@@YGPAUD3DXMATRIX@@PAU1@PBUD3DXQUATERNION@@@Z 00412ce7 f   d3dx9:d3dxmath.obj
 0001:00011dc9       ?init_D3DXMatrixRotationYawPitchRoll@@YGPAUD3DXMATRIX@@PAU1@MMM@Z 00412dc9 f   d3dx9:d3dxmath.obj
 0001:00011df7       ?init_D3DXMatrixTransformation@@YGPAUD3DXMATRIX@@PAU1@PBUD3DXVECTOR3@@PBUD3DXQUATERNION@@1121@Z 00412df7 f   d3dx9:d3dxmath.obj
 0001:00011e08       _D3DXMatrixTransformation@28 00412e08 f   d3dx9:d3dxmath.obj
 0001:00011e0e       ?init_D3DXMatrixAffineTransformation@@YGPAUD3DXMATRIX@@PAU1@MPBUD3DXVECTOR3@@PBUD3DXQUATERNION@@1@Z 00412e0e f   d3dx9:d3dxmath.obj
 0001:00011e35       ?c_D3DXMatrixAffineTransformation@@YGPAUD3DXMATRIX@@PAU1@MPBUD3DXVECTOR3@@PBUD3DXQUATERNION@@1@Z 00412e35 f   d3dx9:d3dxmath.obj
 0001:00011f1b       ?init_D3DXMatrixShadow@@YGPAUD3DXMATRIX@@PAU1@PBUD3DXVECTOR4@@PBUD3DXPLANE@@@Z 00412f1b f   d3dx9:d3dxmath.obj
 0001:00011f28       ?init_D3DXMatrixReflect@@YGPAUD3DXMATRIX@@PAU1@PBUD3DXPLANE@@@Z 00412f28 f   d3dx9:d3dxmath.obj
 0001:00011f35       ?init_D3DXQuaternionToAxisAngle@@YGXPBUD3DXQUATERNION@@PAUD3DXVECTOR3@@PAM@Z 00412f35 f   d3dx9:d3dxmath.obj
 0001:00011f42       ?c_D3DXQuaternionToAxisAngle@@YGXPBUD3DXQUATERNION@@PAUD3DXVECTOR3@@PAM@Z 00412f42 f   d3dx9:d3dxmath.obj
 0001:00011f77       ?init_D3DXQuaternionRotationMatrix@@YGPAUD3DXQUATERNION@@PAU1@PBUD3DXMATRIX@@@Z 00412f77 f   d3dx9:d3dxmath.obj
 0001:00011f84       ?c_D3DXQuaternionRotationMatrix@@YGPAUD3DXQUATERNION@@PAU1@PBUD3DXMATRIX@@@Z 00412f84 f   d3dx9:d3dxmath.obj
 0001:000120b8       ?init_D3DXQuaternionRotationAxis@@YGPAUD3DXQUATERNION@@PAU1@PBUD3DXVECTOR3@@M@Z 004130b8 f   d3dx9:d3dxmath.obj
 0001:000120d8       ?c_D3DXQuaternionRotationAxis@@YGPAUD3DXQUATERNION@@PAU1@PBUD3DXVECTOR3@@M@Z 004130d8 f   d3dx9:d3dxmath.obj
 0001:00012134       ?init_D3DXQuaternionRotationYawPitchRoll@@YGPAUD3DXQUATERNION@@PAU1@MMM@Z 00413134 f   d3dx9:d3dxmath.obj
 0001:00012162       _D3DXQuaternionRotationYawPitchRoll@16 00413162 f   d3dx9:d3dxmath.obj
 0001:00012168       ?c_D3DXQuaternionRotationYawPitchRoll@@YGPAUD3DXQUATERNION@@PAU1@MMM@Z 00413168 f   d3dx9:d3dxmath.obj
 0001:00012241       ?init_D3DXQuaternionMultiply@@YGPAUD3DXQUATERNION@@PAU1@PBU1@1@Z 00413241 f   d3dx9:d3dxmath.obj
 0001:0001224e       _D3DXQuaternionMultiply@12 0041324e f   d3dx9:d3dxmath.obj
 0001:00012254       ?c_D3DXQuaternionMultiply@@YGPAUD3DXQUATERNION@@PAU1@PBU1@1@Z 00413254 f   d3dx9:d3dxmath.obj
 0001:000122ea       ?init_D3DXQuaternionNormalize@@YGPAUD3DXQUATERNION@@PAU1@PBU1@@Z 004132ea f   d3dx9:d3dxmath.obj
 0001:000122f7       ?c_D3DXVec4Normalize@@YGPAUD3DXVECTOR4@@PAU1@PBU1@@Z 004132f7 f   d3dx9:d3dxmath.obj
 0001:000122f7       ?c_D3DXQuaternionNormalize@@YGPAUD3DXQUATERNION@@PAU1@PBU1@@Z 004132f7 f   d3dx9:d3dxmath.obj
 0001:000123ad       ?init_D3DXQuaternionInverse@@YGPAUD3DXQUATERNION@@PAU1@PBU1@@Z 004133ad f   d3dx9:d3dxmath.obj
 0001:000123ba       _D3DXQuaternionInverse@8   004133ba f   d3dx9:d3dxmath.obj
 0001:000123c0       ?c_D3DXQuaternionInverse@@YGPAUD3DXQUATERNION@@PAU1@PBU1@@Z 004133c0 f   d3dx9:d3dxmath.obj
 0001:00012471       ?init_D3DXQuaternionLn@@YGPAUD3DXQUATERNION@@PAU1@PBU1@@Z 00413471 f   d3dx9:d3dxmath.obj
 0001:0001247e       _D3DXQuaternionLn@8        0041347e f   d3dx9:d3dxmath.obj
 0001:00012484       ?c_D3DXQuaternionLn@@YGPAUD3DXQUATERNION@@PAU1@PBU1@@Z 00413484 f   d3dx9:d3dxmath.obj
 0001:000124ff       ?init_D3DXQuaternionExp@@YGPAUD3DXQUATERNION@@PAU1@PBU1@@Z 004134ff f   d3dx9:d3dxmath.obj
 0001:0001250c       _D3DXQuaternionExp@8       0041350c f   d3dx9:d3dxmath.obj
 0001:00012512       ?c_D3DXQuaternionExp@@YGPAUD3DXQUATERNION@@PAU1@PBU1@@Z 00413512 f   d3dx9:d3dxmath.obj
 0001:000125aa       ?init_D3DXQuaternionSlerp@@YGPAUD3DXQUATERNION@@PAU1@PBU1@1M@Z 004135aa f   d3dx9:d3dxmath.obj
 0001:000125ce       _D3DXQuaternionSlerp@16    004135ce f   d3dx9:d3dxmath.obj
 0001:000125d4       ?c_D3DXQuaternionSlerp@@YGPAUD3DXQUATERNION@@PAU1@PBU1@1M@Z 004135d4 f   d3dx9:d3dxmath.obj
 0001:000126b7       ?init_D3DXQuaternionSquad@@YGPAUD3DXQUATERNION@@PAU1@PBU1@111M@Z 004136b7 f   d3dx9:d3dxmath.obj
 0001:000126e1       ?c_D3DXQuaternionSquad@@YGPAUD3DXQUATERNION@@PAU1@PBU1@111M@Z 004136e1 f   d3dx9:d3dxmath.obj
 0001:00012738       ?init_D3DXQuaternionSquadSetup@@YGXPAUD3DXQUATERNION@@00PBU1@111@Z 00413738 f   d3dx9:d3dxmath.obj
 0001:00012749       ?init_D3DXQuaternionBaryCentric@@YGPAUD3DXQUATERNION@@PAU1@PBU1@11MM@Z 00413749 f   d3dx9:d3dxmath.obj
 0001:00012778       ?c_D3DXQuaternionBaryCentric@@YGPAUD3DXQUATERNION@@PAU1@PBU1@11MM@Z 00413778 f   d3dx9:d3dxmath.obj
 0001:00012800       ?init_D3DXPlaneNormalize@@YGPAUD3DXPLANE@@PAU1@PBU1@@Z 00413800 f   d3dx9:d3dxmath.obj
 0001:0001280d       _D3DXPlaneNormalize@8      0041380d f   d3dx9:d3dxmath.obj
 0001:00012813       ?c_D3DXPlaneNormalize@@YGPAUD3DXPLANE@@PAU1@PBU1@@Z 00413813 f   d3dx9:d3dxmath.obj
 0001:000128b4       ?init_D3DXPlaneIntersectLine@@YGPAUD3DXVECTOR3@@PAU1@PBUD3DXPLANE@@PBU1@2@Z 004138b4 f   d3dx9:d3dxmath.obj
 0001:000128c1       ?c_D3DXPlaneIntersectLine@@YGPAUD3DXVECTOR3@@PAU1@PBUD3DXPLANE@@PBU1@2@Z 004138c1 f   d3dx9:d3dxmath.obj
 0001:00012963       ?init_D3DXPlaneFromPointNormal@@YGPAUD3DXPLANE@@PAU1@PBUD3DXVECTOR3@@1@Z 00413963 f   d3dx9:d3dxmath.obj
 0001:00012970       ?c_D3DXPlaneFromPointNormal@@YGPAUD3DXPLANE@@PAU1@PBUD3DXVECTOR3@@1@Z 00413970 f   d3dx9:d3dxmath.obj
 0001:000129a8       ?init_D3DXPlaneFromPoints@@YGPAUD3DXPLANE@@PAU1@PBUD3DXVECTOR3@@11@Z 004139a8 f   d3dx9:d3dxmath.obj
 0001:000129b5       ?c_D3DXPlaneFromPoints@@YGPAUD3DXPLANE@@PAU1@PBUD3DXVECTOR3@@11@Z 004139b5 f   d3dx9:d3dxmath.obj
 0001:00012a57       ?init_D3DXPlaneTransform@@YGPAUD3DXPLANE@@PAU1@PBU1@PBUD3DXMATRIX@@@Z 00413a57 f   d3dx9:d3dxmath.obj
 0001:00012a64       ?c_D3DXPlaneTransform@@YGPAUD3DXPLANE@@PAU1@PBU1@PBUD3DXMATRIX@@@Z 00413a64 f   d3dx9:d3dxmath.obj
 0001:00012b03       ?init_D3DXPlaneTransformArray@@YGPAUD3DXPLANE@@PAU1@IPBU1@IPBUD3DXMATRIX@@I@Z 00413b03 f   d3dx9:d3dxmath.obj
 0001:00012b14       ?c_D3DXPlaneTransformArray@@YGPAUD3DXPLANE@@PAU1@IPBU1@IPBUD3DXMATRIX@@I@Z 00413b14 f   d3dx9:d3dxmath.obj
 0001:00012bd3       ?init_D3DXPSGPUpdateSkinnedMesh@@YGXPBUD3DXMATRIX@@0PAE1KKPAPAE2KKPAMH@Z 00413bd3 f   d3dx9:d3dxmath.obj
 0001:00012be4       ?init_D3DXPSGPTessellateNPatch@@YGXPAUD3DXVECTOR3@@PAUD3DXVECTOR2@@KPAM222K@Z 00413be4 f   d3dx9:d3dxmath.obj
 0001:00012bf5       ?c_D3DXVec2Normalize@@YGPAUD3DXVECTOR2@@PAU1@PBU1@@Z 00413bf5 f   d3dx9:d3dxmath.obj
 0001:00012c7f       ?c_D3DXVec2Transform@@YGPAUD3DXVECTOR4@@PAU1@PBUD3DXVECTOR2@@PBUD3DXMATRIX@@@Z 00413c7f f   d3dx9:d3dxmath.obj
 0001:00012cea       ?c_D3DXVec2TransformArray@@YGPAUD3DXVECTOR4@@PAU1@IPBUD3DXVECTOR2@@IPBUD3DXMATRIX@@I@Z 00413cea f   d3dx9:d3dxmath.obj
 0001:00012d6d       ?c_D3DXVec2TransformCoord@@YGPAUD3DXVECTOR2@@PAU1@PBU1@PBUD3DXMATRIX@@@Z 00413d6d f   d3dx9:d3dxmath.obj
 0001:00012dea       ?c_D3DXVec2TransformCoordArray@@YGPAUD3DXVECTOR2@@PAU1@IPBU1@IPBUD3DXMATRIX@@I@Z 00413dea f   d3dx9:d3dxmath.obj
 0001:00012e82       ?c_D3DXVec2TransformNormal@@YGPAUD3DXVECTOR2@@PAU1@PBU1@PBUD3DXMATRIX@@@Z 00413e82 f   d3dx9:d3dxmath.obj
 0001:00012ebe       ?c_D3DXVec2TransformNormalArray@@YGPAUD3DXVECTOR2@@PAU1@IPBU1@IPBUD3DXMATRIX@@I@Z 00413ebe f   d3dx9:d3dxmath.obj
 0001:00012f12       ?c_D3DXVec3Normalize@@YGPAUD3DXVECTOR3@@PAU1@PBU1@@Z 00413f12 f   d3dx9:d3dxmath.obj
 0001:00012faf       ?c_D3DXVec3TransformCoord@@YGPAUD3DXVECTOR3@@PAU1@PBU1@PBUD3DXMATRIX@@@Z 00413faf f   d3dx9:d3dxmath.obj
 0001:0001306b       ?c_D3DXVec3TransformCoordArray@@YGPAUD3DXVECTOR3@@PAU1@IPBU1@IPBUD3DXMATRIX@@I@Z 0041406b f   d3dx9:d3dxmath.obj
 0001:0001314a       ?c_D3DXVec3Project@@YGPAUD3DXVECTOR3@@PAU1@PBU1@PBU_D3DVIEWPORT9@@PBUD3DXMATRIX@@33@Z 0041414a f   d3dx9:d3dxmath.obj
 0001:000132d7       ?c_D3DXVec3ProjectArray@@YGPAUD3DXVECTOR3@@PAU1@IPBU1@IPBU_D3DVIEWPORT9@@PBUD3DXMATRIX@@33I@Z 004142d7 f   d3dx9:d3dxmath.obj
 0001:000134d7       ?c_D3DXVec3Unproject@@YGPAUD3DXVECTOR3@@PAU1@PBU1@PBU_D3DVIEWPORT9@@PBUD3DXMATRIX@@33@Z 004144d7 f   d3dx9:d3dxmath.obj
 0001:0001367d       ?c_D3DXVec3UnprojectArray@@YGPAUD3DXVECTOR3@@PAU1@IPBU1@IPBU_D3DVIEWPORT9@@PBUD3DXMATRIX@@33I@Z 0041467d f   d3dx9:d3dxmath.obj
 0001:000138ae       ?c_D3DXMatrixRotationYawPitchRoll@@YGPAUD3DXMATRIX@@PAU1@MMM@Z 004148ae f   d3dx9:d3dxmath.obj
 0001:000138e7       ?c_D3DXMatrixTransformation@@YGPAUD3DXMATRIX@@PAU1@PBUD3DXVECTOR3@@PBUD3DXQUATERNION@@1121@Z 004148e7 f   d3dx9:d3dxmath.obj
 0001:00013b9b       ?c_D3DXMatrixShadow@@YGPAUD3DXMATRIX@@PAU1@PBUD3DXVECTOR4@@PBUD3DXPLANE@@@Z 00414b9b f   d3dx9:d3dxmath.obj
 0001:00013c75       ?c_D3DXMatrixReflect@@YGPAUD3DXMATRIX@@PAU1@PBUD3DXPLANE@@@Z 00414c75 f   d3dx9:d3dxmath.obj
 0001:00013d34       ?c_D3DXQuaternionSquadSetup@@YGXPAUD3DXQUATERNION@@00PBU1@111@Z 00414d34 f   d3dx9:d3dxmath.obj
 0001:0001410e       ??0CFile@D3DXCore@@QAE@XZ  0041510e f   d3dx9:cfile.obj
 0001:00014120       ?Open@CFile@D3DXCore@@QAEJPBXH@Z 00415120 f   d3dx9:cfile.obj
 0001:00014241       ?Close@CFile@D3DXCore@@QAEJXZ 00415241 f   d3dx9:cfile.obj
 0001:00014282       ??1CFile@D3DXCore@@QAE@XZ  00415282 f   d3dx9:cfile.obj
 0001:0001428d       ??0CText@D3DXCore@@IAE@XZ  0041528d f   d3dx9:ctext.obj
 0001:000142d8       ??1CText@D3DXCore@@IAE@XZ  004152d8 f   d3dx9:ctext.obj
 0001:000143c9       ??_GCText@D3DXCore@@IAEPAXI@Z 004153c9 f i d3dx9:ctext.obj
 0001:000143e5       ?Begin@CText@D3DXCore@@QAEJXZ 004153e5 f   d3dx9:ctext.obj
 0001:00014466       ?End@CText@D3DXCore@@QAEJXZ 00415466 f   d3dx9:ctext.obj
 0001:00014490       ?OnLostDevice@CText@D3DXCore@@QAEJXZ 00415490 f   d3dx9:ctext.obj
 0001:000144fe       ?OnResetDevice@CText@D3DXCore@@QAEJXZ 004154fe f   d3dx9:ctext.obj
 0001:000145b8       ?OnDeleteFont@CText@D3DXCore@@QAEJXZ 004155b8 f   d3dx9:ctext.obj
 0001:000145db       ?Release@CText@D3DXCore@@QAEXXZ 004155db f   d3dx9:ctext.obj
 0001:000145e7       ?Initialize@CText@D3DXCore@@IAEJPAUIDirect3DDevice9@@@Z 004155e7 f   d3dx9:ctext.obj
 0001:00014728       ?DrawTextAW@CText@D3DXCore@@QAEHPAUHFONT__@@PBXHPAUtagRECT@@KKH@Z 00415728 f   d3dx9:ctext.obj
 0001:00014c3f       ?Create@CText@D3DXCore@@SGJPAUIDirect3DDevice9@@PAPAV12@@Z 00415c3f f   d3dx9:ctext.obj
 0001:00014d30       ?jpeg_read_scanlines@D3DX@@YGIPAUjpeg_decompress_struct@1@PAPAEI@Z 00415d30 f   d3dx9:jdapistd.obj
 0001:00014dc0       ?jpeg_start_decompress@D3DX@@YGHPAUjpeg_decompress_struct@1@@Z 00415dc0 f   d3dx9:jdapistd.obj
 0001:00014ea0       ?jpeg_CreateDecompress@D3DX@@YGXPAUjpeg_decompress_struct@1@HI@Z 00415ea0 f   d3dx9:jdapimin.obj
 0001:00014f70       ?jpeg_destroy_decompress@D3DX@@YGXPAUjpeg_decompress_struct@1@@Z 00415f70 f   d3dx9:jdapimin.obj
 0001:000150f0       ?jpeg_consume_input@D3DX@@YGHPAUjpeg_decompress_struct@1@@Z 004160f0 f   d3dx9:jdapimin.obj
 0001:000151a0       ?jpeg_finish_decompress@D3DX@@YGHPAUjpeg_decompress_struct@1@@Z 004161a0 f   d3dx9:jdapimin.obj
 0001:00015260       ?jpeg_read_header@D3DX@@YGHPAUjpeg_decompress_struct@1@H@Z 00416260 f   d3dx9:jdapimin.obj
 0001:000152d0       ?_asm_isMMX@@YGHXZ         004162d0 f   d3dx9:cpudetect.obj
 0001:000152f5       ?isMMXprocessor@@YGHXZ     004162f5 f   d3dx9:cpudetect.obj
 0001:0001544a       _D3DXCpuOptimizations@4    0041644a f   d3dx9:cpudetect.obj
 0001:00016af0       ?jpeg_resync_to_restart@D3DX@@YGHPAUjpeg_decompress_struct@1@H@Z 00417af0 f   d3dx9:jdmarker.obj
 0001:00016c20       ?jinit_marker_reader@D3DX@@YGXPAUjpeg_decompress_struct@1@@Z 00417c20 f   d3dx9:jdmarker.obj
 0001:00016df0       ?jpeg_std_error@D3DX@@YGPAUjpeg_error_mgr@1@PAU21@@Z 00417df0 f   d3dx9:jerror.obj
 0001:00016ec9       ?png_set_error_fn@D3DX@@YGXPAUpng_struct_def@1@PAXP6AX0PBD@Z3@Z 00417ec9 f   d3dx9:pngerror.obj
 0001:00016ee5       ?png_error@D3DX@@YGXPAUpng_struct_def@1@PBD@Z 00417ee5 f   d3dx9:pngerror.obj
 0001:00016f03       ?png_warning@D3DX@@YGXPAUpng_struct_def@1@PBD@Z 00417f03 f   d3dx9:pngerror.obj
 0001:00016f1a       ?png_chunk_error@D3DX@@YGXPAUpng_struct_def@1@PBD@Z 00417f1a f   d3dx9:pngerror.obj
 0001:00016f3e       ?png_chunk_warning@D3DX@@YGXPAUpng_struct_def@1@PBD@Z 00417f3e f   d3dx9:pngerror.obj
 0001:00016f62       ?png_create_read_struct@D3DX@@YGPAUpng_struct_def@1@PBDPAXP6AXPAU21@0@Z3@Z 00417f62 f   d3dx9:pngread.obj
 0001:00017056       ?png_read_info@D3DX@@YGXPAUpng_struct_def@1@PAUpng_info_struct@1@@Z 00418056 f   d3dx9:pngread.obj
 0001:000171c4       ?png_read_update_info@D3DX@@YGXPAUpng_struct_def@1@PAUpng_info_struct@1@@Z 004181c4 f   d3dx9:pngread.obj
 0001:000171e3       ?png_read_row@D3DX@@YGXPAUpng_struct_def@1@PAE1@Z 004181e3 f   d3dx9:pngread.obj
 0001:00017566       ?png_read_image@D3DX@@YGXPAUpng_struct_def@1@PAPAE@Z 00418566 f   d3dx9:pngread.obj
 0001:000175b1       ?png_read_destroy@D3DX@@YGXPAUpng_struct_def@1@PAUpng_info_struct@1@1@Z 004185b1 f   d3dx9:pngread.obj
 0001:000176c6       ?png_destroy_read_struct@D3DX@@YGXPAPAUpng_struct_def@1@PAPAUpng_info_struct@1@1@Z 004186c6 f   d3dx9:pngread.obj
 0001:00017743       ?png_get_valid@D3DX@@YGKPAUpng_struct_def@1@PAUpng_info_struct@1@K@Z 00418743 f   d3dx9:pngget.obj
 0001:00017760       ?png_get_rowbytes@D3DX@@YGKPAUpng_struct_def@1@PAUpng_info_struct@1@@Z 00418760 f   d3dx9:pngget.obj
 0001:00017779       ?png_get_channels@D3DX@@YGEPAUpng_struct_def@1@PAUpng_info_struct@1@@Z 00418779 f   d3dx9:pngget.obj
 0001:00017792       ?png_get_gAMA@D3DX@@YGKPAUpng_struct_def@1@PAUpng_info_struct@1@PAN@Z 00418792 f   d3dx9:pngget.obj
 0001:000177be       ?png_get_sRGB@D3DX@@YGKPAUpng_struct_def@1@PAUpng_info_struct@1@PAH@Z 004187be f   d3dx9:pngget.obj
 0001:000177ec       ?png_get_IHDR@D3DX@@YGKPAUpng_struct_def@1@PAUpng_info_struct@1@PAK2PAH3333@Z 004187ec f   d3dx9:pngget.obj
 0001:000178bd       ?png_get_PLTE@D3DX@@YGKPAUpng_struct_def@1@PAUpng_info_struct@1@PAPAUpng_color_struct@1@PAH@Z 004188bd f   d3dx9:pngget.obj
 0001:000178f3       ?png_get_tRNS@D3DX@@YGKPAUpng_struct_def@1@PAUpng_info_struct@1@PAPAEPAHPAPAUpng_color_16_struct@1@@Z 004188f3 f   d3dx9:pngget.obj
 0001:0001795c       ?png_set_bgr@D3DX@@YGXPAUpng_struct_def@1@@Z 0041895c f   d3dx9:pngtrans.obj
 0001:00017967       ?png_set_swap@D3DX@@YGXPAUpng_struct_def@1@@Z 00418967 f   d3dx9:pngtrans.obj
 0001:0001797b       ?png_set_packing@D3DX@@YGXPAUpng_struct_def@1@@Z 0041897b f   d3dx9:pngtrans.obj
 0001:00017996       ?png_set_interlace_handling@D3DX@@YGHPAUpng_struct_def@1@@Z 00418996 f   d3dx9:pngtrans.obj
 0001:000179b2       ?png_set_filler@D3DX@@YGXPAUpng_struct_def@1@KH@Z 004189b2 f   d3dx9:pngtrans.obj
 0001:00017a01       ?png_do_swap@D3DX@@YGXPAUpng_row_info_struct@1@PAE@Z 00418a01 f   d3dx9:pngtrans.obj
 0001:00017a30       ?png_do_bgr@D3DX@@YGXPAUpng_row_info_struct@1@PAE@Z 00418a30 f   d3dx9:pngtrans.obj
 0001:00017af1       ?png_set_gamma@D3DX@@YGXPAUpng_struct_def@1@NN@Z 00418af1 f   d3dx9:pngrtran.obj
 0001:00017b29       ?png_set_gray_1_2_4_to_8@D3DX@@YGXPAUpng_struct_def@1@@Z 00418b29 f   d3dx9:pngrtran.obj
 0001:00017b29       ?png_set_tRNS_to_alpha@D3DX@@YGXPAUpng_struct_def@1@@Z 00418b29 f   d3dx9:pngrtran.obj
 0001:00017b34       ?png_read_transform_info@D3DX@@YGXPAUpng_struct_def@1@PAUpng_info_struct@1@@Z 00418b34 f   d3dx9:pngrtran.obj
 0001:00017c21       ?png_do_unpack@D3DX@@YGXPAUpng_row_info_struct@1@PAE@Z 00418c21 f   d3dx9:pngrtran.obj
 0001:00017d32       ?png_do_unshift@D3DX@@YGXPAUpng_row_info_struct@1@PAEPAUpng_color_8_struct@1@@Z 00418d32 f   d3dx9:pngrtran.obj
 0001:00017eab       ?png_do_chop@D3DX@@YGXPAUpng_row_info_struct@1@PAE@Z 00418eab f   d3dx9:pngrtran.obj
 0001:00017ef1       ?png_do_read_filler@D3DX@@YGXPAUpng_row_info_struct@1@PAEKK@Z 00418ef1 f   d3dx9:pngrtran.obj
 0001:0001812a       ?png_do_gamma@D3DX@@YGXPAUpng_row_info_struct@1@PAE1PAPAGH@Z 0041912a f   d3dx9:pngrtran.obj
 0001:0001847a       ?png_do_expand_palette@D3DX@@YGXPAUpng_row_info_struct@1@PAEPAUpng_color_struct@1@1H@Z 0041947a f   d3dx9:pngrtran.obj
 0001:00018683       ?png_do_expand@D3DX@@YGXPAUpng_row_info_struct@1@PAEPAUpng_color_16_struct@1@@Z 00419683 f   d3dx9:pngrtran.obj
 0001:000189d6       ?png_do_dither@D3DX@@YGXPAUpng_row_info_struct@1@PAE11@Z 004199d6 f   d3dx9:pngrtran.obj
 0001:00018ae5       ?png_build_gamma_table@D3DX@@YGXPAUpng_struct_def@1@@Z 00419ae5 f   d3dx9:pngrtran.obj
 0001:00018de8       ?png_init_read_transformations@D3DX@@YGXPAUpng_struct_def@1@@Z 00419de8 f   d3dx9:pngrtran.obj
 0001:00018efc       ?png_do_read_transformations@D3DX@@YGXPAUpng_struct_def@1@@Z 00419efc f   d3dx9:pngrtran.obj
 0001:00019098       ?png_set_gAMA@D3DX@@YGXPAUpng_struct_def@1@PAUpng_info_struct@1@N@Z 0041a098 f   d3dx9:pngset.obj
 0001:000190b5       ?png_set_IHDR@D3DX@@YGXPAUpng_struct_def@1@PAUpng_info_struct@1@KKHHHHH@Z 0041a0b5 f   d3dx9:pngset.obj
 0001:00019156       ?png_set_PLTE@D3DX@@YGXPAUpng_struct_def@1@PAUpng_info_struct@1@PAUpng_color_struct@1@H@Z 0041a156 f   d3dx9:pngset.obj
 0001:0001917c       ?png_set_sRGB@D3DX@@YGXPAUpng_struct_def@1@PAUpng_info_struct@1@H@Z 0041a17c f   d3dx9:pngset.obj
 0001:00019199       ?png_set_sRGB_gAMA_and_cHRM@D3DX@@YGXPAUpng_struct_def@1@PAUpng_info_struct@1@H@Z 0041a199 f   d3dx9:pngset.obj
 0001:000191d0       ?png_set_tRNS@D3DX@@YGXPAUpng_struct_def@1@PAUpng_info_struct@1@PAEHPAUpng_color_16_struct@1@@Z 0041a1d0 f   d3dx9:pngset.obj
 0001:00019219       ?png_read_data@D3DX@@YGXPAUpng_struct_def@1@PAEI@Z 0041a219 f   d3dx9:pngrio.obj
 0001:00019242       ?png_set_read_fn@D3DX@@YGXPAUpng_struct_def@1@PAXP6AX0PAEI@Z@Z 0041a242 f   d3dx9:pngrio.obj
 0001:00019280       ?png_sig_cmp@D3DX@@YGHPAEII@Z 0041a280 f   d3dx9:png.obj
 0001:000192cb       ?png_zalloc@D3DX@@YGPAXPAXII@Z 0041a2cb f   d3dx9:png.obj
 0001:0001931e       ?png_zfree@D3DX@@YGXPAX0@Z 0041a31e f   d3dx9:png.obj
 0001:00019323       ?png_reset_crc@D3DX@@YGXPAUpng_struct_def@1@@Z 0041a323 f   d3dx9:png.obj
 0001:0001933a       ?png_calculate_crc@D3DX@@YGXPAUpng_struct_def@1@PAEI@Z 0041a33a f   d3dx9:png.obj
 0001:00019379       ?png_info_destroy@D3DX@@YGXPAUpng_struct_def@1@PAUpng_info_struct@1@@Z 0041a379 f   d3dx9:png.obj
 0001:00019389       ?png_create_info_struct@D3DX@@YGPAUpng_info_struct@1@PAUpng_struct_def@1@@Z 0041a389 f   d3dx9:png.obj
 0001:000193b1       ?x86_D3DXVec2Transform@@YGPAUD3DXVECTOR4@@PAU1@PBUD3DXVECTOR2@@PBUD3DXMATRIX@@@Z 0041a3b1 f   d3dx9:d3dxmathx86.obj
 0001:0001941a       ?x86_D3DXVec2TransformNormal@@YGPAUD3DXVECTOR2@@PAU1@PBU1@PBUD3DXMATRIX@@@Z 0041a41a f   d3dx9:d3dxmathx86.obj
 0001:0001944f       ?x86_D3DXVec3Transform@@YGPAUD3DXVECTOR4@@PAU1@PBUD3DXVECTOR3@@PBUD3DXMATRIX@@@Z 0041a44f f   d3dx9:d3dxmathx86.obj
 0001:000194da       ?x86_D3DXVec3TransformNormal@@YGPAUD3DXVECTOR3@@PAU1@PBU1@PBUD3DXMATRIX@@@Z 0041a4da f   d3dx9:d3dxmathx86.obj
 0001:00019539       ?x86_D3DXVec4Transform@@YGPAUD3DXVECTOR4@@PAU1@PBU1@PBUD3DXMATRIX@@@Z 0041a539 f   d3dx9:d3dxmathx86.obj
 0001:000195d2       ?TableInvSqrt@@YIMM@Z      0041a5d2 f   d3dx9:d3dxmathx86.obj
 0001:00019617       ?x86_D3DXVec3Normalize@@YGPAUD3DXVECTOR3@@PAU1@PBU1@@Z 0041a617 f   d3dx9:d3dxmathx86.obj
 0001:000196e1       ?x86_D3DXMatrixMultiply@@YGPAUD3DXMATRIX@@PAU1@PBU1@1@Z 0041a6e1 f   d3dx9:d3dxmathx86.obj
 0001:000197c4       ?x86_D3DXMatrixMultiplyTranspose@@YGPAUD3DXMATRIX@@PAU1@PBU1@1@Z 0041a7c4 f   d3dx9:d3dxmathx86.obj
 0001:00019852       ?x86_D3DXInitFastTable@@YGXPAUD3DXFASTTABLE@@@Z 0041a852 f   d3dx9:d3dxmathx86.obj
 0001:0001ab5b       ?D3DXDecodeDXT1@D3DXTex@@YGJPAUD3DXCOLOR@@PBE@Z 0041bb5b f   d3dx9:dxtn.obj
 0001:0001ac9b       ?D3DXDecodeDXT3@D3DXTex@@YGJPAUD3DXCOLOR@@PBE@Z 0041bc9b f   d3dx9:dxtn.obj
 0001:0001ad1e       ?D3DXDecodeDXT5@D3DXTex@@YGJPAUD3DXCOLOR@@PBE@Z 0041bd1e f   d3dx9:dxtn.obj
 0001:0001ae5a       ?D3DXEncodeDXT1@D3DXTex@@YGJPAEPBUD3DXCOLOR@@@Z 0041be5a f   d3dx9:dxtn.obj
 0001:0001af72       ?D3DXEncodeDXT3@D3DXTex@@YGJPAEPBUD3DXCOLOR@@@Z 0041bf72 f   d3dx9:dxtn.obj
 0001:0001b098       ?D3DXEncodeDXT5@D3DXTex@@YGJPAEPBUD3DXCOLOR@@@Z 0041c098 f   d3dx9:dxtn.obj
 0001:0001b521       ?D3DXDecodeDXT2@D3DXTex@@YGJPAUD3DXCOLOR@@PBE@Z 0041c521 f   d3dx9:dxtn.obj
 0001:0001b544       ?D3DXDecodeDXT4@D3DXTex@@YGJPAUD3DXCOLOR@@PBE@Z 0041c544 f   d3dx9:dxtn.obj
 0001:0001b567       ?D3DXEncodeDXT2@D3DXTex@@YGJPAEPBUD3DXCOLOR@@@Z 0041c567 f   d3dx9:dxtn.obj
 0001:0001b59b       ?D3DXEncodeDXT4@D3DXTex@@YGJPAEPBUD3DXCOLOR@@@Z 0041c59b f   d3dx9:dxtn.obj
 0001:0001b5cf       ?c_D3DXPSGPUpdateSkinnedMesh@@YGXPBUD3DXMATRIX@@0PAE1KKPAPAE2KKPAMH@Z 0041c5cf f   d3dx9:psgpmesh.obj
 0001:0001b9d9       ?CalculateEdgeControlPoint@@YGXPAUD3DXVECTOR3@@00M0@Z 0041c9d9 f i d3dx9:psgpmesh.obj
 0001:0001ba76       ?c_D3DXPSGPTessellateNPatch@@YGXPAUD3DXVECTOR3@@PAUD3DXVECTOR2@@KPAM222K@Z 0041ca76 f   d3dx9:psgpmesh.obj
 0001:0001be30       ?jpeg_calc_output_dimensions@D3DX@@YGXPAUjpeg_decompress_struct@1@@Z 0041ce30 f   d3dx9:jdmaster.obj
 0001:0001c3c0       ?jinit_master_decompress@D3DX@@YGXPAUjpeg_decompress_struct@1@@Z 0041d3c0 f   d3dx9:jdmaster.obj
 0001:0001c980       ?jinit_input_controller@D3DX@@YGXPAUjpeg_decompress_struct@1@@Z 0041d980 f   d3dx9:jdinput.obj
 0001:0001d400       ?jinit_memory_mgr@D3DX@@YGXPAUjpeg_common_struct@1@@Z 0041e400 f   d3dx9:jmemmgr.obj
 0001:0001d4c0       ?jpeg_abort@D3DX@@YGXPAUjpeg_common_struct@1@@Z 0041e4c0 f   d3dx9:jcomapi.obj
 0001:0001d500       ?jpeg_destroy@D3DX@@YGXPAUjpeg_common_struct@1@@Z 0041e500 f   d3dx9:jcomapi.obj
 0001:0001d520       ?jpeg_alloc_quant_table@D3DX@@YGPAUJQUANT_TBL@1@PAUjpeg_common_struct@1@@Z 0041e520 f   d3dx9:jcomapi.obj
 0001:0001d540       ?jpeg_alloc_huff_table@D3DX@@YGPAUJHUFF_TBL@1@PAUjpeg_common_struct@1@@Z 0041e540 f   d3dx9:jcomapi.obj
 0001:0001d560       ?sse_D3DXInitFastTable@@YAXPAUD3DXFASTTABLE@@@Z 0041e560 f   d3dx9:ssefasttable.obj
 0001:0001d6ce       ?sse2_D3DXInitFastTable@@YAXPAUD3DXFASTTABLE@@@Z 0041e6ce f   d3dx9:ssefasttable2.obj
 0001:0001d832       ?get_feature_flags@@YGIXZ  0041e832 f   d3dx9:d3dxmathx3d.obj
 0001:0001d916       ?x3d_D3DXInitFastTable@@YAXPAUD3DXFASTTABLE@@@Z 0041e916 f   d3dx9:d3dxmathx3d.obj
 0001:0001dbb0       ?jdiv_round_up@D3DX@@YGJJJ@Z 0041ebb0 f   d3dx9:jutils.obj
 0001:0001dbd0       ?jround_up@D3DX@@YGJJJ@Z   0041ebd0 f   d3dx9:jutils.obj
 0001:0001dbf0       ?jcopy_sample_rows@D3DX@@YGXPAPAEH0HHI@Z 0041ebf0 f   d3dx9:jutils.obj
 0001:0001dc40       ?jcopy_block_row@D3DX@@YGXPAY0EA@F0I@Z 0041ec40 f   d3dx9:jutils.obj
 0001:0001dc70       ?jzero_far@D3DX@@YGXPAXI@Z 0041ec70 f   d3dx9:jutils.obj
 0001:0001dc90       _d3dx_inflateReset@4       0041ec90 f   d3dx9:inflate.obj
 0001:0001dccf       _d3dx_inflateEnd@4         0041eccf f   d3dx9:inflate.obj
 0001:0001dd0c       _d3dx_inflateInit2_@16     0041ed0c f   d3dx9:inflate.obj
 0001:0001ddeb       _d3dx_inflateInit_@12      0041edeb f   d3dx9:inflate.obj
 0001:0001de01       _d3dx_inflate@8            0041ee01 f   d3dx9:inflate.obj
 0001:0001e164       ?png_create_struct@D3DX@@YGPAXH@Z 0041f164 f   d3dx9:pngmem.obj
 0001:0001e1a8       ?png_destroy_struct@D3DX@@YGXPAX@Z 0041f1a8 f   d3dx9:pngmem.obj
 0001:0001e1bc       ?png_malloc@D3DX@@YGPAXPAUpng_struct_def@1@K@Z 0041f1bc f   d3dx9:pngmem.obj
 0001:0001e1f3       ?png_free@D3DX@@YGXPAUpng_struct_def@1@PAX@Z 0041f1f3 f   d3dx9:pngmem.obj
 0001:0001e20e       ?png_memcpy_check@D3DX@@YGPAXPAUpng_struct_def@1@PAX1K@Z 0041f20e f   d3dx9:pngmem.obj
 0001:0001e233       ?png_memset_check@D3DX@@YGPAXPAUpng_struct_def@1@PAXHK@Z 0041f233 f   d3dx9:pngmem.obj
 0001:0001e266       ?png_get_uint_32@D3DX@@YGKPAE@Z 0041f266 f   d3dx9:pngrutil.obj
 0001:0001e28b       ?png_crc_read@D3DX@@YGXPAUpng_struct_def@1@PAEI@Z 0041f28b f   d3dx9:pngrutil.obj
 0001:0001e2a2       ?png_crc_error@D3DX@@YGHPAUpng_struct_def@1@@Z 0041f2a2 f   d3dx9:pngrutil.obj
 0001:0001e2fe       ?png_check_chunk_name@D3DX@@YGXPAUpng_struct_def@1@PAE@Z 0041f2fe f   d3dx9:pngrutil.obj
 0001:0001e360       ?png_combine_row@D3DX@@YGXPAUpng_struct_def@1@PAEH@Z 0041f360 f   d3dx9:pngrutil.obj
 0001:0001e576       ?png_do_read_interlace@D3DX@@YGXPAUpng_row_info_struct@1@PAEHK@Z 0041f576 f   d3dx9:pngrutil.obj
 0001:0001e841       ?png_read_filter_row@D3DX@@YGXPAUpng_struct_def@1@PAUpng_row_info_struct@1@PAE2H@Z 0041f841 f   d3dx9:pngrutil.obj
 0001:0001e9ba       ?png_read_start_row@D3DX@@YGXPAUpng_struct_def@1@@Z 0041f9ba f   d3dx9:pngrutil.obj
 0001:0001eb54       ?png_crc_finish@D3DX@@YGHPAUpng_struct_def@1@K@Z 0041fb54 f   d3dx9:pngrutil.obj
 0001:0001ebd9       ?png_handle_IHDR@D3DX@@YGXPAUpng_struct_def@1@PAUpng_info_struct@1@K@Z 0041fbd9 f   d3dx9:pngrutil.obj
 0001:0001edb9       ?png_handle_PLTE@D3DX@@YGXPAUpng_struct_def@1@PAUpng_info_struct@1@K@Z 0041fdb9 f   d3dx9:pngrutil.obj
 0001:0001eed2       ?png_handle_IEND@D3DX@@YGXPAUpng_struct_def@1@PAUpng_info_struct@1@K@Z 0041fed2 f   d3dx9:pngrutil.obj
 0001:0001ef18       ?png_handle_gAMA@D3DX@@YGXPAUpng_struct_def@1@PAUpng_info_struct@1@K@Z 0041ff18 f   d3dx9:pngrutil.obj
 0001:0001f019       ?png_handle_sRGB@D3DX@@YGXPAUpng_struct_def@1@PAUpng_info_struct@1@K@Z 00420019 f   d3dx9:pngrutil.obj
 0001:0001f0fb       ?png_handle_tRNS@D3DX@@YGXPAUpng_struct_def@1@PAUpng_info_struct@1@K@Z 004200fb f   d3dx9:pngrutil.obj
 0001:0001f29c       ?png_handle_unknown@D3DX@@YGXPAUpng_struct_def@1@PAUpng_info_struct@1@K@Z 0042029c f   d3dx9:pngrutil.obj
 0001:0001f2e2       ?png_read_finish_row@D3DX@@YGXPAUpng_struct_def@1@@Z 004202e2 f   d3dx9:pngrutil.obj
 0001:0001f4f2       _d3dx_crc32@12             004204f2 f   d3dx9:crc32.obj
 0001:0001fb90       ?jinit_d_main_controller@D3DX@@YGXPAUjpeg_decompress_struct@1@H@Z 00420b90 f   d3dx9:jdmainct.obj
 0001:00020b50       ?jinit_d_coef_controller@D3DX@@YGXPAUjpeg_decompress_struct@1@H@Z 00421b50 f   d3dx9:jdcoefct.obj
 0001:00020c90       ?jpeg_make_d_derived_tbl@D3DX@@YGXPAUjpeg_decompress_struct@1@HHPAPAUd_derived_tbl@1@@Z 00421c90 f   d3dx9:jdhuff.obj
 0001:00020f60       ?jpeg_fill_bit_buffer@D3DX@@YGHPAUbitread_working_state@1@JHH@Z 00421f60 f   d3dx9:jdhuff.obj
 0001:00021080       ?jpeg_huff_decode@D3DX@@YGHPAUbitread_working_state@1@JHPAUd_derived_tbl@1@H@Z 00422080 f   d3dx9:jdhuff.obj
 0001:00021720       ?jinit_huff_decoder@D3DX@@YGXPAUjpeg_decompress_struct@1@@Z 00422720 f   d3dx9:jdhuff.obj
 0001:00022360       ?jinit_phuff_decoder@D3DX@@YGXPAUjpeg_decompress_struct@1@@Z 00423360 f   d3dx9:jdphuff.obj
 0001:000227d0       ?jinit_inverse_dct@D3DX@@YGXPAUjpeg_decompress_struct@1@@Z 004237d0 f   d3dx9:jddctmgr.obj
 0001:00022950       ?jinit_d_post_controller@D3DX@@YGXPAUjpeg_decompress_struct@1@H@Z 00423950 f   d3dx9:jdpostct.obj
 0001:00023840       ?jinit_upsampler@D3DX@@YGXPAUjpeg_decompress_struct@1@@Z 00424840 f   d3dx9:jdsample.obj
 0001:000250a0       ?jpeg_mem_term@D3DX@@YGXPAUjpeg_common_struct@1@@Z 004260a0 f   d3dx9:jmemansi.obj
 0001:000250b0       ?jinit_color_deconverter@D3DX@@YGXPAUjpeg_decompress_struct@1@@Z 004260b0 f   d3dx9:jdcolor.obj
 0001:00025d50       ?jinit_merged_upsampler@D3DX@@YGXPAUjpeg_decompress_struct@1@@Z 00426d50 f   d3dx9:jdmerge.obj
 0001:00025dd0       ?jpeg_free_large@D3DX@@YGXPAUjpeg_common_struct@1@PAXI@Z 00426dd0 f   d3dx9:jmemansi.obj
 0001:00025dd0       ?jpeg_free_small@D3DX@@YGXPAUjpeg_common_struct@1@PAXI@Z 00426dd0 f   d3dx9:jmemansi.obj
 0001:00025df0       ?jpeg_get_large@D3DX@@YGPAXPAUjpeg_common_struct@1@I@Z 00426df0 f   d3dx9:jmemansi.obj
 0001:00025df0       ?jpeg_get_small@D3DX@@YGPAXPAUjpeg_common_struct@1@I@Z 00426df0 f   d3dx9:jmemansi.obj
 0001:00025e20       ?jpeg_mem_available@D3DX@@YGJPAUjpeg_common_struct@1@JJJ@Z 00426e20 f   d3dx9:jmemansi.obj
 0001:00025f20       ?jpeg_open_backing_store@D3DX@@YGXPAUjpeg_common_struct@1@PAUbacking_store_struct@1@J@Z 00426f20 f   d3dx9:jmemansi.obj
 0001:00025f70       ?jpeg_mem_init@D3DX@@YGJPAUjpeg_common_struct@1@@Z 00426f70 f   d3dx9:jmemansi.obj
 0001:00025f80       ?sse_D3DXQuaternionMultiply@@YGPAUD3DXQUATERNION@@PAU1@PBU1@1@Z 00426f80 f   d3dx9:d3dxquatsse.obj
 0001:00025ff9       ?sse_D3DXQuaternionNormalize@@YGPAUD3DXQUATERNION@@PAU1@PBU1@@Z 00426ff9 f   d3dx9:d3dxquatsse.obj
 0001:00026093       ?sse_D3DXQuaternionInverse@@YGPAUD3DXQUATERNION@@PAU1@PBU1@@Z 00427093 f   d3dx9:d3dxquatsse.obj
 0001:00026111       ?sse_D3DXQuaternionRotationYawPitchRoll@@YGPAUD3DXQUATERNION@@PAU1@MMM@Z 00427111 f   d3dx9:d3dxquatsse.obj
 0001:000261d3       ??0KMATRIX@@QAE@ABUD3DXMATRIX@@@Z 004271d3 f i d3dx9:arraymath.obj
 0001:0002634d       ?sse_D3DXVec3TransformArray@@YGPAUD3DXVECTOR4@@PAU1@IPBUD3DXVECTOR3@@IPBUD3DXMATRIX@@I@Z 0042734d f   d3dx9:arraymath.obj
 0001:00026553       ?sse_D3DXVec2TransformArray@@YGPAUD3DXVECTOR4@@PAU1@IPBUD3DXVECTOR2@@IPBUD3DXMATRIX@@I@Z 00427553 f   d3dx9:arraymath.obj
 0001:000266e1       ?sse_D3DXVec2TransformCoordArray@@YGPAUD3DXVECTOR2@@PAU1@IPBU1@IPBUD3DXMATRIX@@I@Z 004276e1 f   d3dx9:arraymath.obj
 0001:00026847       ?sse_D3DXVec2TransformNormalArray@@YGPAUD3DXVECTOR2@@PAU1@IPBU1@IPBUD3DXMATRIX@@I@Z 00427847 f   d3dx9:arraymath.obj
 0001:00026957       ?sse_D3DXVec4TransformArray@@YGPAUD3DXVECTOR4@@PAU1@IPBU1@IPBUD3DXMATRIX@@I@Z 00427957 f   d3dx9:arraymath.obj
 0001:00026b95       ?sse_D3DXVec3TransformNormalArray@@YGPAUD3DXVECTOR3@@PAU1@IPBU1@IPBUD3DXMATRIX@@I@Z 00427b95 f   d3dx9:arraymath.obj
 0001:00026d65       ?sse_D3DXVec3TransformCoordArray@@YGPAUD3DXVECTOR3@@PAU1@IPBU1@IPBUD3DXMATRIX@@I@Z 00427d65 f   d3dx9:arraymath.obj
 0001:00026f96       ?sse_D3DXPSGPUpdateSkinnedMesh@@YGXPBUD3DXMATRIX@@0PAE1KKPAPAE2KKPAMH@Z 00427f96 f   d3dx9:skinning.obj
 0001:00027618       ?sse_D3DXFloat16To32Array@@YGPAMPAMPBUD3DXFLOAT16@@I@Z 00428618 f   d3dx9:float16.obj
 0001:000276ec       ?sse_D3DXVec2Transform@@YGPAUD3DXVECTOR4@@PAU1@PBUD3DXVECTOR2@@PBUD3DXMATRIX@@@Z 004286ec f   d3dx9:d3dxmathsse.obj
 0001:0002772a       ?sse_D3DXVec2TransformCoord@@YGPAUD3DXVECTOR2@@PAU1@PBU1@PBUD3DXMATRIX@@@Z 0042872a f   d3dx9:d3dxmathsse.obj
 0001:00027781       ?sse_D3DXVec2TransformNormal@@YGPAUD3DXVECTOR2@@PAU1@PBU1@PBUD3DXMATRIX@@@Z 00428781 f   d3dx9:d3dxmathsse.obj
 0001:000277b8       ?sse2_D3DXVec4Transform@@YGPAUD3DXVECTOR4@@PAU1@PBU1@PBUD3DXMATRIX@@@Z 004287b8 f   d3dx9:d3dxmathsse2.obj
 0001:000277b8       ?sse_D3DXVec4Transform@@YGPAUD3DXVECTOR4@@PAU1@PBU1@PBUD3DXMATRIX@@@Z 004287b8 f   d3dx9:d3dxmathsse.obj
 0001:00027884       ?sse2_D3DXMatrixMultiply@@YGPAUD3DXMATRIX@@PAU1@PBU1@1@Z 00428884 f   d3dx9:d3dxmathsse2.obj
 0001:00027884       ?sse_D3DXMatrixMultiply@@YGPAUD3DXMATRIX@@PAU1@PBU1@1@Z 00428884 f   d3dx9:d3dxmathsse.obj
 0001:000279b8       ?sse_D3DXMatrixInverse@@YGPAUD3DXMATRIX@@PAU1@PAMPBU1@@Z 004289b8 f   d3dx9:d3dxmathsse.obj
 0001:000279b8       ?sse2_D3DXMatrixInverse@@YGPAUD3DXMATRIX@@PAU1@PAMPBU1@@Z 004289b8 f   d3dx9:d3dxmathsse2.obj
 0001:00027cb4       ?sse_D3DXVec4Cross@@YGPAUD3DXVECTOR4@@PAU1@PBU1@11@Z 00428cb4 f   d3dx9:d3dxmathsse.obj
 0001:00027d74       ?sse_D3DXVec4Normalize@@YGPAUD3DXVECTOR4@@PAU1@PBU1@@Z 00428d74 f   d3dx9:d3dxmathsse.obj
 0001:00027e0e       ?sse_D3DXVec3CatmullRom@@YGPAUD3DXVECTOR3@@PAU1@PBU1@111M@Z 00428e0e f   d3dx9:d3dxmathsse.obj
 0001:00027ec0       ?sse_D3DXVec2CatmullRom@@YGPAUD3DXVECTOR2@@PAU1@PBU1@111M@Z 00428ec0 f   d3dx9:d3dxmathsse.obj
 0001:00027f45       ?sse_D3DXVec4CatmullRom@@YGPAUD3DXVECTOR4@@PAU1@PBU1@111M@Z 00428f45 f   d3dx9:d3dxmathsse.obj
 0001:00027fea       ?sse_D3DXVec3Hermite@@YGPAUD3DXVECTOR3@@PAU1@PBU1@111M@Z 00428fea f   d3dx9:d3dxmathsse.obj
 0001:0002809d       ?sse_D3DXVec4Hermite@@YGPAUD3DXVECTOR4@@PAU1@PBU1@111M@Z 0042909d f   d3dx9:d3dxmathsse.obj
 0001:00028137       ?sse_D3DXVec2Hermite@@YGPAUD3DXVECTOR2@@PAU1@PBU1@111M@Z 00429137 f   d3dx9:d3dxmathsse.obj
 0001:000281bd       ?sse_D3DXVec3BaryCentric@@YGPAUD3DXVECTOR3@@PAU1@PBU1@11MM@Z 004291bd f   d3dx9:d3dxmathsse.obj
 0001:0002821a       ?sse_D3DXVec4BaryCentric@@YGPAUD3DXVECTOR4@@PAU1@PBU1@11MM@Z 0042921a f   d3dx9:d3dxmathsse.obj
 0001:00028263       ?sse_D3DXVec2BaryCentric@@YGPAUD3DXVECTOR2@@PAU1@PBU1@11MM@Z 00429263 f   d3dx9:d3dxmathsse.obj
 0001:000282b5       ?sse_D3DXPlaneIntersectLine@@YGPAUD3DXVECTOR3@@PAU1@PBUD3DXPLANE@@PBU1@2@Z 004292b5 f   d3dx9:d3dxmathsse.obj
 0001:00028363       ?sse_D3DXMatrixDeterminant@@YGMPBUD3DXMATRIX@@@Z 00429363 f   d3dx9:d3dxmathsse.obj
 0001:00028363       ?sse2_D3DXMatrixDeterminant@@YGMPBUD3DXMATRIX@@@Z 00429363 f   d3dx9:d3dxmathsse2.obj
 0001:0002846e       ?sse_D3DXPlaneFromPoints@@YGPAUD3DXPLANE@@PAU1@PBUD3DXVECTOR3@@11@Z 0042946e f   d3dx9:d3dxmathsse.obj
 0001:0002856e       ?sse_D3DXMatrixReflect@@YGPAUD3DXMATRIX@@PAU1@PBUD3DXPLANE@@@Z 0042956e f   d3dx9:d3dxmathsse.obj
 0001:0002867a       ?sse_D3DXVec3TransformNormal@@YGPAUD3DXVECTOR3@@PAU1@PBU1@PBUD3DXMATRIX@@@Z 0042967a f   d3dx9:d3dxmathsse.obj
 0001:0002867a       ?sse2_D3DXVec3TransformNormal@@YGPAUD3DXVECTOR3@@PAU1@PBU1@PBUD3DXMATRIX@@@Z 0042967a f   d3dx9:d3dxmathsse2.obj
 0001:0002874f       ?sse_D3DXVec3Normalize@@YGPAUD3DXVECTOR3@@PAU1@PBU1@@Z 0042974f f   d3dx9:d3dxmathsse.obj
 0001:0002874f       ?sse2_D3DXVec3Normalize@@YGPAUD3DXVECTOR3@@PAU1@PBU1@@Z 0042974f f   d3dx9:d3dxmathsse2.obj
 0001:0002883f       ?sse_D3DXPlaneNormalize@@YGPAUD3DXPLANE@@PAU1@PBU1@@Z 0042983f f   d3dx9:d3dxmathsse.obj
[...]
 0001:00021c30       ?decode_mcu_DC_refine@D3DX@@YGHPAUjpeg_decompress_struct@1@PAPAY0EA@F@Z 00422c30 f   d3dx9:jdphuff.obj
 0001:00021d30       ?decode_mcu_AC_refine@D3DX@@YGHPAUjpeg_decompress_struct@1@PAPAY0EA@F@Z 00422d30 f   d3dx9:jdphuff.obj
 0001:00022120       ?start_pass_phuff_decoder@D3DX@@YGXPAUjpeg_decompress_struct@1@@Z 00423120 f   d3dx9:jdphuff.obj
 0001:000223c0       ?start_pass@D3DX@@YGXPAUjpeg_decompress_struct@1@@Z 004233c0 f   d3dx9:jddctmgr.obj
 0001:00022850       ?post_process_1pass@D3DX@@YGXPAUjpeg_decompress_struct@1@PAPAPAEPAIIPAPAE2I@Z 00423850 f   d3dx9:jdpostct.obj
 0001:000228d0       ?start_pass_dpost@D3DX@@YGXPAUjpeg_decompress_struct@1@W4J_BUF_MODE@1@@Z 004238d0 f   d3dx9:jdpostct.obj
 0001:000229c0       ?start_pass_upsample@D3DX@@YGXPAUjpeg_decompress_struct@1@@Z 004239c0 f   d3dx9:jdsample.obj
 0001:000229e0       ?sep_upsample@D3DX@@YGXPAUjpeg_decompress_struct@1@PAPAPAEPAIIPAPAE2I@Z 004239e0 f   d3dx9:jdsample.obj
 0001:00022ac0       ?fullsize_upsample@D3DX@@YGXPAUjpeg_decompress_struct@1@PAUjpeg_component_info@1@PAPAEPAPAPAE@Z 00423ac0 f   d3dx9:jdsample.obj
 0001:00022ad0       ?noop_upsample@D3DX@@YGXPAUjpeg_decompress_struct@1@PAUjpeg_component_info@1@PAPAEPAPAPAE@Z 00423ad0 f   d3dx9:jdsample.obj
 0001:00022ae0       ?int_upsample@D3DX@@YGXPAUjpeg_decompress_struct@1@PAUjpeg_component_info@1@PAPAEPAPAPAE@Z 00423ae0 f   d3dx9:jdsample.obj
 0001:00022be0       ?h2v1_upsample@D3DX@@YGXPAUjpeg_decompress_struct@1@PAUjpeg_component_info@1@PAPAEPAPAPAE@Z 00423be0 f   d3dx9:jdsample.obj
 0001:00022c40       ?h2v2_upsample@D3DX@@YGXPAUjpeg_decompress_struct@1@PAUjpeg_component_info@1@PAPAEPAPAPAE@Z 00423c40 f   d3dx9:jdsample.obj
 0001:00022cc0       ?h2v1_fancy_upsample_orig@D3DX@@YGXPAUjpeg_decompress_struct@1@PAUjpeg_component_info@1@PAPAEPAPAPAE@Z 00423cc0 f   d3dx9:jdsample.obj
 0001:00022d80       ?h2v1_fancy_upsample_mmx@D3DX@@YGXPAUjpeg_decompress_struct@1@PAUjpeg_component_info@1@PAPAEPAPAPAE@Z 00423d80 f   d3dx9:jdsample.obj
 0001:00023010       ?h2v2_fancy_upsample_orig@D3DX@@YGXPAUjpeg_decompress_struct@1@PAUjpeg_component_info@1@PAPAEPAPAPAE@Z 00424010 f   d3dx9:jdsample.obj
 0001:00023170       ?h2v2_fancy_upsample_mmx@D3DX@@YGXPAUjpeg_decompress_struct@1@PAUjpeg_component_info@1@PAPAEPAPAPAE@Z 00424170 f   d3dx9:jdsample.obj
 0001:00023740       ?h2v1_fancy_upsample@D3DX@@YGXPAUjpeg_decompress_struct@1@PAUjpeg_component_info@1@PAPAEPAPAPAE@Z 00424740 f   d3dx9:jdsample.obj
 0001:000237c0       ?h2v2_fancy_upsample@D3DX@@YGXPAUjpeg_decompress_struct@1@PAUjpeg_component_info@1@PAPAEPAPAPAE@Z 004247c0 f   d3dx9:jdsample.obj
 0001:00023a30       ?build_ycc_rgb_table@D3DX@@YGXPAUjpeg_decompress_struct@1@@Z 00424a30 f   d3dx9:jdcolor.obj
 0001:00023b00       ?ycc_rgb_convert@D3DX@@YGXPAUjpeg_decompress_struct@1@PAPAPAEIPAPAEH@Z 00424b00 f   d3dx9:jdcolor.obj
 0001:00023c30       ?ycc_rgb_convert_mmx@D3DX@@YGXPAUjpeg_decompress_struct@1@PAPAPAEIPAPAEH@Z 00424c30 f   d3dx9:jdcolor.obj
 0001:00023da0       ?null_convert@D3DX@@YGXPAUjpeg_decompress_struct@1@PAPAPAEIPAPAEH@Z 00424da0 f   d3dx9:jdcolor.obj
 0001:00023e30       ?grayscale_convert@D3DX@@YGXPAUjpeg_decompress_struct@1@PAPAPAEIPAPAEH@Z 00424e30 f   d3dx9:jdcolor.obj
 0001:00023e60       ?gray_rgb_convert@D3DX@@YGXPAUjpeg_decompress_struct@1@PAPAPAEIPAPAEH@Z 00424e60 f   d3dx9:jdcolor.obj
 0001:00023ec0       ?ycck_cmyk_convert@D3DX@@YGXPAUjpeg_decompress_struct@1@PAPAPAEIPAPAEH@Z 00424ec0 f   d3dx9:jdcolor.obj
 0001:00024030       ?build_cmyk_rgb_table@D3DX@@YGXPAUjpeg_decompress_struct@1@@Z 00425030 f   d3dx9:jdcolor.obj
 0001:00024c90       ?cmyk_rgb_convert@D3DX@@YGXPAUjpeg_decompress_struct@1@PAPAPAEIPAPAEH@Z 00425c90 f   d3dx9:jdcolor.obj
 0001:00024e70       ?ycck_rgb_convert@D3DX@@YGXPAUjpeg_decompress_struct@1@PAPAPAEIPAPAEH@Z 00425e70 f   d3dx9:jdcolor.obj
 0001:000250a0       ?start_pass_dcolor@D3DX@@YGXPAUjpeg_decompress_struct@1@@Z 004260a0 f   d3dx9:jdcolor.obj
 0001:00025280       ?build_ycc_rgb_table@D3DX@@YGXPAUjpeg_decompress_struct@1@@Z 00426280 f   d3dx9:jdmerge.obj
 0001:00025350       ?start_pass_merged_upsample@D3DX@@YGXPAUjpeg_decompress_struct@1@@Z 00426350 f   d3dx9:jdmerge.obj
 0001:00025370       ?merged_2v_upsample@D3DX@@YGXPAUjpeg_decompress_struct@1@PAPAPAEPAIIPAPAE2I@Z 00426370 f   d3dx9:jdmerge.obj
 0001:00025440       ?merged_1v_upsample@D3DX@@YGXPAUjpeg_decompress_struct@1@PAPAPAEPAIIPAPAE2I@Z 00426440 f   d3dx9:jdmerge.obj
 0001:00025480       ?h2v1_merged_upsample@D3DX@@YGXPAUjpeg_decompress_struct@1@PAPAPAEIPAPAE@Z 00426480 f   d3dx9:jdmerge.obj
 0001:000255d0       ?h2v2_merged_upsample_orig@D3DX@@YGXPAUjpeg_decompress_struct@1@PAPAPAEIPAPAE@Z 004265d0 f   d3dx9:jdmerge.obj
 0001:00025800       ?h2v2_merged_upsample_mmx@D3DX@@YGXPAUjpeg_decompress_struct@1@PAPAPAEIPAPAE@Z 00426800 f   d3dx9:jdmerge.obj
 0001:00025d10       ?h2v2_merged_upsample@D3DX@@YGXPAUjpeg_decompress_struct@1@PAPAPAEIPAPAE@Z 00426d10 f   d3dx9:jdmerge.obj
 0001:00025e40       ?read_backing_store@D3DX@@YGXPAUjpeg_common_struct@1@PAUbacking_store_struct@1@PAXJJ@Z 00426e40 f   d3dx9:jmemansi.obj
 0001:00025ea0       ?write_backing_store@D3DX@@YGXPAUjpeg_common_struct@1@PAUbacking_store_struct@1@PAXJJ@Z 00426ea0 f   d3dx9:jmemansi.obj
 0001:00025f00       ?close_backing_store@D3DX@@YGXPAUjpeg_common_struct@1@PAUbacking_store_struct@1@@Z 00426f00 f   d3dx9:jmemansi.obj
 0001:000274ee       ?SSEFloat16Conversion8@@YGXXZ 004284ee f   d3dx9:float16.obj
 0001:00029764       ?SSEFloat16Conversion8@@YGXXZ 0042a764 f   d3dx9:float162.obj
 0001:0002a3c0       ProcPrologue               0042b3c0 f   d3dx9:d3dxplane.obj
 0001:0002a3fa       TransformLoop              0042b3fa f   d3dx9:d3dxplane.obj
 0001:0002a440       ProcEpilog                 0042b440 f   d3dx9:d3dxplane.obj
 0001:0002a480       ProcPrologue               0042b480 f   d3dx9:d3dxvec4.obj
 0001:0002a4ba       TransformLoop              0042b4ba f   d3dx9:d3dxvec4.obj
 0001:0002a500       ProcEpilog                 0042b500 f   d3dx9:d3dxvec4.obj
 0001:0002a540       ProcPrologue               0042b540 f   d3dx9:d3dxvec2.obj
 0001:0002a580       ScalarLoop                 0042b580 f   d3dx9:d3dxvec2.obj
 0001:0002a5b9       SIMDMatrix                 0042b5b9 f   d3dx9:d3dxvec2.obj
 0001:0002a67d       TransformLoop              0042b67d f   d3dx9:d3dxvec2.obj
 0001:0002a751       PostTransformLoop          0042b751 f   d3dx9:d3dxvec2.obj
 0001:0002a779       ProcEpilog                 0042b779 f   d3dx9:d3dxvec2.obj
 0001:0002a7a0       ProcPrologue               0042b7a0 f   d3dx9:d3dxvec2.obj
 0001:0002a7e0       ScalarLoop                 0042b7e0 f   d3dx9:d3dxvec2.obj
 0001:0002a819       SIMDMatrix                 0042b819 f   d3dx9:d3dxvec2.obj
 0001:0002a8dd       TransformLoop              0042b8dd f   d3dx9:d3dxvec2.obj
 0001:0002a997       PostTransformLoop          0042b997 f   d3dx9:d3dxvec2.obj
 0001:0002a9bf       ProcEpilog                 0042b9bf f   d3dx9:d3dxvec2.obj
 0001:0002aa00       ProcPrologue               0042ba00 f   d3dx9:d3dxvec2.obj
 0001:0002aa40       ScalarLoop                 0042ba40 f   d3dx9:d3dxvec2.obj
 0001:0002aa79       SIMDMatrix                 0042ba79 f   d3dx9:d3dxvec2.obj
 0001:0002aaf9       TransformLoop              0042baf9 f   d3dx9:d3dxvec2.obj
 0001:0002ab68       PostTransformLoop          0042bb68 f   d3dx9:d3dxvec2.obj
 0001:0002ab90       ProcEpilog                 0042bb90 f   d3dx9:d3dxvec2.obj
 0001:0002abc0       ProcPrologue               0042bbc0 f   d3dx9:d3dxvec3.obj
 0001:0002abfa       TransformLoop              0042bbfa f   d3dx9:d3dxvec3.obj
 0001:0002ac34       ProcEpilog                 0042bc34 f   d3dx9:d3dxvec3.obj
 0001:0002ac60       ProcPrologue               0042bc60 f   d3dx9:d3dxvec3.obj
 0001:0002aca0       ScalarLoop                 0042bca0 f   d3dx9:d3dxvec3.obj
 0001:0002acd9       SIMDMatrix                 0042bcd9 f   d3dx9:d3dxvec3.obj
 0001:0002ade1       TransformLoop              0042bde1 f   d3dx9:d3dxvec3.obj
 0001:0002af2f       PostTransformLoop          0042bf2f f   d3dx9:d3dxvec3.obj
 0001:0002af57       ProcEpilog                 0042bf57 f   d3dx9:d3dxvec3.obj
 0001:0002af80       ProcPrologue               0042bf80 f   d3dx9:d3dxvec3.obj
 0001:0002afc0       ScalarLoop                 0042bfc0 f   d3dx9:d3dxvec3.obj
 0001:0002aff9       SIMDMatrix                 0042bff9 f   d3dx9:d3dxvec3.obj
 0001:0002b0bd       TransformLoop              0042c0bd f   d3dx9:d3dxvec3.obj
 0001:0002b1ae       PostTransformLoop          0042c1ae f   d3dx9:d3dxvec3.obj
 0001:0002b1d6       ProcEpilog                 0042c1d6 f   d3dx9:d3dxvec3.obj
 0001:00030f80       ProcPrologue               00431f80 f   d3dx9:d3dxfloat16.obj
 0001:00030fbf       Float16Algo                00431fbf f   d3dx9:d3dxfloat16.obj
 0001:00031072       PostFloat16Algo            00432072 f   d3dx9:d3dxfloat16.obj
 0001:00031092       ProcEpilog                 00432092 f   d3dx9:d3dxfloat16.obj
 0001:000310c0       ProcPrologue               004320c0 f   d3dx9:d3dxfloat16.obj
 0001:00031103       Float32Algo                00432103 f   d3dx9:d3dxfloat16.obj
 0001:00031202       PostFloat32Algo            00432202 f   d3dx9:d3dxfloat16.obj
 0001:00031222       ProcEpilog                 00432222 f   d3dx9:d3dxfloat16.obj
 0001:00036e40       exception                  00437e40 f   d3dx9:amdmath.obj
 0001:00036e5c       ending                     00437e5c f   d3dx9:amdmath.obj
 0001:00036ec0       exception                  00437ec0 f   d3dx9:amdmath.obj
 0001:00036f60       x5                         00437f60 f   d3dx9:amdmath.obj
 0001:00036fd4       x7                         00437fd4 f   d3dx9:amdmath.obj
 0001:00036fda       ending                     00437fda f   d3dx9:amdmath.obj
 0001:00037060       x5                         00438060 f   d3dx9:amdmath.obj
 0001:000370d4       x7                         004380d4 f   d3dx9:amdmath.obj
 0001:000370da       ending                     004380da f   d3dx9:amdmath.obj
 0001:00037160       x5                         00438160 f   d3dx9:amdmath.obj
 0001:000371d4       x7                         004381d4 f   d3dx9:amdmath.obj
 0001:000371da       ending                     004381da f   d3dx9:amdmath.obj
 0001:00037933       _huft_build@40             00438933 f   d3dx9:inftrees.obj
 0001:000382f0       _pre_cpp_init              004392f0 f   MSVCRT:crtexew.obj
 0001:0003833b       ___tmainCRTStartup         0043933b f   MSVCRT:crtexew.obj
 0001:0003851a       _pre_c_init                0043951a f   MSVCRT:crtexew.obj
 0001:00038ac2       ?cleanD3D@@YAXXZ           00439ac2 f    CIL library: CIL module
 0001:00038b63       ?WindowProc@@YGJPAUHWND__@@IIJ@Z 00439b63 f    CIL library: CIL module
 0001:00038bb5       ?get_profile_string@@YA?AV?$basic_string@DU?$char_traits@D@std@@V?$allocator@D@2@@std@@PBD000@Z 00439bb5 f    CIL library: CIL module
 0001:00038c0f       ?workingdir@@YA?AV?$basic_string@DU?$char_traits@D@std@@V?$allocator@D@2@@std@@XZ 00439c0f f    CIL library: CIL module
 0001:00038c81       ?NewTexture@@YAXPBDW4_D3DFORMAT@@PAPAUIDirect3DTexture9@@@Z 00439c81 f    CIL library: CIL module
 0001:00038caf       ?playSnd@@YAXE@Z           00439caf f    CIL library: CIL module
 0001:00038cd0       ?drawText@@YAXHPADHHHHK@Z  00439cd0 f    CIL library: CIL module
 0001:00038d11       ?random@@YAHHH@Z           00439d11 f    CIL library: CIL module
 0001:00038d25       ?ifSelectedCard@@YA_NH@Z   00439d25 f    CIL library: CIL module
 0001:00038d5a       ?flipCard@@YAXXZ           00439d5a f    CIL library: CIL module
 0001:00038e0f       ?selectCard@@YAXH@Z        00439e0f f    CIL library: CIL module
 0001:00038faf       ?initD3D@@YAXPAUHWND__@@@Z 00439faf f    CIL library: CIL module
 0001:000398f5       ?render_frame@@YAXXZ       0043a8f5 f    CIL library: CIL module
 0001:0003c2a2       _has_osfxsr_set            0043d2a2 f   MSVCRT:cpu_disp.obj
 0001:0003c369       __unwindfunclet$??0sentry@?$basic_ostream@DU?$char_traits@D@std@@@std@@QAE@AAV12@@Z$0 0043d369 f    CIL library: CIL module
 0001:0003c369       __unwindfunclet$??1sentry@?$basic_ostream@DU?$char_traits@D@std@@@std@@QAE@XZ$0 0043d369 f    CIL library: CIL module
 0001:0003c371       __ehhandler$??0sentry@?$basic_ostream@DU?$char_traits@D@std@@@std@@QAE@AAV12@@Z 0043d371 f    CIL library: CIL module
 0001:0003c371       __ehhandler$??1sentry@?$basic_ostream@DU?$char_traits@D@std@@@std@@QAE@XZ 0043d371 f    CIL library: CIL module
 0001:0003c38c       __unwindfunclet$?workingdir@@YA?AV?$basic_string@DU?$char_traits@D@std@@V?$allocator@D@2@@std@@XZ$0 0043d38c f    CIL library: CIL module
 0001:0003c398       __unwindfunclet$?workingdir@@YA?AV?$basic_string@DU?$char_traits@D@std@@V?$allocator@D@2@@std@@XZ$1 0043d398 f    CIL library: CIL module
 0001:0003c3bb       __ehhandler$?workingdir@@YA?AV?$basic_string@DU?$char_traits@D@std@@V?$allocator@D@2@@std@@XZ 0043d3bb f    CIL library: CIL module
 0001:0003c3e3       __unwindfunclet$?initD3D@@YAXPAUHWND__@@@Z$0 0043d3e3 f    CIL library: CIL module
 0001:0003c3ec       __ehhandler$?initD3D@@YAXPAUHWND__@@@Z 0043d3ec f    CIL library: CIL module
 0001:0003c407       __unwindfunclet$?render_frame@@YAXXZ$0 0043d407 f    CIL library: CIL module
 0001:0003c410       __unwindfunclet$?render_frame@@YAXXZ$1 0043d410 f    CIL library: CIL module
 0001:0003c419       __unwindfunclet$?render_frame@@YAXXZ$2 0043d419 f    CIL library: CIL module
 0001:0003c422       __unwindfunclet$?render_frame@@YAXXZ$3 0043d422 f    CIL library: CIL module
 0001:0003c42b       __unwindfunclet$?render_frame@@YAXXZ$4 0043d42b f    CIL library: CIL module
 0001:0003c434       __unwindfunclet$?render_frame@@YAXXZ$5 0043d434 f    CIL library: CIL module
 0001:0003c43d       __unwindfunclet$?render_frame@@YAXXZ$6 0043d43d f    CIL library: CIL module
 0001:0003c446       __unwindfunclet$?render_frame@@YAXXZ$8 0043d446 f    CIL library: CIL module
 0001:0003c44f       __unwindfunclet$?render_frame@@YAXXZ$9 0043d44f f    CIL library: CIL module
 0001:0003c458       __unwindfunclet$?render_frame@@YAXXZ$11 0043d458 f    CIL library: CIL module
 0001:0003c461       __unwindfunclet$?render_frame@@YAXXZ$12 0043d461 f    CIL library: CIL module
 0001:0003c46a       __unwindfunclet$?render_frame@@YAXXZ$13 0043d46a f    CIL library: CIL module
 0001:0003c473       __unwindfunclet$?render_frame@@YAXXZ$14 0043d473 f    CIL library: CIL module
 0001:0003c47c       __unwindfunclet$?render_frame@@YAXXZ$15 0043d47c f    CIL library: CIL module
 0001:0003c485       __unwindfunclet$?render_frame@@YAXXZ$16 0043d485 f    CIL library: CIL module
 0001:0003c48e       __unwindfunclet$?render_frame@@YAXXZ$17 0043d48e f    CIL library: CIL module
 0001:0003c497       __unwindfunclet$?render_frame@@YAXXZ$18 0043d497 f    CIL library: CIL module
 0001:0003c4a0       __unwindfunclet$?render_frame@@YAXXZ$19 0043d4a0 f    CIL library: CIL module
 0001:0003c4a9       __unwindfunclet$?render_frame@@YAXXZ$20 0043d4a9 f    CIL library: CIL module
 0001:0003c4b2       __unwindfunclet$?render_frame@@YAXXZ$21 0043d4b2 f    CIL library: CIL module
 0001:0003c4bb       __unwindfunclet$?render_frame@@YAXXZ$22 0043d4bb f    CIL library: CIL module
 0001:0003c4c4       __unwindfunclet$?render_frame@@YAXXZ$23 0043d4c4 f    CIL library: CIL module
 0001:0003c4cd       __unwindfunclet$?render_frame@@YAXXZ$24 0043d4cd f    CIL library: CIL module
 0001:0003c4d6       __unwindfunclet$?render_frame@@YAXXZ$25 0043d4d6 f    CIL library: CIL module
 0001:0003c4df       __unwindfunclet$?render_frame@@YAXXZ$26 0043d4df f    CIL library: CIL module
 0001:0003c4e8       __unwindfunclet$?render_frame@@YAXXZ$27 0043d4e8 f    CIL library: CIL module
 0001:0003c4f1       __unwindfunclet$?render_frame@@YAXXZ$28 0043d4f1 f    CIL library: CIL module
 0001:0003c4fa       __unwindfunclet$?render_frame@@YAXXZ$29 0043d4fa f    CIL library: CIL module
 0001:0003c503       __unwindfunclet$?render_frame@@YAXXZ$31 0043d503 f    CIL library: CIL module
 0001:0003c50c       __ehhandler$?render_frame@@YAXXZ 0043d50c f    CIL library: CIL module
 0001:0003c527       __unwindfunclet$??$?6U?$char_traits@D@std@@@std@@YAAAV?$basic_ostream@DU?$char_traits@D@std@@@0@AAV10@PBD@Z$2 0043d527 f    CIL library: CIL module
 0001:0003c531       __ehhandler$??$?6U?$char_traits@D@std@@@std@@YAAAV?$basic_ostream@DU?$char_traits@D@std@@@0@AAV10@PBD@Z 0043d531 f    CIL library: CIL module
 0001:0003c54c       ??__Ewav_bonus@@YAXXZ      0043d54c f    CIL library: CIL module
 0001:0003c56e       ??__Ewav_count11up@@YAXXZ  0043d56e f    CIL library: CIL module
 0001:0003c590       ??__Ewav_count11upstop@@YAXXZ 0043d590 f    CIL library: CIL module
 0001:0003c5b2       ??__Ewav_deckbonus@@YAXXZ  0043d5b2 f    CIL library: CIL module
 0001:0003c5d4       ??__Ewav_error@@YAXXZ      0043d5d4 f    CIL library: CIL module
 0001:0003c5f6       ??__Ewav_flipcard@@YAXXZ   0043d5f6 f    CIL library: CIL module
 0001:0003c618       ??__Ewav_hurryup@@YAXXZ    0043d618 f    CIL library: CIL module
 0001:0003c63a       ??__Ewav_match@@YAXXZ      0043d63a f    CIL library: CIL module
 0001:0003c65c       ??__Ewav_newround@@YAXXZ   0043d65c f    CIL library: CIL module
 0001:0003c67e       ??__Ewav_null@@YAXXZ       0043d67e f    CIL library: CIL module
 0001:0003c6a0       ??__Ewav_select@@YAXXZ     0043d6a0 f    CIL library: CIL module
 0001:0003c6c2       ??__Ewav_speedbonus@@YAXXZ 0043d6c2 f    CIL library: CIL module
 0001:0003c6e4       ??__Ewav_winner@@YAXXZ     0043d6e4 f    CIL library: CIL module
 0001:0003c706       ??__Ewav_winround1@@YAXXZ  0043d706 f    CIL library: CIL module
 0001:0003c728       ??__Ewav_winround2@@YAXXZ  0043d728 f    CIL library: CIL module
 0001:0003c74a       ??__Ewav_winround3@@YAXXZ  0043d74a f    CIL library: CIL module
 0001:0003c76c       ??__Estringstream@@YAXXZ   0043d76c f    CIL library: CIL module
 0001:0003c787       ??__EcustomCards@@YAXXZ    0043d787 f    CIL library: CIL module
 0001:0003c7a3       ??__EcustomDeck@@YAXXZ     0043d7a3 f    CIL library: CIL module
 0001:0003c7bf       ??__Enewscore@@YAXXZ       0043d7bf f    CIL library: CIL module
 0001:0003c7db       ??__Fwav_bonus@@YAXXZ      0043d7db f    CIL library: CIL module
 0001:0003c7e6       ??__Fwav_count11up@@YAXXZ  0043d7e6 f    CIL library: CIL module
 0001:0003c7f1       ??__Fwav_count11upstop@@YAXXZ 0043d7f1 f    CIL library: CIL module
 0001:0003c7fc       ??__Fwav_deckbonus@@YAXXZ  0043d7fc f    CIL library: CIL module
 0001:0003c807       ??__Fwav_error@@YAXXZ      0043d807 f    CIL library: CIL module
 0001:0003c812       ??__Fwav_flipcard@@YAXXZ   0043d812 f    CIL library: CIL module
 0001:0003c81d       ??__Fwav_hurryup@@YAXXZ    0043d81d f    CIL library: CIL module
 0001:0003c828       ??__Fwav_match@@YAXXZ      0043d828 f    CIL library: CIL module
 0001:0003c833       ??__Fwav_newround@@YAXXZ   0043d833 f    CIL library: CIL module
 0001:0003c83e       ??__Fwav_null@@YAXXZ       0043d83e f    CIL library: CIL module
 0001:0003c849       ??__Fwav_select@@YAXXZ     0043d849 f    CIL library: CIL module
 0001:0003c854       ??__Fwav_speedbonus@@YAXXZ 0043d854 f    CIL library: CIL module
 0001:0003c85f       ??__Fwav_winner@@YAXXZ     0043d85f f    CIL library: CIL module
 0001:0003c86a       ??__Fwav_winround1@@YAXXZ  0043d86a f    CIL library: CIL module
 0001:0003c875       ??__Fwav_winround2@@YAXXZ  0043d875 f    CIL library: CIL module
 0001:0003c880       ??__Fwav_winround3@@YAXXZ  0043d880 f    CIL library: CIL module
 0001:0003c88b       ??__Fstringstream@@YAXXZ   0043d88b f    CIL library: CIL module
 0001:0003c896       ??__Fnewscore@@YAXXZ       0043d896 f    CIL library: CIL module
 0001:0003c8a1       ??__FcustomDeck@@YAXXZ     0043d8a1 f    CIL library: CIL module
 0001:0003c8ac       ??__FcustomCards@@YAXXZ    0043d8ac f    CIL library: CIL module
