 11UP

 Timestamp is 5e521f51 (Sun Feb 23 01:44:33 2020)

 Preferred load address is 00400000

 Start         Length     Name                   Class
 0001:00000000 0003be6fH .text                   CODE
 0001:0003be6f 000001edH .text$x                 CODE
 0001:0003c05c 0000006fH .text$yc                CODE
 0001:0003c0cb 0000002cH .text$yd                CODE
 0002:00000000 00000274H .idata$5                DATA
 0002:00000274 00000004H .CRT$XCA                DATA
 0002:00000278 00000004H .CRT$XCAA               DATA
 0002:0000027c 00000010H .CRT$XCU                DATA
 0002:0000028c 00000004H .CRT$XCZ                DATA
 0002:00000290 00000004H .CRT$XIA                DATA
 0002:00000294 00000004H .CRT$XIAA               DATA
 0002:00000298 00000004H .CRT$XIC                DATA
 0002:0000029c 00000004H .CRT$XIZ                DATA
 0002:000002a0 0000d544H .rdata                  DATA
 0002:0000d7e4 00000035H .rdata$debug            DATA
 0002:0000d81c 00000004H .rtc$IAA                DATA
 0002:0000d820 00000004H .rtc$IZZ                DATA
 0002:0000d824 00000004H .rtc$TAA                DATA
 0002:0000d828 00000004H .rtc$TZZ                DATA
 0002:0000d830 000002ccH .xdata$x                DATA
 0002:0000dafc 000000a0H .idata$2                DATA
 0002:0000db9c 00000014H .idata$3                DATA
 0002:0000dbb0 00000274H .idata$4                DATA
 0002:0000de24 0000111aH .idata$6                DATA
 0002:0000ef3e 00000000H .edata                  DATA
 0003:00000000 00009090H .data                   DATA
 0003:00009090 00005114H .bss                    DATA

  Address         Publics by Value              Rva+Base       Lib:Object

 0000:00000000       ___safe_se_handler_table   00000000     <absolute>
 0000:00000000       __except_list              00000000     <absolute>
 0000:00000000       ___safe_se_handler_count   00000000     <absolute>
 0000:00009876       __ldused                   00009876     <absolute>
 0000:00009876       __fltused                  00009876     <absolute>
 0000:00000000       ___ImageBase               00400000     <linker-defined>
 0001:00000000       ??_H@YGXPAXIHP6EPAX0@Z@Z   00401000 f i 11UP.obj
 0001:0000001e       ??0sentry@?$basic_ostream@DU?$char_traits@D@std@@@std@@QAE@AAV12@@Z 0040101e f i 11UP.obj
 0001:0000007c       ??1sentry@?$basic_ostream@DU?$char_traits@D@std@@@std@@QAE@XZ 0040107c f i 11UP.obj
 0001:000000c4       ??1_Sentry_base@?$basic_ostream@DU?$char_traits@D@std@@@std@@QAE@XZ 004010c4 f i 11UP.obj
 0001:000000dc       ??$?6U?$char_traits@D@std@@@std@@YAAAV?$basic_ostream@DU?$char_traits@D@std@@@0@AAV10@PBD@Z 004010dc f i 11UP.obj
 0001:0000021e       _Direct3DCreate9@4         0040121e f   d3d9:d3d9.dll
 0001:00000224       ??_GCFont@D3DXCore@@QAEPAXI@Z 00401224 f i d3dx9:d3dx9core.obj
 0001:00000240       ??_GCSprite@D3DXCore@@QAEPAXI@Z 00401240 f i d3dx9:d3dx9core.obj
 0001:0000025c       _D3DXCreateFontIndirect@12 0040125c f   d3dx9:d3dx9core.obj
 0001:000002cb       _D3DXCreateSprite@8        004012cb f   d3dx9:d3dx9core.obj
 0001:00000337       _D3DXCreateFont@12         00401337 f   d3dx9:d3dx9core.obj
 0001:0000036a       ?GetFormatInfo@D3DXTex@@YGPBU_D3DXFORMAT_INFO@@W4_D3DFORMAT@@@Z 0040136a f   d3dx9:d3dx9tex.obj
 0001:00000405       ?FindClosestDeviceFormat@D3DXTex@@YG?AW4_D3DFORMAT@@PAUIDirect3DDevice9@@KW4_D3DRESOURCETYPE@@PBU_D3DXFORMAT_INFO@@@Z 00401405 f   d3dx9:d3dx9tex.obj
 0001:00000501       ?FindClosestExternalFormat@D3DXTex@@YG?AW4_D3DFORMAT@@W42@@Z 00401501 f   d3dx9:d3dx9tex.obj
 0001:0000051d       _D3DXLoadSurfaceFromMemory@40 0040151d f   d3dx9:d3dx9tex.obj
 0001:00000602       ??0D3DXCOLOR@@QAE@XZ       00401602 f i d3dx9:d3dx9tex.obj
 0001:00000605       _D3DXLoadVolumeFromMemory@44 00401605 f   d3dx9:d3dx9tex.obj
 0001:00000a3c       _D3DXCheckTextureRequirements@28 00401a3c f   d3dx9:d3dx9tex.obj
 0001:00000a61       _D3DXCreateTexture@32      00401a61 f   d3dx9:d3dx9tex.obj
 0001:00000acf       ??_I@YGXPAXIHP6EX0@Z@Z     00401acf f i d3dx9:d3dx9tex.obj
 0001:00000af9       _D3DXLoadSurfaceFromSurface@32 00401af9 f   d3dx9:d3dx9tex.obj
 0001:00000d01       _D3DXLoadVolumeFromVolume@32 00401d01 f   d3dx9:d3dx9tex.obj
 0001:00000d87       _D3DXFilterTexture@16      00401d87 f   d3dx9:d3dx9tex.obj
 0001:000017f1       _D3DXCreateTextureFromFileInMemoryEx@60 004027f1 f   d3dx9:d3dx9tex.obj
 0001:0000182e       _D3DXCreateTextureFromFileExA@56 0040282e f   d3dx9:d3dx9tex.obj
 0001:00001891       ??1CFont@D3DXCore@@QAE@XZ  00402891 f   d3dx9:cfont.obj
 0001:000018cb       ?AddRef@CFont@D3DXCore@@UAGKXZ 004028cb f   d3dx9:cfont.obj
 0001:000018cb       ?AddRef@CSprite@D3DXCore@@UAGKXZ 004028cb f   d3dx9:csprite.obj
 0001:000018d8       ?Initialize@CFont@D3DXCore@@QAEJPAUIDirect3DDevice9@@PBUtagLOGFONTA@@@Z 004028d8 f   d3dx9:cfont.obj
 0001:00001934       ?GetDevice@CFont@D3DXCore@@UAGJPAPAUIDirect3DDevice9@@@Z 00402934 f   d3dx9:cfont.obj
 0001:0000195a       ?GetLogFont@CFont@D3DXCore@@UAGJPAUtagLOGFONTA@@@Z 0040295a f   d3dx9:cfont.obj
 0001:0000197e       ?Begin@CFont@D3DXCore@@UAGJXZ 0040297e f   d3dx9:cfont.obj
 0001:0000198d       ?End@CFont@D3DXCore@@UAGJXZ 0040298d f   d3dx9:cfont.obj
 0001:0000199c       ?DrawTextA@CFont@D3DXCore@@UAGHPBDHPAUtagRECT@@KK@Z 0040299c f   d3dx9:cfont.obj
 0001:000019c2       ?DrawTextW@CFont@D3DXCore@@UAGHPBGHPAUtagRECT@@KK@Z 004029c2 f   d3dx9:cfont.obj
 0001:000019e8       ?OnLostDevice@CFont@D3DXCore@@UAGJXZ 004029e8 f   d3dx9:cfont.obj
 0001:000019f7       ?OnResetDevice@CFont@D3DXCore@@UAGJXZ 004029f7 f   d3dx9:cfont.obj
 0001:00001a06       ?QueryInterface@CFont@D3DXCore@@UAGJABU_GUID@@PAPAX@Z 00402a06 f   d3dx9:cfont.obj
 0001:00001a4a       ?Release@CFont@D3DXCore@@UAGKXZ 00402a4a f   d3dx9:cfont.obj
 0001:00001a62       ??0CFont@D3DXCore@@QAE@XZ  00402a62 f   d3dx9:cfont.obj
 0001:00001a7d       ??1CSprite@D3DXCore@@QAE@XZ 00402a7d f   d3dx9:csprite.obj
 0001:00001ab9       ?Initialize@CSprite@D3DXCore@@QAEJPAUIDirect3DDevice9@@@Z 00402ab9 f   d3dx9:csprite.obj
 0001:00001b35       ?GetDevice@CSprite@D3DXCore@@UAGJPAPAUIDirect3DDevice9@@@Z 00402b35 f   d3dx9:csprite.obj
 0001:00001b5b       ?End@CSprite@D3DXCore@@UAGJXZ 00402b5b f   d3dx9:csprite.obj
 0001:00001b80       ?OnLostDevice@CSprite@D3DXCore@@UAGJXZ 00402b80 f   d3dx9:csprite.obj
 0001:00001bb3       ?OnResetDevice@CSprite@D3DXCore@@UAGJXZ 00402bb3 f   d3dx9:csprite.obj
 0001:00001bb8       ?QueryInterface@CSprite@D3DXCore@@UAGJABU_GUID@@PAPAX@Z 00402bb8 f   d3dx9:csprite.obj
 0001:00001bfc       ?Release@CSprite@D3DXCore@@UAGKXZ 00402bfc f   d3dx9:csprite.obj
 0001:00001c14       ?Begin@CSprite@D3DXCore@@UAGJXZ 00402c14 f   d3dx9:csprite.obj
 0001:000020b9       ?Draw@CSprite@D3DXCore@@UAGJPAUIDirect3DTexture9@@PBUtagRECT@@PBUD3DXVECTOR2@@2M2K@Z 004030b9 f   d3dx9:csprite.obj
 0001:00002190       ?DrawTransform@CSprite@D3DXCore@@UAGJPAUIDirect3DTexture9@@PBUtagRECT@@PBUD3DXMATRIX@@K@Z 00403190 f   d3dx9:csprite.obj
 0001:00002586       ??0CSprite@D3DXCore@@QAE@XZ 00403586 f   d3dx9:csprite.obj
 0001:000025a4       ?D3DXDebugMute@@YGXH@Z     004035a4 f   d3dx9:d3dx9dbg.obj
 0001:00002674       ??0CImage@D3DXTex@@QAE@XZ  00403674 f   d3dx9:cimage.obj
 0001:0000268d       ??1CImage@D3DXTex@@QAE@XZ  0040368d f   d3dx9:cimage.obj
 0001:000026e6       ??_GCImage@D3DXTex@@QAEPAXI@Z 004036e6 f i d3dx9:cimage.obj
 0001:00002702       ?LoadDIB@CImage@D3DXTex@@AAEJPBXK@Z 00403702 f   d3dx9:cimage.obj
 0001:00003294       ?LoadJPG@CImage@D3DXTex@@AAEJPBXK@Z 00404294 f   d3dx9:cimage.obj
 0001:0000350c       ?LoadTGA@CImage@D3DXTex@@AAEJPBXK@Z 0040450c f   d3dx9:cimage.obj
 0001:00003a84       ?LoadPPM@CImage@D3DXTex@@AAEJPBXK@Z 00404a84 f   d3dx9:cimage.obj
 0001:00003d57       ?LoadPNG@CImage@D3DXTex@@AAEJPBXK@Z 00404d57 f   d3dx9:cimage.obj
 0001:000042a8       ?LoadDDS@CImage@D3DXTex@@AAEJPBXK@Z 004052a8 f   d3dx9:cimage.obj
 0001:00004614       ?LoadBMP@CImage@D3DXTex@@AAEJPBXK@Z 00405614 f   d3dx9:cimage.obj
 0001:00004644       ?Load@CImage@D3DXTex@@QAEJPBXKPAU_D3DXIMAGE_INFO@@H@Z 00405644 f   d3dx9:cimage.obj
 0001:0000482d       ??0CBlt@D3DXTex@@QAE@XZ    0040582d f   d3dx9:cblt.obj
 0001:00004837       ??1CBlt@D3DXTex@@QAE@XZ    00405837 f   d3dx9:cblt.obj
 0001:00004855       _floorf@4                  00405855 f i d3dx9:cblt.obj
 0001:00004868       ??0TF_Row@D3DXTex@@QAE@XZ  00405868 f i d3dx9:cblt.obj
 0001:00004875       ??1TF_Row@D3DXTex@@QAE@XZ  00405875 f i d3dx9:cblt.obj
 0001:00004b3a       ?BltSame_DXTn@CBlt@D3DXTex@@IAEJXZ 00405b3a f   d3dx9:cblt.obj
 0001:00004cc8       ?c_BoxFilter2D_A8R8G8B8@D3DXTex@@YGJPAI0IIII@Z 00405cc8 f   d3dx9:cblt.obj
 0001:00004df0       ?BltBox2D_A8R8G8B8@CBlt@D3DXTex@@IAEJXZ 00405df0 f   d3dx9:cblt.obj
 0001:00005087       ?BltBox2D_X8R8G8B8@CBlt@D3DXTex@@IAEJXZ 00406087 f   d3dx9:cblt.obj
 0001:000050b5       ?BltBox2D_R5G6B5@CBlt@D3DXTex@@IAEJXZ 004060b5 f   d3dx9:cblt.obj
 0001:00005205       ?BltBox2D_X1R5G5B5@CBlt@D3DXTex@@IAEJXZ 00406205 f   d3dx9:cblt.obj
 0001:00005329       ?BltBox2D_A1R5G5B5@CBlt@D3DXTex@@IAEJXZ 00406329 f   d3dx9:cblt.obj
 0001:00005478       ?BltBox2D_A4R4G4B4@CBlt@D3DXTex@@IAEJXZ 00406478 f   d3dx9:cblt.obj
 0001:000055cb       ?BltBox2D_R3G3B2@CBlt@D3DXTex@@IAEJXZ 004065cb f   d3dx9:cblt.obj
 0001:0000570a       ?BltBox2D_A8@CBlt@D3DXTex@@IAEJXZ 0040670a f   d3dx9:cblt.obj
 0001:000057a5       ?BltBox2D_A8R3G3B2@CBlt@D3DXTex@@IAEJXZ 004067a5 f   d3dx9:cblt.obj
 0001:000058f1       ?BltBox2D_X4R4G4B4@CBlt@D3DXTex@@IAEJXZ 004068f1 f   d3dx9:cblt.obj
 0001:00005a12       ?BltBox2D_A8L8@CBlt@D3DXTex@@IAEJXZ 00406a12 f   d3dx9:cblt.obj
 0001:00005b5e       ?BltBox2D_A4L4@CBlt@D3DXTex@@IAEJXZ 00406b5e f   d3dx9:cblt.obj
 0001:00005c9d       ?BltSame@CBlt@D3DXTex@@IAEJXZ 00406c9d f   d3dx9:cblt.obj
 0001:00005dda       ?BltCopy@CBlt@D3DXTex@@IAEJXZ 00406dda f   d3dx9:cblt.obj
 0001:00005eb8       ?BltNone@CBlt@D3DXTex@@IAEJXZ 00406eb8 f   d3dx9:cblt.obj
 0001:000060ad       ?BltPoint@CBlt@D3DXTex@@IAEJXZ 004070ad f   d3dx9:cblt.obj
 0001:000062a6       ?BltBox2D@CBlt@D3DXTex@@IAEJXZ 004072a6 f   d3dx9:cblt.obj
 0001:000066b5       ?BltBox3D@CBlt@D3DXTex@@IAEJXZ 004076b5 f   d3dx9:cblt.obj
 0001:00006bdc       ?BltLinear2D@CBlt@D3DXTex@@IAEJXZ 00407bdc f   d3dx9:cblt.obj
 0001:00006f6b       ?BltLinear3D@CBlt@D3DXTex@@IAEJXZ 00407f6b f   d3dx9:cblt.obj
 0001:000075ea       ??_ETF_Row@D3DXTex@@QAEPAXI@Z 004085ea f i d3dx9:cblt.obj
 0001:00007636       ?BltTriangle3D@CBlt@D3DXTex@@IAEJXZ 00408636 f   d3dx9:cblt.obj
 0001:00007cfa       ?BltTriangle2D@CBlt@D3DXTex@@IAEJXZ 00408cfa f   d3dx9:cblt.obj
 0001:000082e8       ?Blt@CBlt@D3DXTex@@QAEJPAUD3DX_BLT@@0K@Z 004092e8 f   d3dx9:cblt.obj
 0001:00008417       ??0CLockSurface@D3DXTex@@QAE@XZ 00409417 f   d3dx9:clock.obj
 0001:0000842a       ?InternalCopy@D3DXTex@@YGJPAUIDirect3DSurface9@@0@Z 0040942a f   d3dx9:clock.obj
 0001:00008507       ?Unlock@CLockSurface@D3DXTex@@QAEJXZ 00409507 f   d3dx9:clock.obj
 0001:000085b8       ??0CLockVolume@D3DXTex@@QAE@XZ 004095b8 f   d3dx9:clock.obj
 0001:000085be       ?Unlock@CLockVolume@D3DXTex@@QAEJXZ 004095be f   d3dx9:clock.obj
 0001:000085e0       ??1CLockSurface@D3DXTex@@QAE@XZ 004095e0 f   d3dx9:clock.obj
 0001:000085e5       ?Lock@CLockSurface@D3DXTex@@QAEJPAUD3DX_BLT@@PAUIDirect3DSurface9@@PBUtagPALETTEENTRY@@PBUtagRECT@@KK@Z 004095e5 f   d3dx9:clock.obj
 0001:00008acf       ??1CLockVolume@D3DXTex@@QAE@XZ 00409acf f   d3dx9:clock.obj
 0001:00008ad4       ?Lock@CLockVolume@D3DXTex@@QAEJPAUD3DX_BLT@@PAUIDirect3DVolume9@@PBUtagPALETTEENTRY@@PBU_D3DBOX@@KK@Z 00409ad4 f   d3dx9:clock.obj
 0001:00008e43       ??1CCodec@D3DXTex@@UAE@XZ  00409e43 f   d3dx9:ccodec.obj
 0001:00008e56       ?Decode@CCodec@D3DXTex@@UAEXIIPAUD3DXCOLOR@@@Z 00409e56 f   d3dx9:ccodec.obj
 0001:00008e56       ?Encode@CCodec@D3DXTex@@UAEXIIPAUD3DXCOLOR@@@Z 00409e56 f   d3dx9:ccodec.obj
 0001:00008e59       ?Convert@CCodec@D3DXTex@@IAEPAUD3DXCOLOR@@PAU3@@Z 00409e59 f   d3dx9:ccodec.obj
 0001:0000941d       ?QuantizeColorKey@CCodecYUV@D3DXTex@@MAEXXZ 0040a41d f   d3dx9:ccodec.obj
 0001:0000941e       ??1CCodecDXT@D3DXTex@@UAE@XZ 0040a41e f   d3dx9:ccodec.obj
 0001:00009498       ?QuantizeColorKey@CCodecDXT@D3DXTex@@MAEXXZ 0040a498 f   d3dx9:ccodec.obj
 0001:00009599       ?TableEncodeGamma22@D3DXTex@@YGMM@Z 0040a599 f i d3dx9:ccodec.obj
 0001:000095e9       ?TableDecodeGamma22@D3DXTex@@YGMM@Z 0040a5e9 f i d3dx9:ccodec.obj
 0001:00009630       ??0CCodec@D3DXTex@@IAE@PAUD3DX_BLT@@IK@Z 0040a630 f   d3dx9:ccodec.obj
 0001:000098a1       ?ConvertFrom@CCodec@D3DXTex@@QAEJPAV12@@Z 0040a8a1 f   d3dx9:ccodec.obj
 0001:0000992a       ?QuantizeColorKey@CCodec@D3DXTex@@MAEXXZ 0040a92a f   d3dx9:ccodec.obj
 0001:000099fd       ?ColorKey@CCodec@D3DXTex@@IAEXPAUD3DXCOLOR@@@Z 0040a9fd f   d3dx9:ccodec.obj
 0001:00009a6d       ?EncodeGamma22@CCodec@D3DXTex@@IAEPAUD3DXCOLOR@@PAU3@@Z 0040aa6d f   d3dx9:ccodec.obj
 0001:00009cef       ?DecodeGamma22@CCodec@D3DXTex@@IAEXPAUD3DXCOLOR@@@Z 0040acef f   d3dx9:ccodec.obj
 0001:00009e25       ?Encode@CCodec_R8G8B8@D3DXTex@@UAEXIIPAUD3DXCOLOR@@@Z 0040ae25 f   d3dx9:ccodec.obj
 0001:00009f36       ?Encode@CCodec_A8R8G8B8@D3DXTex@@UAEXIIPAUD3DXCOLOR@@@Z 0040af36 f   d3dx9:ccodec.obj
 0001:0000a07f       ?Encode@CCodec_X8R8G8B8@D3DXTex@@UAEXIIPAUD3DXCOLOR@@@Z 0040b07f f   d3dx9:ccodec.obj
 0001:0000a1a4       ?Encode@CCodec_R5G6B5@D3DXTex@@UAEXIIPAUD3DXCOLOR@@@Z 0040b1a4 f   d3dx9:ccodec.obj
 0001:0000a2c9       ?Encode@CCodec_X1R5G5B5@D3DXTex@@UAEXIIPAUD3DXCOLOR@@@Z 0040b2c9 f   d3dx9:ccodec.obj
 0001:0000a3ee       ?Encode@CCodec_A1R5G5B5@D3DXTex@@UAEXIIPAUD3DXCOLOR@@@Z 0040b3ee f   d3dx9:ccodec.obj
 0001:0000a531       ?Encode@CCodec_A4R4G4B4@D3DXTex@@UAEXIIPAUD3DXCOLOR@@@Z 0040b531 f   d3dx9:ccodec.obj
 0001:0000a67a       ?Encode@CCodec_R3G3B2@D3DXTex@@UAEXIIPAUD3DXCOLOR@@@Z 0040b67a f   d3dx9:ccodec.obj
 0001:0000a79f       ?Encode@CCodec_A8@D3DXTex@@UAEXIIPAUD3DXCOLOR@@@Z 0040b79f f   d3dx9:ccodec.obj
 0001:0000a86b       ?Encode@CCodec_A8R3G3B2@D3DXTex@@UAEXIIPAUD3DXCOLOR@@@Z 0040b86b f   d3dx9:ccodec.obj
 0001:0000a9b4       ?Encode@CCodec_X4R4G4B4@D3DXTex@@UAEXIIPAUD3DXCOLOR@@@Z 0040b9b4 f   d3dx9:ccodec.obj
 0001:0000aad9       ?Encode@CCodec_A2B10G10R10@D3DXTex@@UAEXIIPAUD3DXCOLOR@@@Z 0040bad9 f   d3dx9:ccodec.obj
 0001:0000ac22       ?Encode@CCodec_A8B8G8R8@D3DXTex@@UAEXIIPAUD3DXCOLOR@@@Z 0040bc22 f   d3dx9:ccodec.obj
 0001:0000ad6b       ?Encode@CCodec_X8B8G8R8@D3DXTex@@UAEXIIPAUD3DXCOLOR@@@Z 0040bd6b f   d3dx9:ccodec.obj
 0001:0000ae90       ?Encode@CCodec_G16R16@D3DXTex@@UAEXIIPAUD3DXCOLOR@@@Z 0040be90 f   d3dx9:ccodec.obj
 0001:0000af87       ?Encode@CCodec_A2R10G10B10@D3DXTex@@UAEXIIPAUD3DXCOLOR@@@Z 0040bf87 f   d3dx9:ccodec.obj
 0001:0000b0d0       ?Encode@CCodec_A16B16G16R16@D3DXTex@@UAEXIIPAUD3DXCOLOR@@@Z 0040c0d0 f   d3dx9:ccodec.obj
 0001:0000b251       ?Encode@CCodec_A8P8@D3DXTex@@UAEXIIPAUD3DXCOLOR@@@Z 0040c251 f   d3dx9:ccodec.obj
 0001:0000b398       ?Encode@CCodec_P8@D3DXTex@@UAEXIIPAUD3DXCOLOR@@@Z 0040c398 f   d3dx9:ccodec.obj
 0001:0000b472       ?Encode@CCodec_L8@D3DXTex@@UAEXIIPAUD3DXCOLOR@@@Z 0040c472 f   d3dx9:ccodec.obj
 0001:0000b55a       ?Encode@CCodec_A8L8@D3DXTex@@UAEXIIPAUD3DXCOLOR@@@Z 0040c55a f   d3dx9:ccodec.obj
 0001:0000b675       ?Encode@CCodec_A4L4@D3DXTex@@UAEXIIPAUD3DXCOLOR@@@Z 0040c675 f   d3dx9:ccodec.obj
 0001:0000b785       ?Encode@CCodec_D16_LOCKABLE@D3DXTex@@UAEXIIPAUD3DXCOLOR@@@Z 0040c785 f   d3dx9:ccodec.obj
 0001:0000b785       ?Encode@CCodec_L16@D3DXTex@@UAEXIIPAUD3DXCOLOR@@@Z 0040c785 f   d3dx9:ccodec.obj
 0001:0000b86f       ?Encode@CCodec_V8U8@D3DXTex@@UAEXIIPAUD3DXCOLOR@@@Z 0040c86f f   d3dx9:ccodec.obj
 0001:0000b96a       ?Encode@CCodec_L6V5U5@D3DXTex@@UAEXIIPAUD3DXCOLOR@@@Z 0040c96a f   d3dx9:ccodec.obj
 0001:0000ba94       ?Encode@CCodec_X8L8V8U8@D3DXTex@@UAEXIIPAUD3DXCOLOR@@@Z 0040ca94 f   d3dx9:ccodec.obj
 0001:0000bbc6       ?Encode@CCodec_Q8W8V8U8@D3DXTex@@UAEXIIPAUD3DXCOLOR@@@Z 0040cbc6 f   d3dx9:ccodec.obj
 0001:0000bd25       ?Encode@CCodec_V16U16@D3DXTex@@UAEXIIPAUD3DXCOLOR@@@Z 0040cd25 f   d3dx9:ccodec.obj
 0001:0000be20       ?Encode@CCodec_A2W10V10U10@D3DXTex@@UAEXIIPAUD3DXCOLOR@@@Z 0040ce20 f   d3dx9:ccodec.obj
 0001:0000bf7f       ?Encode@CCodec_Q16W16V16U16@D3DXTex@@UAEXIIPAUD3DXCOLOR@@@Z 0040cf7f f   d3dx9:ccodec.obj
 0001:0000c116       ?Encode@CCodec_CxV8U8@D3DXTex@@UAEXIIPAUD3DXCOLOR@@@Z 0040d116 f   d3dx9:ccodec.obj
 0001:0000c21b       ?Encode@CCodec_R16F@D3DXTex@@UAEXIIPAUD3DXCOLOR@@@Z 0040d21b f   d3dx9:ccodec.obj
 0001:0000c27d       ?Encode@CCodec_G16R16F@D3DXTex@@UAEXIIPAUD3DXCOLOR@@@Z 0040d27d f   d3dx9:ccodec.obj
 0001:0000c2e0       ?Encode@CCodec_A16B16G16R16F@D3DXTex@@UAEXIIPAUD3DXCOLOR@@@Z 0040d2e0 f   d3dx9:ccodec.obj
 0001:0000c328       ?Encode@CCodec_R32F@D3DXTex@@UAEXIIPAUD3DXCOLOR@@@Z 0040d328 f   d3dx9:ccodec.obj
 0001:0000c328       ?Encode@CCodec_D32F_LOCKABLE@D3DXTex@@UAEXIIPAUD3DXCOLOR@@@Z 0040d328 f   d3dx9:ccodec.obj
 0001:0000c37d       ?Encode@CCodec_G32R32F@D3DXTex@@UAEXIIPAUD3DXCOLOR@@@Z 0040d37d f   d3dx9:ccodec.obj
 0001:0000c3da       ?Encode@CCodec_A32B32G32R32F@D3DXTex@@UAEXIIPAUD3DXCOLOR@@@Z 0040d3da f   d3dx9:ccodec.obj
 0001:0000c42d       ?Encode@CCodec_D3DX_A16L16@D3DXTex@@UAEXIIPAUD3DXCOLOR@@@Z 0040d42d f   d3dx9:ccodec.obj
 0001:0000c543       ?Encode@CCodec_D3DX_R16G16B16@D3DXTex@@UAEXIIPAUD3DXCOLOR@@@Z 0040d543 f   d3dx9:ccodec.obj
 0001:0000c656       ?Decode@CCodec_R8G8B8@D3DXTex@@UAEXIIPAUD3DXCOLOR@@@Z 0040d656 f   d3dx9:ccodec.obj
 0001:0000c6fb       ?Decode@CCodec_A8R8G8B8@D3DXTex@@UAEXIIPAUD3DXCOLOR@@@Z 0040d6fb f   d3dx9:ccodec.obj
 0001:0000c7ba       ?Decode@CCodec_X8R8G8B8@D3DXTex@@UAEXIIPAUD3DXCOLOR@@@Z 0040d7ba f   d3dx9:ccodec.obj
 0001:0000c86f       ?Decode@CCodec_R5G6B5@D3DXTex@@UAEXIIPAUD3DXCOLOR@@@Z 0040d86f f   d3dx9:ccodec.obj
 0001:0000c929       ?Decode@CCodec_X1R5G5B5@D3DXTex@@UAEXIIPAUD3DXCOLOR@@@Z 0040d929 f   d3dx9:ccodec.obj
 0001:0000c9e0       ?Decode@CCodec_A1R5G5B5@D3DXTex@@UAEXIIPAUD3DXCOLOR@@@Z 0040d9e0 f   d3dx9:ccodec.obj
 0001:0000caa5       ?Decode@CCodec_A4R4G4B4@D3DXTex@@UAEXIIPAUD3DXCOLOR@@@Z 0040daa5 f   d3dx9:ccodec.obj
 0001:0000cb69       ?Decode@CCodec_A2B10G10R10@D3DXTex@@UAEXIIPAUD3DXCOLOR@@@Z 0040db69 f   d3dx9:ccodec.obj
 0001:0000cc58       ?Decode@CCodec_A8B8G8R8@D3DXTex@@UAEXIIPAUD3DXCOLOR@@@Z 0040dc58 f   d3dx9:ccodec.obj
 0001:0000cd17       ?Decode@CCodec_X8B8G8R8@D3DXTex@@UAEXIIPAUD3DXCOLOR@@@Z 0040dd17 f   d3dx9:ccodec.obj
 0001:0000cdcc       ?Decode@CCodec_G16R16@D3DXTex@@UAEXIIPAUD3DXCOLOR@@@Z 0040ddcc f   d3dx9:ccodec.obj
 0001:0000ce77       ?Decode@CCodec_A2R10G10B10@D3DXTex@@UAEXIIPAUD3DXCOLOR@@@Z 0040de77 f   d3dx9:ccodec.obj
 0001:0000cf66       ?Decode@CCodec_A16B16G16R16@D3DXTex@@UAEXIIPAUD3DXCOLOR@@@Z 0040df66 f   d3dx9:ccodec.obj
 0001:0000d06d       ?Decode@CCodec_R3G3B2@D3DXTex@@UAEXIIPAUD3DXCOLOR@@@Z 0040e06d f   d3dx9:ccodec.obj
 0001:0000d124       ?Decode@CCodec_A8@D3DXTex@@UAEXIIPAUD3DXCOLOR@@@Z 0040e124 f   d3dx9:ccodec.obj
 0001:0000d1af       ?Decode@CCodec_A8R3G3B2@D3DXTex@@UAEXIIPAUD3DXCOLOR@@@Z 0040e1af f   d3dx9:ccodec.obj
 0001:0000d276       ??0CCodec_R8G8B8@D3DXTex@@QAE@PAUD3DX_BLT@@@Z 0040e276 f i d3dx9:ccodec.obj
 0001:0000d292       ?Decode@CCodec_X4R4G4B4@D3DXTex@@UAEXIIPAUD3DXCOLOR@@@Z 0040e292 f   d3dx9:ccodec.obj
 0001:0000d346       ??0CCodec_A8R8G8B8@D3DXTex@@QAE@PAUD3DX_BLT@@@Z 0040e346 f i d3dx9:ccodec.obj
 0001:0000d362       ?Decode@CCodec_A8P8@D3DXTex@@UAEXIIPAUD3DXCOLOR@@@Z 0040e362 f   d3dx9:ccodec.obj
 0001:0000d3ff       ??0CCodec_X8R8G8B8@D3DXTex@@QAE@PAUD3DX_BLT@@@Z 0040e3ff f i d3dx9:ccodec.obj
 0001:0000d41b       ??0CCodec_R5G6B5@D3DXTex@@QAE@PAUD3DX_BLT@@@Z 0040e41b f i d3dx9:ccodec.obj
 0001:0000d437       ?Decode@CCodec_P8@D3DXTex@@UAEXIIPAUD3DXCOLOR@@@Z 0040e437 f   d3dx9:ccodec.obj
 0001:0000d4b3       ??0CCodec_X1R5G5B5@D3DXTex@@QAE@PAUD3DX_BLT@@@Z 0040e4b3 f i d3dx9:ccodec.obj
 0001:0000d4cf       ?Decode@CCodec_L8@D3DXTex@@UAEXIIPAUD3DXCOLOR@@@Z 0040e4cf f   d3dx9:ccodec.obj
 0001:0000d556       ??0CCodec_A1R5G5B5@D3DXTex@@QAE@PAUD3DX_BLT@@@Z 0040e556 f i d3dx9:ccodec.obj
 0001:0000d572       ?Decode@CCodec_A8L8@D3DXTex@@UAEXIIPAUD3DXCOLOR@@@Z 0040e572 f   d3dx9:ccodec.obj
 0001:0000d610       ??0CCodec_A4R4G4B4@D3DXTex@@QAE@PAUD3DX_BLT@@@Z 0040e610 f i d3dx9:ccodec.obj
 0001:0000d62c       ?Decode@CCodec_A4L4@D3DXTex@@UAEXIIPAUD3DXCOLOR@@@Z 0040e62c f   d3dx9:ccodec.obj
 0001:0000d6ca       ??0CCodec_R3G3B2@D3DXTex@@QAE@PAUD3DX_BLT@@@Z 0040e6ca f i d3dx9:ccodec.obj
 0001:0000d6e6       ?Decode@CCodec_L16@D3DXTex@@UAEXIIPAUD3DXCOLOR@@@Z 0040e6e6 f   d3dx9:ccodec.obj
 0001:0000d6e6       ?Decode@CCodec_D16_LOCKABLE@D3DXTex@@UAEXIIPAUD3DXCOLOR@@@Z 0040e6e6 f   d3dx9:ccodec.obj
 0001:0000d76f       ??0CCodec_A8@D3DXTex@@QAE@PAUD3DX_BLT@@@Z 0040e76f f i d3dx9:ccodec.obj
 0001:0000d78b       ?Decode@CCodec_V8U8@D3DXTex@@UAEXIIPAUD3DXCOLOR@@@Z 0040e78b f   d3dx9:ccodec.obj
 0001:0000d846       ??0CCodec_A8R3G3B2@D3DXTex@@QAE@PAUD3DX_BLT@@@Z 0040e846 f i d3dx9:ccodec.obj
 0001:0000d862       ??0CCodec_X4R4G4B4@D3DXTex@@QAE@PAUD3DX_BLT@@@Z 0040e862 f i d3dx9:ccodec.obj
 0001:0000d87e       ?Decode@CCodec_L6V5U5@D3DXTex@@UAEXIIPAUD3DXCOLOR@@@Z 0040e87e f   d3dx9:ccodec.obj
 0001:0000d95e       ??0CCodec_A2B10G10R10@D3DXTex@@QAE@PAUD3DX_BLT@@@Z 0040e95e f i d3dx9:ccodec.obj
 0001:0000d97a       ?Decode@CCodec_X8L8V8U8@D3DXTex@@UAEXIIPAUD3DXCOLOR@@@Z 0040e97a f   d3dx9:ccodec.obj
 0001:0000da46       ??0CCodec_A8B8G8R8@D3DXTex@@QAE@PAUD3DX_BLT@@@Z 0040ea46 f i d3dx9:ccodec.obj
 0001:0000da62       ??0CCodec_X8B8G8R8@D3DXTex@@QAE@PAUD3DX_BLT@@@Z 0040ea62 f i d3dx9:ccodec.obj
 0001:0000da7e       ?Decode@CCodec_Q8W8V8U8@D3DXTex@@UAEXIIPAUD3DXCOLOR@@@Z 0040ea7e f   d3dx9:ccodec.obj
 0001:0000db79       ??0CCodec_G16R16@D3DXTex@@QAE@PAUD3DX_BLT@@@Z 0040eb79 f i d3dx9:ccodec.obj
 0001:0000db95       ?Decode@CCodec_V16U16@D3DXTex@@UAEXIIPAUD3DXCOLOR@@@Z 0040eb95 f   d3dx9:ccodec.obj
 0001:0000dc57       ??0CCodec_A2R10G10B10@D3DXTex@@QAE@PAUD3DX_BLT@@@Z 0040ec57 f i d3dx9:ccodec.obj
 0001:0000dc73       ??0CCodec_A16B16G16R16@D3DXTex@@QAE@PAUD3DX_BLT@@@Z 0040ec73 f i d3dx9:ccodec.obj
 0001:0000dc8f       ?Decode@CCodec_A2W10V10U10@D3DXTex@@UAEXIIPAUD3DXCOLOR@@@Z 0040ec8f f   d3dx9:ccodec.obj
 0001:0000dda8       ??0CCodec_A8P8@D3DXTex@@QAE@PAUD3DX_BLT@@@Z 0040eda8 f i d3dx9:ccodec.obj
 0001:0000ddc4       ??_GCCodec_A16B16G16R16F@D3DXTex@@UAEPAXI@Z 0040edc4 f i d3dx9:ccodec.obj
 0001:0000ddc4       ??_ECCodec_V16U16@D3DXTex@@UAEPAXI@Z 0040edc4 f i d3dx9:ccodec.obj
 0001:0000ddc4       ??_ECCodec_L16@D3DXTex@@UAEPAXI@Z 0040edc4 f i d3dx9:ccodec.obj
 0001:0000ddc4       ??_ECCodec_A4L4@D3DXTex@@UAEPAXI@Z 0040edc4 f i d3dx9:ccodec.obj
 0001:0000ddc4       ??_GCCodec_A2R10G10B10@D3DXTex@@UAEPAXI@Z 0040edc4 f i d3dx9:ccodec.obj
 0001:0000ddc4       ??_GCCodec_R5G6B5@D3DXTex@@UAEPAXI@Z 0040edc4 f i d3dx9:ccodec.obj
 0001:0000ddc4       ??_ECCodec_R3G3B2@D3DXTex@@UAEPAXI@Z 0040edc4 f i d3dx9:ccodec.obj
 0001:0000ddc4       ??_GCCodec_R32F@D3DXTex@@UAEPAXI@Z 0040edc4 f i d3dx9:ccodec.obj
 0001:0000ddc4       ??_ECCodec_A8R8G8B8@D3DXTex@@UAEPAXI@Z 0040edc4 f i d3dx9:ccodec.obj
 0001:0000ddc4       ??_ECCodec_Q16W16V16U16@D3DXTex@@UAEPAXI@Z 0040edc4 f i d3dx9:ccodec.obj
 0001:0000ddc4       ??_GCCodec_A2B10G10R10@D3DXTex@@UAEPAXI@Z 0040edc4 f i d3dx9:ccodec.obj
 0001:0000ddc4       ??_GCCodec_R3G3B2@D3DXTex@@UAEPAXI@Z 0040edc4 f i d3dx9:ccodec.obj
 0001:0000ddc4       ??_ECCodec_A2B10G10R10@D3DXTex@@UAEPAXI@Z 0040edc4 f i d3dx9:ccodec.obj
 0001:0000ddc4       ??_GCCodec_X8R8G8B8@D3DXTex@@UAEPAXI@Z 0040edc4 f i d3dx9:ccodec.obj
 0001:0000ddc4       ??_GCCodec_A1R5G5B5@D3DXTex@@UAEPAXI@Z 0040edc4 f i d3dx9:ccodec.obj
 0001:0000ddc4       ??_ECCodec_A8B8G8R8@D3DXTex@@UAEPAXI@Z 0040edc4 f i d3dx9:ccodec.obj
 0001:0000ddc4       ??_ECCodec_P8@D3DXTex@@UAEPAXI@Z 0040edc4 f i d3dx9:ccodec.obj
 0001:0000ddc4       ??_ECCodec_A2R10G10B10@D3DXTex@@UAEPAXI@Z 0040edc4 f i d3dx9:ccodec.obj
 0001:0000ddc4       ??_GCCodec_D3DX_R16G16B16@D3DXTex@@UAEPAXI@Z 0040edc4 f i d3dx9:ccodec.obj
 0001:0000ddc4       ??_GCCodec_A8B8G8R8@D3DXTex@@UAEPAXI@Z 0040edc4 f i d3dx9:ccodec.obj
 0001:0000ddc4       ??_GCCodec_G16R16@D3DXTex@@UAEPAXI@Z 0040edc4 f i d3dx9:ccodec.obj
 0001:0000ddc4       ??_GCCodec_A4L4@D3DXTex@@UAEPAXI@Z 0040edc4 f i d3dx9:ccodec.obj
 0001:0000ddc4       ??_GCCodec_D32F_LOCKABLE@D3DXTex@@UAEPAXI@Z 0040edc4 f i d3dx9:ccodec.obj
 0001:0000ddc4       ??_ECCodec_X8L8V8U8@D3DXTex@@UAEPAXI@Z 0040edc4 f i d3dx9:ccodec.obj
 0001:0000ddc4       ??_ECCodec_L6V5U5@D3DXTex@@UAEPAXI@Z 0040edc4 f i d3dx9:ccodec.obj
 0001:0000ddc4       ??_ECCodec_R16F@D3DXTex@@UAEPAXI@Z 0040edc4 f i d3dx9:ccodec.obj
 0001:0000ddc4       ??_ECCodec_R5G6B5@D3DXTex@@UAEPAXI@Z 0040edc4 f i d3dx9:ccodec.obj
 0001:0000ddc4       ??_ECCodec_Q8W8V8U8@D3DXTex@@UAEPAXI@Z 0040edc4 f i d3dx9:ccodec.obj
 0001:0000ddc4       ??_GCCodec_G32R32F@D3DXTex@@UAEPAXI@Z 0040edc4 f i d3dx9:ccodec.obj
 0001:0000ddc4       ??_ECCodec@D3DXTex@@UAEPAXI@Z 0040edc4 f i d3dx9:ccodec.obj
 0001:0000ddc4       ??_GCCodec_A8@D3DXTex@@UAEPAXI@Z 0040edc4 f i d3dx9:ccodec.obj
 0001:0000ddc4       ??_GCCodec_X8B8G8R8@D3DXTex@@UAEPAXI@Z 0040edc4 f i d3dx9:ccodec.obj
 0001:0000ddc4       ??_ECCodec_A8R3G3B2@D3DXTex@@UAEPAXI@Z 0040edc4 f i d3dx9:ccodec.obj
 0001:0000ddc4       ??_GCCodec_A4R4G4B4@D3DXTex@@UAEPAXI@Z 0040edc4 f i d3dx9:ccodec.obj
 0001:0000ddc4       ??_GCCodec_X8L8V8U8@D3DXTex@@UAEPAXI@Z 0040edc4 f i d3dx9:ccodec.obj
 0001:0000ddc4       ??_GCCodec_Q8W8V8U8@D3DXTex@@UAEPAXI@Z 0040edc4 f i d3dx9:ccodec.obj
 0001:0000ddc4       ??_GCCodec_G16R16F@D3DXTex@@UAEPAXI@Z 0040edc4 f i d3dx9:ccodec.obj
 0001:0000ddc4       ??_ECCodec_A8P8@D3DXTex@@UAEPAXI@Z 0040edc4 f i d3dx9:ccodec.obj
 0001:0000ddc4       ??_ECCodec_A8@D3DXTex@@UAEPAXI@Z 0040edc4 f i d3dx9:ccodec.obj
 0001:0000ddc4       ??_GCCodec_A2W10V10U10@D3DXTex@@UAEPAXI@Z 0040edc4 f i d3dx9:ccodec.obj
 0001:0000ddc4       ??_GCCodec_X1R5G5B5@D3DXTex@@UAEPAXI@Z 0040edc4 f i d3dx9:ccodec.obj
 0001:0000ddc4       ??_GCCodec_L8@D3DXTex@@UAEPAXI@Z 0040edc4 f i d3dx9:ccodec.obj
 0001:0000ddc4       ??_ECCodec_A32B32G32R32F@D3DXTex@@UAEPAXI@Z 0040edc4 f i d3dx9:ccodec.obj
 0001:0000ddc4       ??_ECCodec_A4R4G4B4@D3DXTex@@UAEPAXI@Z 0040edc4 f i d3dx9:ccodec.obj
 0001:0000ddc4       ??_ECCodec_X4R4G4B4@D3DXTex@@UAEPAXI@Z 0040edc4 f i d3dx9:ccodec.obj
 0001:0000ddc4       ??_GCCodec_D3DX_A16L16@D3DXTex@@UAEPAXI@Z 0040edc4 f i d3dx9:ccodec.obj
 0001:0000ddc4       ??_GCCodec@D3DXTex@@UAEPAXI@Z 0040edc4 f i d3dx9:ccodec.obj
 0001:0000ddc4       ??_ECCodec_D32F_LOCKABLE@D3DXTex@@UAEPAXI@Z 0040edc4 f i d3dx9:ccodec.obj
 0001:0000ddc4       ??_GCCodec_R8G8B8@D3DXTex@@UAEPAXI@Z 0040edc4 f i d3dx9:ccodec.obj
 0001:0000ddc4       ??_ECCodec_L8@D3DXTex@@UAEPAXI@Z 0040edc4 f i d3dx9:ccodec.obj
 0001:0000ddc4       ??_ECCodec_A16B16G16R16F@D3DXTex@@UAEPAXI@Z 0040edc4 f i d3dx9:ccodec.obj
 0001:0000ddc4       ??_GCCodec_A8R8G8B8@D3DXTex@@UAEPAXI@Z 0040edc4 f i d3dx9:ccodec.obj
 0001:0000ddc4       ??_ECCodec_A1R5G5B5@D3DXTex@@UAEPAXI@Z 0040edc4 f i d3dx9:ccodec.obj
 0001:0000ddc4       ??_GCCodec_R16F@D3DXTex@@UAEPAXI@Z 0040edc4 f i d3dx9:ccodec.obj
 0001:0000ddc4       ??_GCCodec_V16U16@D3DXTex@@UAEPAXI@Z 0040edc4 f i d3dx9:ccodec.obj
 0001:0000ddc4       ??_ECCodec_G16R16F@D3DXTex@@UAEPAXI@Z 0040edc4 f i d3dx9:ccodec.obj
 0001:0000ddc4       ??_ECCodec_R8G8B8@D3DXTex@@UAEPAXI@Z 0040edc4 f i d3dx9:ccodec.obj
 0001:0000ddc4       ??_GCCodec_L16@D3DXTex@@UAEPAXI@Z 0040edc4 f i d3dx9:ccodec.obj
 0001:0000ddc4       ??_ECCodec_D3DX_A16L16@D3DXTex@@UAEPAXI@Z 0040edc4 f i d3dx9:ccodec.obj
 0001:0000ddc4       ??_ECCodec_A16B16G16R16@D3DXTex@@UAEPAXI@Z 0040edc4 f i d3dx9:ccodec.obj
 0001:0000ddc4       ??_ECCodec_G32R32F@D3DXTex@@UAEPAXI@Z 0040edc4 f i d3dx9:ccodec.obj
 0001:0000ddc4       ??_ECCodec_G16R16@D3DXTex@@UAEPAXI@Z 0040edc4 f i d3dx9:ccodec.obj
 0001:0000ddc4       ??_ECCodec_X8B8G8R8@D3DXTex@@UAEPAXI@Z 0040edc4 f i d3dx9:ccodec.obj
 0001:0000ddc4       ??_GCCodec_V8U8@D3DXTex@@UAEPAXI@Z 0040edc4 f i d3dx9:ccodec.obj
 0001:0000ddc4       ??_GCCodec_P8@D3DXTex@@UAEPAXI@Z 0040edc4 f i d3dx9:ccodec.obj
 0001:0000ddc4       ??_GCCodec_A16B16G16R16@D3DXTex@@UAEPAXI@Z 0040edc4 f i d3dx9:ccodec.obj
 0001:0000ddc4       ??_GCCodec_D16_LOCKABLE@D3DXTex@@UAEPAXI@Z 0040edc4 f i d3dx9:ccodec.obj
 0001:0000ddc4       ??_ECCodec_A2W10V10U10@D3DXTex@@UAEPAXI@Z 0040edc4 f i d3dx9:ccodec.obj
 0001:0000ddc4       ??_ECCodec_A8L8@D3DXTex@@UAEPAXI@Z 0040edc4 f i d3dx9:ccodec.obj
 0001:0000ddc4       ??_ECCodec_D16_LOCKABLE@D3DXTex@@UAEPAXI@Z 0040edc4 f i d3dx9:ccodec.obj
 0001:0000ddc4       ??_GCCodec_CxV8U8@D3DXTex@@UAEPAXI@Z 0040edc4 f i d3dx9:ccodec.obj
 0001:0000ddc4       ??_GCCodec_Q16W16V16U16@D3DXTex@@UAEPAXI@Z 0040edc4 f i d3dx9:ccodec.obj
 0001:0000ddc4       ??_ECCodec_V8U8@D3DXTex@@UAEPAXI@Z 0040edc4 f i d3dx9:ccodec.obj
 0001:0000ddc4       ??_GCCodec_A8P8@D3DXTex@@UAEPAXI@Z 0040edc4 f i d3dx9:ccodec.obj
 0001:0000ddc4       ??_GCCodec_A8L8@D3DXTex@@UAEPAXI@Z 0040edc4 f i d3dx9:ccodec.obj
 0001:0000ddc4       ??_ECCodec_X8R8G8B8@D3DXTex@@UAEPAXI@Z 0040edc4 f i d3dx9:ccodec.obj
 0001:0000ddc4       ??_GCCodec_A8R3G3B2@D3DXTex@@UAEPAXI@Z 0040edc4 f i d3dx9:ccodec.obj
 0001:0000ddc4       ??_ECCodec_X1R5G5B5@D3DXTex@@UAEPAXI@Z 0040edc4 f i d3dx9:ccodec.obj
 0001:0000ddc4       ??_ECCodec_CxV8U8@D3DXTex@@UAEPAXI@Z 0040edc4 f i d3dx9:ccodec.obj
 0001:0000ddc4       ??_GCCodec_L6V5U5@D3DXTex@@UAEPAXI@Z 0040edc4 f i d3dx9:ccodec.obj
 0001:0000ddc4       ??_ECCodec_D3DX_R16G16B16@D3DXTex@@UAEPAXI@Z 0040edc4 f i d3dx9:ccodec.obj
 0001:0000ddc4       ??_GCCodec_A32B32G32R32F@D3DXTex@@UAEPAXI@Z 0040edc4 f i d3dx9:ccodec.obj
 0001:0000ddc4       ??_ECCodec_R32F@D3DXTex@@UAEPAXI@Z 0040edc4 f i d3dx9:ccodec.obj
 0001:0000ddc4       ??_GCCodec_X4R4G4B4@D3DXTex@@UAEPAXI@Z 0040edc4 f i d3dx9:ccodec.obj
 0001:0000dde0       ??0CCodec_P8@D3DXTex@@QAE@PAUD3DX_BLT@@@Z 0040ede0 f i d3dx9:ccodec.obj
 0001:0000ddfc       ?Decode@CCodec_Q16W16V16U16@D3DXTex@@UAEXIIPAUD3DXCOLOR@@@Z 0040edfc f   d3dx9:ccodec.obj
 0001:0000df13       ??0CCodec_L8@D3DXTex@@QAE@PAUD3DX_BLT@@@Z 0040ef13 f i d3dx9:ccodec.obj
 0001:0000df2f       ?Decode@CCodec_CxV8U8@D3DXTex@@UAEXIIPAUD3DXCOLOR@@@Z 0040ef2f f   d3dx9:ccodec.obj
 0001:0000e010       ??0CCodec_A8L8@D3DXTex@@QAE@PAUD3DX_BLT@@@Z 0040f010 f i d3dx9:ccodec.obj
 0001:0000e02c       ??0CCodec_A4L4@D3DXTex@@QAE@PAUD3DX_BLT@@@Z 0040f02c f i d3dx9:ccodec.obj
 0001:0000e048       ??0CCodec_D16_LOCKABLE@D3DXTex@@QAE@PAUD3DX_BLT@@@Z 0040f048 f i d3dx9:ccodec.obj
 0001:0000e048       ??0CCodec_L16@D3DXTex@@QAE@PAUD3DX_BLT@@@Z 0040f048 f i d3dx9:ccodec.obj
 0001:0000e064       ?Decode@CCodec_R32F@D3DXTex@@UAEXIIPAUD3DXCOLOR@@@Z 0040f064 f   d3dx9:ccodec.obj
 0001:0000e064       ?Decode@CCodec_D32F_LOCKABLE@D3DXTex@@UAEXIIPAUD3DXCOLOR@@@Z 0040f064 f   d3dx9:ccodec.obj
 0001:0000e0e4       ??0CCodec_V8U8@D3DXTex@@QAE@PAUD3DX_BLT@@@Z 0040f0e4 f i d3dx9:ccodec.obj
 0001:0000e100       ?Decode@CCodec_R16F@D3DXTex@@UAEXIIPAUD3DXCOLOR@@@Z 0040f100 f   d3dx9:ccodec.obj
 0001:0000e191       ??0CCodec_L6V5U5@D3DXTex@@QAE@PAUD3DX_BLT@@@Z 0040f191 f i d3dx9:ccodec.obj
 0001:0000e1ad       ??0CCodec_X8L8V8U8@D3DXTex@@QAE@PAUD3DX_BLT@@@Z 0040f1ad f i d3dx9:ccodec.obj
 0001:0000e1c9       ?Decode@CCodec_G16R16F@D3DXTex@@UAEXIIPAUD3DXCOLOR@@@Z 0040f1c9 f   d3dx9:ccodec.obj
 0001:0000e256       ??0CCodec_Q8W8V8U8@D3DXTex@@QAE@PAUD3DX_BLT@@@Z 0040f256 f i d3dx9:ccodec.obj
 0001:0000e272       ?Decode@CCodec_A16B16G16R16F@D3DXTex@@UAEXIIPAUD3DXCOLOR@@@Z 0040f272 f   d3dx9:ccodec.obj
 0001:0000e2c9       ??0CCodec_V16U16@D3DXTex@@QAE@PAUD3DX_BLT@@@Z 0040f2c9 f i d3dx9:ccodec.obj
 0001:0000e2e5       ?Decode@CCodec_G32R32F@D3DXTex@@UAEXIIPAUD3DXCOLOR@@@Z 0040f2e5 f   d3dx9:ccodec.obj
 0001:0000e366       ?Decode@CCodec_A32B32G32R32F@D3DXTex@@UAEXIIPAUD3DXCOLOR@@@Z 0040f366 f   d3dx9:ccodec.obj
 0001:0000e3c8       ?Decode@CCodec_D3DX_A16L16@D3DXTex@@UAEXIIPAUD3DXCOLOR@@@Z 0040f3c8 f   d3dx9:ccodec.obj
 0001:0000e46f       ??0CCodec_A2W10V10U10@D3DXTex@@QAE@PAUD3DX_BLT@@@Z 0040f46f f i d3dx9:ccodec.obj
 0001:0000e48b       ??0CCodec_Q16W16V16U16@D3DXTex@@QAE@PAUD3DX_BLT@@@Z 0040f48b f i d3dx9:ccodec.obj
 0001:0000e4a7       ?Decode@CCodec_D3DX_R16G16B16@D3DXTex@@UAEXIIPAUD3DXCOLOR@@@Z 0040f4a7 f   d3dx9:ccodec.obj
 0001:0000e54c       ??0CCodec_CxV8U8@D3DXTex@@QAE@PAUD3DX_BLT@@@Z 0040f54c f i d3dx9:ccodec.obj
 0001:0000e568       ??0CCodecYUV@D3DXTex@@QAE@PAUD3DX_BLT@@@Z 0040f568 f   d3dx9:ccodec.obj
 0001:0000e65a       ??0CCodec_R16F@D3DXTex@@QAE@PAUD3DX_BLT@@@Z 0040f65a f i d3dx9:ccodec.obj
 0001:0000e676       ?Commit@CCodecYUV@D3DXTex@@QAEJXZ 0040f676 f   d3dx9:ccodec.obj
 0001:0000e986       ??0CCodec_G16R16F@D3DXTex@@QAE@PAUD3DX_BLT@@@Z 0040f986 f i d3dx9:ccodec.obj
 0001:0000e9a2       ??0CCodec_A16B16G16R16F@D3DXTex@@QAE@PAUD3DX_BLT@@@Z 0040f9a2 f i d3dx9:ccodec.obj
 0001:0000e9be       ??0CCodec_D32F_LOCKABLE@D3DXTex@@QAE@PAUD3DX_BLT@@@Z 0040f9be f i d3dx9:ccodec.obj
 0001:0000e9be       ??0CCodec_R32F@D3DXTex@@QAE@PAUD3DX_BLT@@@Z 0040f9be f i d3dx9:ccodec.obj
 0001:0000e9da       ??0CCodec_G32R32F@D3DXTex@@QAE@PAUD3DX_BLT@@@Z 0040f9da f i d3dx9:ccodec.obj
 0001:0000e9f6       ?Fetch@CCodecYUV@D3DXTex@@QAEJIIH@Z 0040f9f6 f   d3dx9:ccodec.obj
 0001:0000edc2       ??0CCodec_A32B32G32R32F@D3DXTex@@QAE@PAUD3DX_BLT@@@Z 0040fdc2 f i d3dx9:ccodec.obj
 0001:0000ede1       ??0CCodec_D3DX_A16L16@D3DXTex@@QAE@PAUD3DX_BLT@@@Z 0040fde1 f i d3dx9:ccodec.obj
 0001:0000edfd       ??0CCodec_D3DX_R16G16B16@D3DXTex@@QAE@PAUD3DX_BLT@@@Z 0040fdfd f i d3dx9:ccodec.obj
 0001:0000ee19       ?Encode@CCodecYUV@D3DXTex@@UAEXIIPAUD3DXCOLOR@@@Z 0040fe19 f   d3dx9:ccodec.obj
 0001:0000eeb7       ?Decode@CCodecYUV@D3DXTex@@UAEXIIPAUD3DXCOLOR@@@Z 0040feb7 f   d3dx9:ccodec.obj
 0001:0000ef36       ??0CCodecDXT@D3DXTex@@QAE@PAUD3DX_BLT@@@Z 0040ff36 f   d3dx9:ccodec.obj
 0001:0000f122       ??0CCodec_DXT3@D3DXTex@@QAE@PAUD3DX_BLT@@@Z 00410122 f i d3dx9:ccodec.obj
 0001:0000f122       ??0CCodec_DXT2@D3DXTex@@QAE@PAUD3DX_BLT@@@Z 00410122 f i d3dx9:ccodec.obj
 0001:0000f122       ??0CCodec_DXT1@D3DXTex@@QAE@PAUD3DX_BLT@@@Z 00410122 f i d3dx9:ccodec.obj
 0001:0000f122       ??0CCodec_DXT5@D3DXTex@@QAE@PAUD3DX_BLT@@@Z 00410122 f i d3dx9:ccodec.obj
 0001:0000f122       ??0CCodec_DXT4@D3DXTex@@QAE@PAUD3DX_BLT@@@Z 00410122 f i d3dx9:ccodec.obj
 0001:0000f13a       ??_ECCodec_DXT5@D3DXTex@@UAEPAXI@Z 0041013a f i d3dx9:ccodec.obj
 0001:0000f13a       ??_GCCodec_DXT1@D3DXTex@@UAEPAXI@Z 0041013a f i d3dx9:ccodec.obj
 0001:0000f13a       ??_GCCodec_DXT4@D3DXTex@@UAEPAXI@Z 0041013a f i d3dx9:ccodec.obj
 0001:0000f13a       ??_GCCodecDXT@D3DXTex@@UAEPAXI@Z 0041013a f i d3dx9:ccodec.obj
 0001:0000f13a       ??_ECCodec_DXT2@D3DXTex@@UAEPAXI@Z 0041013a f i d3dx9:ccodec.obj
 0001:0000f13a       ??_ECCodec_DXT4@D3DXTex@@UAEPAXI@Z 0041013a f i d3dx9:ccodec.obj
 0001:0000f13a       ??_ECCodec_DXT3@D3DXTex@@UAEPAXI@Z 0041013a f i d3dx9:ccodec.obj
 0001:0000f13a       ??_GCCodec_DXT3@D3DXTex@@UAEPAXI@Z 0041013a f i d3dx9:ccodec.obj
 0001:0000f13a       ??_ECCodec_DXT1@D3DXTex@@UAEPAXI@Z 0041013a f i d3dx9:ccodec.obj
 0001:0000f13a       ??_ECCodecDXT@D3DXTex@@UAEPAXI@Z 0041013a f i d3dx9:ccodec.obj
 0001:0000f13a       ??_GCCodec_DXT5@D3DXTex@@UAEPAXI@Z 0041013a f i d3dx9:ccodec.obj
 0001:0000f13a       ??_GCCodec_DXT2@D3DXTex@@UAEPAXI@Z 0041013a f i d3dx9:ccodec.obj
 0001:0000f156       ?Encode@CCodecDXT@D3DXTex@@UAEXIIPAUD3DXCOLOR@@@Z 00410156 f   d3dx9:ccodec.obj
 0001:0000f59b       ?Decode@CCodecDXT@D3DXTex@@UAEXIIPAUD3DXCOLOR@@@Z 0041059b f   d3dx9:ccodec.obj
 0001:0000f85a       ??1CCodecYUV@D3DXTex@@UAE@XZ 0041085a f   d3dx9:ccodec.obj
 0001:0000f881       ??0CCodec_G8R8_G8B8@D3DXTex@@QAE@PAUD3DX_BLT@@@Z 00410881 f i d3dx9:ccodec.obj
 0001:0000f881       ??0CCodec_UYVY@D3DXTex@@QAE@PAUD3DX_BLT@@@Z 00410881 f i d3dx9:ccodec.obj
 0001:0000f881       ??0CCodec_YUY2@D3DXTex@@QAE@PAUD3DX_BLT@@@Z 00410881 f i d3dx9:ccodec.obj
 0001:0000f881       ??0CCodec_R8G8_B8G8@D3DXTex@@QAE@PAUD3DX_BLT@@@Z 00410881 f i d3dx9:ccodec.obj
 0001:0000f899       ?Create@CCodec@D3DXTex@@SGPAV12@PAUD3DX_BLT@@@Z 00410899 f   d3dx9:ccodec.obj
 0001:00010045       ??_ECCodec_R8G8_B8G8@D3DXTex@@UAEPAXI@Z 00411045 f i d3dx9:ccodec.obj
 0001:00010045       ??_GCCodecYUV@D3DXTex@@UAEPAXI@Z 00411045 f i d3dx9:ccodec.obj
 0001:00010045       ??_GCCodec_YUY2@D3DXTex@@UAEPAXI@Z 00411045 f i d3dx9:ccodec.obj
 0001:00010045       ??_ECCodec_YUY2@D3DXTex@@UAEPAXI@Z 00411045 f i d3dx9:ccodec.obj
 0001:00010045       ??_ECCodec_UYVY@D3DXTex@@UAEPAXI@Z 00411045 f i d3dx9:ccodec.obj
 0001:00010045       ??_ECCodecYUV@D3DXTex@@UAEPAXI@Z 00411045 f i d3dx9:ccodec.obj
 0001:00010045       ??_ECCodec_G8R8_G8B8@D3DXTex@@UAEPAXI@Z 00411045 f i d3dx9:ccodec.obj
 0001:00010045       ??_GCCodec_R8G8_B8G8@D3DXTex@@UAEPAXI@Z 00411045 f i d3dx9:ccodec.obj
 0001:00010045       ??_GCCodec_G8R8_G8B8@D3DXTex@@UAEPAXI@Z 00411045 f i d3dx9:ccodec.obj
 0001:00010045       ??_GCCodec_UYVY@D3DXTex@@UAEPAXI@Z 00411045 f i d3dx9:ccodec.obj
 0001:00010091       ?init_D3DXFloat32To16Array@@YGPAUD3DXFLOAT16@@PAU1@PBMI@Z 00411091 f   d3dx9:d3dxmath.obj
 0001:0001009e       _D3DXFloat32To16Array@12   0041109e f   d3dx9:d3dxmath.obj
 0001:000100a4       ?c_D3DXFloat32To16Array@@YGPAUD3DXFLOAT16@@PAU1@PBMI@Z 004110a4 f   d3dx9:d3dxmath.obj
 0001:00010133       ?init_D3DXFloat16To32Array@@YGPAMPAMPBUD3DXFLOAT16@@I@Z 00411133 f   d3dx9:d3dxmath.obj
 0001:00010140       _D3DXFloat16To32Array@12   00411140 f   d3dx9:d3dxmath.obj
 0001:00010146       ?c_D3DXFloat16To32Array@@YGPAMPAMPBUD3DXFLOAT16@@I@Z 00411146 f   d3dx9:d3dxmath.obj
 0001:000101eb       ?init_D3DXVec2Normalize@@YGPAUD3DXVECTOR2@@PAU1@PBU1@@Z 004111eb f   d3dx9:d3dxmath.obj
 0001:000101f8       ?init_D3DXVec2Hermite@@YGPAUD3DXVECTOR2@@PAU1@PBU1@111M@Z 004111f8 f   d3dx9:d3dxmath.obj
 0001:00010222       ?c_D3DXVec2Hermite@@YGPAUD3DXVECTOR2@@PAU1@PBU1@111M@Z 00411222 f   d3dx9:d3dxmath.obj
 0001:000102b0       ?init_D3DXVec2CatmullRom@@YGPAUD3DXVECTOR2@@PAU1@PBU1@111M@Z 004112b0 f   d3dx9:d3dxmath.obj
 0001:000102da       ?c_D3DXVec2CatmullRom@@YGPAUD3DXVECTOR2@@PAU1@PBU1@111M@Z 004112da f   d3dx9:d3dxmath.obj
 0001:00010389       ?init_D3DXVec2BaryCentric@@YGPAUD3DXVECTOR2@@PAU1@PBU1@11MM@Z 00411389 f   d3dx9:d3dxmath.obj
 0001:000103b8       ?c_D3DXVec2BaryCentric@@YGPAUD3DXVECTOR2@@PAU1@PBU1@11MM@Z 004113b8 f   d3dx9:d3dxmath.obj
 0001:000103fb       ?init_D3DXVec2Transform@@YGPAUD3DXVECTOR4@@PAU1@PBUD3DXVECTOR2@@PBUD3DXMATRIX@@@Z 004113fb f   d3dx9:d3dxmath.obj
 0001:00010408       _D3DXVec2Transform@12      00411408 f   d3dx9:d3dxmath.obj
 0001:0001040e       ?init_D3DXVec2TransformArray@@YGPAUD3DXVECTOR4@@PAU1@IPBUD3DXVECTOR2@@IPBUD3DXMATRIX@@I@Z 0041140e f   d3dx9:d3dxmath.obj
 0001:0001041f       ?init_D3DXVec2TransformCoord@@YGPAUD3DXVECTOR2@@PAU1@PBU1@PBUD3DXMATRIX@@@Z 0041141f f   d3dx9:d3dxmath.obj
 0001:0001042c       _D3DXVec2TransformCoord@12 0041142c f   d3dx9:d3dxmath.obj
 0001:00010432       ?init_D3DXVec2TransformCoordArray@@YGPAUD3DXVECTOR2@@PAU1@IPBU1@IPBUD3DXMATRIX@@I@Z 00411432 f   d3dx9:d3dxmath.obj
 0001:00010443       ?init_D3DXVec2TransformNormal@@YGPAUD3DXVECTOR2@@PAU1@PBU1@PBUD3DXMATRIX@@@Z 00411443 f   d3dx9:d3dxmath.obj
 0001:00010450       _D3DXVec2TransformNormal@12 00411450 f   d3dx9:d3dxmath.obj
 0001:00010456       ?init_D3DXVec2TransformNormalArray@@YGPAUD3DXVECTOR2@@PAU1@IPBU1@IPBUD3DXMATRIX@@I@Z 00411456 f   d3dx9:d3dxmath.obj
 0001:00010467       ?init_D3DXVec3Normalize@@YGPAUD3DXVECTOR3@@PAU1@PBU1@@Z 00411467 f   d3dx9:d3dxmath.obj
 0001:00010474       _D3DXVec3Normalize@8       00411474 f   d3dx9:d3dxmath.obj
 0001:0001047a       ?init_D3DXVec3Hermite@@YGPAUD3DXVECTOR3@@PAU1@PBU1@111M@Z 0041147a f   d3dx9:d3dxmath.obj
 0001:000104a4       ?c_D3DXVec3Hermite@@YGPAUD3DXVECTOR3@@PAU1@PBU1@111M@Z 004114a4 f   d3dx9:d3dxmath.obj
 0001:00010552       ?init_D3DXVec3CatmullRom@@YGPAUD3DXVECTOR3@@PAU1@PBU1@111M@Z 00411552 f   d3dx9:d3dxmath.obj
 0001:0001057c       ?c_D3DXVec3CatmullRom@@YGPAUD3DXVECTOR3@@PAU1@PBU1@111M@Z 0041157c f   d3dx9:d3dxmath.obj
 0001:0001064d       ?init_D3DXVec3BaryCentric@@YGPAUD3DXVECTOR3@@PAU1@PBU1@11MM@Z 0041164d f   d3dx9:d3dxmath.obj
 0001:0001067c       ?c_D3DXVec3BaryCentric@@YGPAUD3DXVECTOR3@@PAU1@PBU1@11MM@Z 0041167c f   d3dx9:d3dxmath.obj
 0001:000106d9       ?init_D3DXVec3Transform@@YGPAUD3DXVECTOR4@@PAU1@PBUD3DXVECTOR3@@PBUD3DXMATRIX@@@Z 004116d9 f   d3dx9:d3dxmath.obj
 0001:000106e6       ?c_D3DXVec3Transform@@YGPAUD3DXVECTOR4@@PAU1@PBUD3DXVECTOR3@@PBUD3DXMATRIX@@@Z 004116e6 f   d3dx9:d3dxmath.obj
 0001:00010771       ?init_D3DXVec3TransformArray@@YGPAUD3DXVECTOR4@@PAU1@IPBUD3DXVECTOR3@@IPBUD3DXMATRIX@@I@Z 00411771 f   d3dx9:d3dxmath.obj
 0001:00010782       ?c_D3DXVec3TransformArray@@YGPAUD3DXVECTOR4@@PAU1@IPBUD3DXVECTOR3@@IPBUD3DXMATRIX@@I@Z 00411782 f   d3dx9:d3dxmath.obj
 0001:00010829       ?init_D3DXVec3TransformCoord@@YGPAUD3DXVECTOR3@@PAU1@PBU1@PBUD3DXMATRIX@@@Z 00411829 f   d3dx9:d3dxmath.obj
 0001:00010836       _D3DXVec3TransformCoord@12 00411836 f   d3dx9:d3dxmath.obj
 0001:0001083c       ?init_D3DXVec3TransformCoordArray@@YGPAUD3DXVECTOR3@@PAU1@IPBU1@IPBUD3DXMATRIX@@I@Z 0041183c f   d3dx9:d3dxmath.obj
 0001:0001084d       _D3DXVec3TransformCoordArray@24 0041184d f   d3dx9:d3dxmath.obj
 0001:00010853       ?init_D3DXVec3TransformNormal@@YGPAUD3DXVECTOR3@@PAU1@PBU1@PBUD3DXMATRIX@@@Z 00411853 f   d3dx9:d3dxmath.obj
 0001:00010860       _D3DXVec3TransformNormal@12 00411860 f   d3dx9:d3dxmath.obj
 0001:00010866       ?c_D3DXVec3TransformNormal@@YGPAUD3DXVECTOR3@@PAU1@PBU1@PBUD3DXMATRIX@@@Z 00411866 f   d3dx9:d3dxmath.obj
 0001:000108cc       ?init_D3DXVec3TransformNormalArray@@YGPAUD3DXVECTOR3@@PAU1@IPBU1@IPBUD3DXMATRIX@@I@Z 004118cc f   d3dx9:d3dxmath.obj
 0001:000108dd       ?c_D3DXVec3TransformNormalArray@@YGPAUD3DXVECTOR3@@PAU1@IPBU1@IPBUD3DXMATRIX@@I@Z 004118dd f   d3dx9:d3dxmath.obj
 0001:0001095b       ?init_D3DXVec3Project@@YGPAUD3DXVECTOR3@@PAU1@PBU1@PBU_D3DVIEWPORT9@@PBUD3DXMATRIX@@33@Z 0041195b f   d3dx9:d3dxmath.obj
 0001:0001096c       ?init_D3DXVec3ProjectArray@@YGPAUD3DXVECTOR3@@PAU1@IPBU1@IPBU_D3DVIEWPORT9@@PBUD3DXMATRIX@@33I@Z 0041196c f   d3dx9:d3dxmath.obj
 0001:0001097d       ?init_D3DXVec3Unproject@@YGPAUD3DXVECTOR3@@PAU1@PBU1@PBU_D3DVIEWPORT9@@PBUD3DXMATRIX@@33@Z 0041197d f   d3dx9:d3dxmath.obj
 0001:0001098e       ?init_D3DXVec3UnprojectArray@@YGPAUD3DXVECTOR3@@PAU1@IPBU1@IPBU_D3DVIEWPORT9@@PBUD3DXMATRIX@@33I@Z 0041198e f   d3dx9:d3dxmath.obj
 0001:0001099f       ?init_D3DXVec4Cross@@YGPAUD3DXVECTOR4@@PAU1@PBU1@11@Z 0041199f f   d3dx9:d3dxmath.obj
 0001:000109ac       ?c_D3DXVec4Cross@@YGPAUD3DXVECTOR4@@PAU1@PBU1@11@Z 004119ac f   d3dx9:d3dxmath.obj
 0001:00010a9c       ?init_D3DXVec4Normalize@@YGPAUD3DXVECTOR4@@PAU1@PBU1@@Z 00411a9c f   d3dx9:d3dxmath.obj
 0001:00010aa9       ?init_D3DXVec4Hermite@@YGPAUD3DXVECTOR4@@PAU1@PBU1@111M@Z 00411aa9 f   d3dx9:d3dxmath.obj
 0001:00010ad3       ?c_D3DXVec4Hermite@@YGPAUD3DXVECTOR4@@PAU1@PBU1@111M@Z 00411ad3 f   d3dx9:d3dxmath.obj
 0001:00010ba4       ?init_D3DXVec4CatmullRom@@YGPAUD3DXVECTOR4@@PAU1@PBU1@111M@Z 00411ba4 f   d3dx9:d3dxmath.obj
 0001:00010bce       ?c_D3DXVec4CatmullRom@@YGPAUD3DXVECTOR4@@PAU1@PBU1@111M@Z 00411bce f   d3dx9:d3dxmath.obj
 0001:00010cc1       ?init_D3DXVec4BaryCentric@@YGPAUD3DXVECTOR4@@PAU1@PBU1@11MM@Z 00411cc1 f   d3dx9:d3dxmath.obj
 0001:00010cf0       ?c_D3DXVec4BaryCentric@@YGPAUD3DXVECTOR4@@PAU1@PBU1@11MM@Z 00411cf0 f   d3dx9:d3dxmath.obj
 0001:00010d67       ?init_D3DXVec4Transform@@YGPAUD3DXVECTOR4@@PAU1@PBU1@PBUD3DXMATRIX@@@Z 00411d67 f   d3dx9:d3dxmath.obj
 0001:00010d74       ?c_D3DXVec4Transform@@YGPAUD3DXVECTOR4@@PAU1@PBU1@PBUD3DXMATRIX@@@Z 00411d74 f   d3dx9:d3dxmath.obj
 0001:00010e13       ?init_D3DXVec4TransformArray@@YGPAUD3DXVECTOR4@@PAU1@IPBU1@IPBUD3DXMATRIX@@I@Z 00411e13 f   d3dx9:d3dxmath.obj
 0001:00010e24       ?c_D3DXVec4TransformArray@@YGPAUD3DXVECTOR4@@PAU1@IPBU1@IPBUD3DXMATRIX@@I@Z 00411e24 f   d3dx9:d3dxmath.obj
 0001:00010ee3       ?init_D3DXMatrixDeterminant@@YGMPBUD3DXMATRIX@@@Z 00411ee3 f   d3dx9:d3dxmath.obj
 0001:00010ef0       ?c_D3DXMatrixDeterminant@@YGMPBUD3DXMATRIX@@@Z 00411ef0 f   d3dx9:d3dxmath.obj
 0001:00010fba       ?init_D3DXMatrixMultiply@@YGPAUD3DXMATRIX@@PAU1@PBU1@1@Z 00411fba f   d3dx9:d3dxmath.obj
 0001:00010fc7       _D3DXMatrixMultiply@12     00411fc7 f   d3dx9:d3dxmath.obj
 0001:00010fcd       ?c_D3DXMatrixMultiply@@YGPAUD3DXMATRIX@@PAU1@PBU1@1@Z 00411fcd f   d3dx9:d3dxmath.obj
 0001:00011203       ?init_D3DXMatrixTranspose@@YGPAUD3DXMATRIX@@PAU1@PBU1@@Z 00412203 f   d3dx9:d3dxmath.obj
 0001:00011210       _D3DXMatrixTranspose@8     00412210 f   d3dx9:d3dxmath.obj
 0001:00011216       ?c_D3DXMatrixTranspose@@YGPAUD3DXMATRIX@@PAU1@PBU1@@Z 00412216 f   d3dx9:d3dxmath.obj
 0001:00011283       ?init_D3DXMatrixMultiplyTranspose@@YGPAUD3DXMATRIX@@PAU1@PBU1@1@Z 00412283 f   d3dx9:d3dxmath.obj
 0001:00011290       ?c_D3DXMatrixMultiplyTranspose@@YGPAUD3DXMATRIX@@PAU1@PBU1@1@Z 00412290 f   d3dx9:d3dxmath.obj
 0001:000114c6       ?init_D3DXMatrixInverse@@YGPAUD3DXMATRIX@@PAU1@PAMPBU1@@Z 004124c6 f   d3dx9:d3dxmath.obj
 0001:000114d3       _D3DXMatrixInverse@12      004124d3 f   d3dx9:d3dxmath.obj
 0001:000114d9       ?c_D3DXMatrixInverse@@YGPAUD3DXMATRIX@@PAU1@PAMPBU1@@Z 004124d9 f   d3dx9:d3dxmath.obj
 0001:00011878       ?init_D3DXMatrixScaling@@YGPAUD3DXMATRIX@@PAU1@MMM@Z 00412878 f   d3dx9:d3dxmath.obj
 0001:000118a6       ?c_D3DXMatrixScaling@@YGPAUD3DXMATRIX@@PAU1@MMM@Z 004128a6 f   d3dx9:d3dxmath.obj
 0001:00011902       ?init_D3DXMatrixTranslation@@YGPAUD3DXMATRIX@@PAU1@MMM@Z 00412902 f   d3dx9:d3dxmath.obj
 0001:00011930       ?c_D3DXMatrixTranslation@@YGPAUD3DXMATRIX@@PAU1@MMM@Z 00412930 f   d3dx9:d3dxmath.obj
 0001:0001198c       ?init_D3DXMatrixRotationX@@YGPAUD3DXMATRIX@@PAU1@M@Z 0041298c f   d3dx9:d3dxmath.obj
 0001:000119a8       ?c_D3DXMatrixRotationX@@YGPAUD3DXMATRIX@@PAU1@M@Z 004129a8 f   d3dx9:d3dxmath.obj
 0001:00011a22       ?init_D3DXMatrixRotationY@@YGPAUD3DXMATRIX@@PAU1@M@Z 00412a22 f   d3dx9:d3dxmath.obj
 0001:00011a3e       ?c_D3DXMatrixRotationY@@YGPAUD3DXMATRIX@@PAU1@M@Z 00412a3e f   d3dx9:d3dxmath.obj
 0001:00011ab9       ?init_D3DXMatrixRotationZ@@YGPAUD3DXMATRIX@@PAU1@M@Z 00412ab9 f   d3dx9:d3dxmath.obj
 0001:00011ad5       ?c_D3DXMatrixRotationZ@@YGPAUD3DXMATRIX@@PAU1@M@Z 00412ad5 f   d3dx9:d3dxmath.obj
 0001:00011b51       ?init_D3DXMatrixRotationAxis@@YGPAUD3DXMATRIX@@PAU1@PBUD3DXVECTOR3@@M@Z 00412b51 f   d3dx9:d3dxmath.obj
 0001:00011b71       ?c_D3DXMatrixRotationAxis@@YGPAUD3DXMATRIX@@PAU1@PBUD3DXVECTOR3@@M@Z 00412b71 f   d3dx9:d3dxmath.obj
 0001:00011c73       ?init_D3DXMatrixRotationQuaternion@@YGPAUD3DXMATRIX@@PAU1@PBUD3DXQUATERNION@@@Z 00412c73 f   d3dx9:d3dxmath.obj
 0001:00011c80       _D3DXMatrixRotationQuaternion@8 00412c80 f   d3dx9:d3dxmath.obj
 0001:00011c86       ?c_D3DXMatrixRotationQuaternion@@YGPAUD3DXMATRIX@@PAU1@PBUD3DXQUATERNION@@@Z 00412c86 f   d3dx9:d3dxmath.obj
 0001:00011d68       ?init_D3DXMatrixRotationYawPitchRoll@@YGPAUD3DXMATRIX@@PAU1@MMM@Z 00412d68 f   d3dx9:d3dxmath.obj
 0001:00011d96       ?init_D3DXMatrixTransformation@@YGPAUD3DXMATRIX@@PAU1@PBUD3DXVECTOR3@@PBUD3DXQUATERNION@@1121@Z 00412d96 f   d3dx9:d3dxmath.obj
 0001:00011da7       _D3DXMatrixTransformation@28 00412da7 f   d3dx9:d3dxmath.obj
 0001:00011dad       ?init_D3DXMatrixAffineTransformation@@YGPAUD3DXMATRIX@@PAU1@MPBUD3DXVECTOR3@@PBUD3DXQUATERNION@@1@Z 00412dad f   d3dx9:d3dxmath.obj
 0001:00011dd4       ?c_D3DXMatrixAffineTransformation@@YGPAUD3DXMATRIX@@PAU1@MPBUD3DXVECTOR3@@PBUD3DXQUATERNION@@1@Z 00412dd4 f   d3dx9:d3dxmath.obj
 0001:00011eba       ?init_D3DXMatrixShadow@@YGPAUD3DXMATRIX@@PAU1@PBUD3DXVECTOR4@@PBUD3DXPLANE@@@Z 00412eba f   d3dx9:d3dxmath.obj
 0001:00011ec7       ?init_D3DXMatrixReflect@@YGPAUD3DXMATRIX@@PAU1@PBUD3DXPLANE@@@Z 00412ec7 f   d3dx9:d3dxmath.obj
 0001:00011ed4       ?init_D3DXQuaternionToAxisAngle@@YGXPBUD3DXQUATERNION@@PAUD3DXVECTOR3@@PAM@Z 00412ed4 f   d3dx9:d3dxmath.obj
 0001:00011ee1       ?c_D3DXQuaternionToAxisAngle@@YGXPBUD3DXQUATERNION@@PAUD3DXVECTOR3@@PAM@Z 00412ee1 f   d3dx9:d3dxmath.obj
 0001:00011f16       ?init_D3DXQuaternionRotationMatrix@@YGPAUD3DXQUATERNION@@PAU1@PBUD3DXMATRIX@@@Z 00412f16 f   d3dx9:d3dxmath.obj
 0001:00011f23       ?c_D3DXQuaternionRotationMatrix@@YGPAUD3DXQUATERNION@@PAU1@PBUD3DXMATRIX@@@Z 00412f23 f   d3dx9:d3dxmath.obj
 0001:00012057       ?init_D3DXQuaternionRotationAxis@@YGPAUD3DXQUATERNION@@PAU1@PBUD3DXVECTOR3@@M@Z 00413057 f   d3dx9:d3dxmath.obj
 0001:00012077       ?c_D3DXQuaternionRotationAxis@@YGPAUD3DXQUATERNION@@PAU1@PBUD3DXVECTOR3@@M@Z 00413077 f   d3dx9:d3dxmath.obj
 0001:000120d3       ?init_D3DXQuaternionRotationYawPitchRoll@@YGPAUD3DXQUATERNION@@PAU1@MMM@Z 004130d3 f   d3dx9:d3dxmath.obj
 0001:00012101       _D3DXQuaternionRotationYawPitchRoll@16 00413101 f   d3dx9:d3dxmath.obj
 0001:00012107       ?c_D3DXQuaternionRotationYawPitchRoll@@YGPAUD3DXQUATERNION@@PAU1@MMM@Z 00413107 f   d3dx9:d3dxmath.obj
 0001:000121e0       ?init_D3DXQuaternionMultiply@@YGPAUD3DXQUATERNION@@PAU1@PBU1@1@Z 004131e0 f   d3dx9:d3dxmath.obj
 0001:000121ed       _D3DXQuaternionMultiply@12 004131ed f   d3dx9:d3dxmath.obj
 0001:000121f3       ?c_D3DXQuaternionMultiply@@YGPAUD3DXQUATERNION@@PAU1@PBU1@1@Z 004131f3 f   d3dx9:d3dxmath.obj
 0001:00012289       ?init_D3DXQuaternionNormalize@@YGPAUD3DXQUATERNION@@PAU1@PBU1@@Z 00413289 f   d3dx9:d3dxmath.obj
 0001:00012296       ?c_D3DXQuaternionNormalize@@YGPAUD3DXQUATERNION@@PAU1@PBU1@@Z 00413296 f   d3dx9:d3dxmath.obj
 0001:00012296       ?c_D3DXVec4Normalize@@YGPAUD3DXVECTOR4@@PAU1@PBU1@@Z 00413296 f   d3dx9:d3dxmath.obj
 0001:0001234c       ?init_D3DXQuaternionInverse@@YGPAUD3DXQUATERNION@@PAU1@PBU1@@Z 0041334c f   d3dx9:d3dxmath.obj
 0001:00012359       _D3DXQuaternionInverse@8   00413359 f   d3dx9:d3dxmath.obj
 0001:0001235f       ?c_D3DXQuaternionInverse@@YGPAUD3DXQUATERNION@@PAU1@PBU1@@Z 0041335f f   d3dx9:d3dxmath.obj
 0001:00012410       ?init_D3DXQuaternionLn@@YGPAUD3DXQUATERNION@@PAU1@PBU1@@Z 00413410 f   d3dx9:d3dxmath.obj
 0001:0001241d       _D3DXQuaternionLn@8        0041341d f   d3dx9:d3dxmath.obj
 0001:00012423       ?c_D3DXQuaternionLn@@YGPAUD3DXQUATERNION@@PAU1@PBU1@@Z 00413423 f   d3dx9:d3dxmath.obj
 0001:0001249e       ?init_D3DXQuaternionExp@@YGPAUD3DXQUATERNION@@PAU1@PBU1@@Z 0041349e f   d3dx9:d3dxmath.obj
 0001:000124ab       _D3DXQuaternionExp@8       004134ab f   d3dx9:d3dxmath.obj
 0001:000124b1       ?c_D3DXQuaternionExp@@YGPAUD3DXQUATERNION@@PAU1@PBU1@@Z 004134b1 f   d3dx9:d3dxmath.obj
 0001:00012549       ?init_D3DXQuaternionSlerp@@YGPAUD3DXQUATERNION@@PAU1@PBU1@1M@Z 00413549 f   d3dx9:d3dxmath.obj
 0001:0001256d       _D3DXQuaternionSlerp@16    0041356d f   d3dx9:d3dxmath.obj
 0001:00012573       ?c_D3DXQuaternionSlerp@@YGPAUD3DXQUATERNION@@PAU1@PBU1@1M@Z 00413573 f   d3dx9:d3dxmath.obj
 0001:00012656       ?init_D3DXQuaternionSquad@@YGPAUD3DXQUATERNION@@PAU1@PBU1@111M@Z 00413656 f   d3dx9:d3dxmath.obj
 0001:00012680       ?c_D3DXQuaternionSquad@@YGPAUD3DXQUATERNION@@PAU1@PBU1@111M@Z 00413680 f   d3dx9:d3dxmath.obj
 0001:000126d7       ?init_D3DXQuaternionSquadSetup@@YGXPAUD3DXQUATERNION@@00PBU1@111@Z 004136d7 f   d3dx9:d3dxmath.obj
 0001:000126e8       ?init_D3DXQuaternionBaryCentric@@YGPAUD3DXQUATERNION@@PAU1@PBU1@11MM@Z 004136e8 f   d3dx9:d3dxmath.obj
 0001:00012717       ?c_D3DXQuaternionBaryCentric@@YGPAUD3DXQUATERNION@@PAU1@PBU1@11MM@Z 00413717 f   d3dx9:d3dxmath.obj
 0001:0001279f       ?init_D3DXPlaneNormalize@@YGPAUD3DXPLANE@@PAU1@PBU1@@Z 0041379f f   d3dx9:d3dxmath.obj
 0001:000127ac       _D3DXPlaneNormalize@8      004137ac f   d3dx9:d3dxmath.obj
 0001:000127b2       ?c_D3DXPlaneNormalize@@YGPAUD3DXPLANE@@PAU1@PBU1@@Z 004137b2 f   d3dx9:d3dxmath.obj
 0001:00012853       ?init_D3DXPlaneIntersectLine@@YGPAUD3DXVECTOR3@@PAU1@PBUD3DXPLANE@@PBU1@2@Z 00413853 f   d3dx9:d3dxmath.obj
 0001:00012860       ?c_D3DXPlaneIntersectLine@@YGPAUD3DXVECTOR3@@PAU1@PBUD3DXPLANE@@PBU1@2@Z 00413860 f   d3dx9:d3dxmath.obj
 0001:00012902       ?init_D3DXPlaneFromPointNormal@@YGPAUD3DXPLANE@@PAU1@PBUD3DXVECTOR3@@1@Z 00413902 f   d3dx9:d3dxmath.obj
 0001:0001290f       ?c_D3DXPlaneFromPointNormal@@YGPAUD3DXPLANE@@PAU1@PBUD3DXVECTOR3@@1@Z 0041390f f   d3dx9:d3dxmath.obj
 0001:00012947       ?init_D3DXPlaneFromPoints@@YGPAUD3DXPLANE@@PAU1@PBUD3DXVECTOR3@@11@Z 00413947 f   d3dx9:d3dxmath.obj
 0001:00012954       ?c_D3DXPlaneFromPoints@@YGPAUD3DXPLANE@@PAU1@PBUD3DXVECTOR3@@11@Z 00413954 f   d3dx9:d3dxmath.obj
 0001:000129f6       ?init_D3DXPlaneTransform@@YGPAUD3DXPLANE@@PAU1@PBU1@PBUD3DXMATRIX@@@Z 004139f6 f   d3dx9:d3dxmath.obj
 0001:00012a03       ?c_D3DXPlaneTransform@@YGPAUD3DXPLANE@@PAU1@PBU1@PBUD3DXMATRIX@@@Z 00413a03 f   d3dx9:d3dxmath.obj
 0001:00012aa2       ?init_D3DXPlaneTransformArray@@YGPAUD3DXPLANE@@PAU1@IPBU1@IPBUD3DXMATRIX@@I@Z 00413aa2 f   d3dx9:d3dxmath.obj
 0001:00012ab3       ?c_D3DXPlaneTransformArray@@YGPAUD3DXPLANE@@PAU1@IPBU1@IPBUD3DXMATRIX@@I@Z 00413ab3 f   d3dx9:d3dxmath.obj
 0001:00012b72       ?init_D3DXPSGPUpdateSkinnedMesh@@YGXPBUD3DXMATRIX@@0PAE1KKPAPAE2KKPAMH@Z 00413b72 f   d3dx9:d3dxmath.obj
 0001:00012b83       ?init_D3DXPSGPTessellateNPatch@@YGXPAUD3DXVECTOR3@@PAUD3DXVECTOR2@@KPAM222K@Z 00413b83 f   d3dx9:d3dxmath.obj
 0001:00012b94       ?c_D3DXVec2Normalize@@YGPAUD3DXVECTOR2@@PAU1@PBU1@@Z 00413b94 f   d3dx9:d3dxmath.obj
 0001:00012c1e       ?c_D3DXVec2Transform@@YGPAUD3DXVECTOR4@@PAU1@PBUD3DXVECTOR2@@PBUD3DXMATRIX@@@Z 00413c1e f   d3dx9:d3dxmath.obj
 0001:00012c89       ?c_D3DXVec2TransformArray@@YGPAUD3DXVECTOR4@@PAU1@IPBUD3DXVECTOR2@@IPBUD3DXMATRIX@@I@Z 00413c89 f   d3dx9:d3dxmath.obj
 0001:00012d0c       ?c_D3DXVec2TransformCoord@@YGPAUD3DXVECTOR2@@PAU1@PBU1@PBUD3DXMATRIX@@@Z 00413d0c f   d3dx9:d3dxmath.obj
 0001:00012d89       ?c_D3DXVec2TransformCoordArray@@YGPAUD3DXVECTOR2@@PAU1@IPBU1@IPBUD3DXMATRIX@@I@Z 00413d89 f   d3dx9:d3dxmath.obj
 0001:00012e21       ?c_D3DXVec2TransformNormal@@YGPAUD3DXVECTOR2@@PAU1@PBU1@PBUD3DXMATRIX@@@Z 00413e21 f   d3dx9:d3dxmath.obj
 0001:00012e5d       ?c_D3DXVec2TransformNormalArray@@YGPAUD3DXVECTOR2@@PAU1@IPBU1@IPBUD3DXMATRIX@@I@Z 00413e5d f   d3dx9:d3dxmath.obj
 0001:00012eb1       ?c_D3DXVec3Normalize@@YGPAUD3DXVECTOR3@@PAU1@PBU1@@Z 00413eb1 f   d3dx9:d3dxmath.obj
 0001:00012f4e       ?c_D3DXVec3TransformCoord@@YGPAUD3DXVECTOR3@@PAU1@PBU1@PBUD3DXMATRIX@@@Z 00413f4e f   d3dx9:d3dxmath.obj
 0001:0001300a       ?c_D3DXVec3TransformCoordArray@@YGPAUD3DXVECTOR3@@PAU1@IPBU1@IPBUD3DXMATRIX@@I@Z 0041400a f   d3dx9:d3dxmath.obj
 0001:000130e9       ?c_D3DXVec3Project@@YGPAUD3DXVECTOR3@@PAU1@PBU1@PBU_D3DVIEWPORT9@@PBUD3DXMATRIX@@33@Z 004140e9 f   d3dx9:d3dxmath.obj
 0001:00013276       ?c_D3DXVec3ProjectArray@@YGPAUD3DXVECTOR3@@PAU1@IPBU1@IPBU_D3DVIEWPORT9@@PBUD3DXMATRIX@@33I@Z 00414276 f   d3dx9:d3dxmath.obj
 0001:00013476       ?c_D3DXVec3Unproject@@YGPAUD3DXVECTOR3@@PAU1@PBU1@PBU_D3DVIEWPORT9@@PBUD3DXMATRIX@@33@Z 00414476 f   d3dx9:d3dxmath.obj
 0001:0001361c       ?c_D3DXVec3UnprojectArray@@YGPAUD3DXVECTOR3@@PAU1@IPBU1@IPBU_D3DVIEWPORT9@@PBUD3DXMATRIX@@33I@Z 0041461c f   d3dx9:d3dxmath.obj
 0001:0001384d       ?c_D3DXMatrixRotationYawPitchRoll@@YGPAUD3DXMATRIX@@PAU1@MMM@Z 0041484d f   d3dx9:d3dxmath.obj
 0001:00013886       ?c_D3DXMatrixTransformation@@YGPAUD3DXMATRIX@@PAU1@PBUD3DXVECTOR3@@PBUD3DXQUATERNION@@1121@Z 00414886 f   d3dx9:d3dxmath.obj
 0001:00013b3a       ?c_D3DXMatrixShadow@@YGPAUD3DXMATRIX@@PAU1@PBUD3DXVECTOR4@@PBUD3DXPLANE@@@Z 00414b3a f   d3dx9:d3dxmath.obj
 0001:00013c14       ?c_D3DXMatrixReflect@@YGPAUD3DXMATRIX@@PAU1@PBUD3DXPLANE@@@Z 00414c14 f   d3dx9:d3dxmath.obj
 0001:00013cd3       ?c_D3DXQuaternionSquadSetup@@YGXPAUD3DXQUATERNION@@00PBU1@111@Z 00414cd3 f   d3dx9:d3dxmath.obj
 0001:000140ad       ??0CFile@D3DXCore@@QAE@XZ  004150ad f   d3dx9:cfile.obj
 0001:000140bf       ?Open@CFile@D3DXCore@@QAEJPBXH@Z 004150bf f   d3dx9:cfile.obj
 0001:000141e0       ?Close@CFile@D3DXCore@@QAEJXZ 004151e0 f   d3dx9:cfile.obj
 0001:00014221       ??1CFile@D3DXCore@@QAE@XZ  00415221 f   d3dx9:cfile.obj
 0001:0001422c       ??0CText@D3DXCore@@IAE@XZ  0041522c f   d3dx9:ctext.obj
 0001:00014277       ??1CText@D3DXCore@@IAE@XZ  00415277 f   d3dx9:ctext.obj
 0001:00014368       ??_GCText@D3DXCore@@IAEPAXI@Z 00415368 f i d3dx9:ctext.obj
 0001:00014384       ?Begin@CText@D3DXCore@@QAEJXZ 00415384 f   d3dx9:ctext.obj
 0001:00014405       ?End@CText@D3DXCore@@QAEJXZ 00415405 f   d3dx9:ctext.obj
 0001:0001442f       ?OnLostDevice@CText@D3DXCore@@QAEJXZ 0041542f f   d3dx9:ctext.obj
 0001:0001449d       ?OnResetDevice@CText@D3DXCore@@QAEJXZ 0041549d f   d3dx9:ctext.obj
 0001:00014557       ?OnDeleteFont@CText@D3DXCore@@QAEJXZ 00415557 f   d3dx9:ctext.obj
 0001:0001457a       ?Release@CText@D3DXCore@@QAEXXZ 0041557a f   d3dx9:ctext.obj
 0001:00014586       ?Initialize@CText@D3DXCore@@IAEJPAUIDirect3DDevice9@@@Z 00415586 f   d3dx9:ctext.obj
 0001:000146c7       ?DrawTextAW@CText@D3DXCore@@QAEHPAUHFONT__@@PBXHPAUtagRECT@@KKH@Z 004156c7 f   d3dx9:ctext.obj
 0001:00014bde       ?Create@CText@D3DXCore@@SGJPAUIDirect3DDevice9@@PAPAV12@@Z 00415bde f   d3dx9:ctext.obj
 0001:00014cd0       ?jpeg_read_scanlines@D3DX@@YGIPAUjpeg_decompress_struct@1@PAPAEI@Z 00415cd0 f   d3dx9:jdapistd.obj
 0001:00014d60       ?jpeg_start_decompress@D3DX@@YGHPAUjpeg_decompress_struct@1@@Z 00415d60 f   d3dx9:jdapistd.obj
 0001:00014e40       ?jpeg_CreateDecompress@D3DX@@YGXPAUjpeg_decompress_struct@1@HI@Z 00415e40 f   d3dx9:jdapimin.obj
 0001:00014f10       ?jpeg_destroy_decompress@D3DX@@YGXPAUjpeg_decompress_struct@1@@Z 00415f10 f   d3dx9:jdapimin.obj
 0001:00015090       ?jpeg_consume_input@D3DX@@YGHPAUjpeg_decompress_struct@1@@Z 00416090 f   d3dx9:jdapimin.obj
 0001:00015140       ?jpeg_finish_decompress@D3DX@@YGHPAUjpeg_decompress_struct@1@@Z 00416140 f   d3dx9:jdapimin.obj
 0001:00015200       ?jpeg_read_header@D3DX@@YGHPAUjpeg_decompress_struct@1@H@Z 00416200 f   d3dx9:jdapimin.obj
 0001:000152cd       ?_asm_isMMX@@YGHXZ         004162cd f   d3dx9:cpudetect.obj
 0001:000152f2       ?isMMXprocessor@@YGHXZ     004162f2 f   d3dx9:cpudetect.obj
 0001:00015447       _D3DXCpuOptimizations@4    00416447 f   d3dx9:cpudetect.obj
 0001:00016af0       ?jpeg_resync_to_restart@D3DX@@YGHPAUjpeg_decompress_struct@1@H@Z 00417af0 f   d3dx9:jdmarker.obj
 0001:00016c20       ?jinit_marker_reader@D3DX@@YGXPAUjpeg_decompress_struct@1@@Z 00417c20 f   d3dx9:jdmarker.obj
 0001:00016df0       ?jpeg_std_error@D3DX@@YGPAUjpeg_error_mgr@1@PAU21@@Z 00417df0 f   d3dx9:jerror.obj
 0001:00016ec9       ?png_set_error_fn@D3DX@@YGXPAUpng_struct_def@1@PAXP6AX0PBD@Z3@Z 00417ec9 f   d3dx9:pngerror.obj
 0001:00016ee5       ?png_error@D3DX@@YGXPAUpng_struct_def@1@PBD@Z 00417ee5 f   d3dx9:pngerror.obj
 0001:00016f03       ?png_warning@D3DX@@YGXPAUpng_struct_def@1@PBD@Z 00417f03 f   d3dx9:pngerror.obj
 0001:00016f1a       ?png_chunk_error@D3DX@@YGXPAUpng_struct_def@1@PBD@Z 00417f1a f   d3dx9:pngerror.obj
 0001:00016f3e       ?png_chunk_warning@D3DX@@YGXPAUpng_struct_def@1@PBD@Z 00417f3e f   d3dx9:pngerror.obj
 0001:00016f62       ?png_create_read_struct@D3DX@@YGPAUpng_struct_def@1@PBDPAXP6AXPAU21@0@Z3@Z 00417f62 f   d3dx9:pngread.obj
 0001:00017056       ?png_read_info@D3DX@@YGXPAUpng_struct_def@1@PAUpng_info_struct@1@@Z 00418056 f   d3dx9:pngread.obj
 0001:000171c4       ?png_read_update_info@D3DX@@YGXPAUpng_struct_def@1@PAUpng_info_struct@1@@Z 004181c4 f   d3dx9:pngread.obj
 0001:000171e3       ?png_read_row@D3DX@@YGXPAUpng_struct_def@1@PAE1@Z 004181e3 f   d3dx9:pngread.obj
 0001:00017566       ?png_read_image@D3DX@@YGXPAUpng_struct_def@1@PAPAE@Z 00418566 f   d3dx9:pngread.obj
 0001:000175b1       ?png_read_destroy@D3DX@@YGXPAUpng_struct_def@1@PAUpng_info_struct@1@1@Z 004185b1 f   d3dx9:pngread.obj
 0001:000176c6       ?png_destroy_read_struct@D3DX@@YGXPAPAUpng_struct_def@1@PAPAUpng_info_struct@1@1@Z 004186c6 f   d3dx9:pngread.obj
 0001:00017743       ?png_get_valid@D3DX@@YGKPAUpng_struct_def@1@PAUpng_info_struct@1@K@Z 00418743 f   d3dx9:pngget.obj
 0001:00017760       ?png_get_rowbytes@D3DX@@YGKPAUpng_struct_def@1@PAUpng_info_struct@1@@Z 00418760 f   d3dx9:pngget.obj
 0001:00017779       ?png_get_channels@D3DX@@YGEPAUpng_struct_def@1@PAUpng_info_struct@1@@Z 00418779 f   d3dx9:pngget.obj
 0001:00017792       ?png_get_gAMA@D3DX@@YGKPAUpng_struct_def@1@PAUpng_info_struct@1@PAN@Z 00418792 f   d3dx9:pngget.obj
 0001:000177be       ?png_get_sRGB@D3DX@@YGKPAUpng_struct_def@1@PAUpng_info_struct@1@PAH@Z 004187be f   d3dx9:pngget.obj
 0001:000177ec       ?png_get_IHDR@D3DX@@YGKPAUpng_struct_def@1@PAUpng_info_struct@1@PAK2PAH3333@Z 004187ec f   d3dx9:pngget.obj
 0001:000178bd       ?png_get_PLTE@D3DX@@YGKPAUpng_struct_def@1@PAUpng_info_struct@1@PAPAUpng_color_struct@1@PAH@Z 004188bd f   d3dx9:pngget.obj
 0001:000178f3       ?png_get_tRNS@D3DX@@YGKPAUpng_struct_def@1@PAUpng_info_struct@1@PAPAEPAHPAPAUpng_color_16_struct@1@@Z 004188f3 f   d3dx9:pngget.obj
 0001:0001795c       ?png_set_bgr@D3DX@@YGXPAUpng_struct_def@1@@Z 0041895c f   d3dx9:pngtrans.obj
 0001:00017967       ?png_set_swap@D3DX@@YGXPAUpng_struct_def@1@@Z 00418967 f   d3dx9:pngtrans.obj
 0001:0001797b       ?png_set_packing@D3DX@@YGXPAUpng_struct_def@1@@Z 0041897b f   d3dx9:pngtrans.obj
 0001:00017996       ?png_set_interlace_handling@D3DX@@YGHPAUpng_struct_def@1@@Z 00418996 f   d3dx9:pngtrans.obj
 0001:000179b2       ?png_set_filler@D3DX@@YGXPAUpng_struct_def@1@KH@Z 004189b2 f   d3dx9:pngtrans.obj
 0001:00017a01       ?png_do_swap@D3DX@@YGXPAUpng_row_info_struct@1@PAE@Z 00418a01 f   d3dx9:pngtrans.obj
 0001:00017a30       ?png_do_bgr@D3DX@@YGXPAUpng_row_info_struct@1@PAE@Z 00418a30 f   d3dx9:pngtrans.obj
 0001:00017af1       ?png_set_gamma@D3DX@@YGXPAUpng_struct_def@1@NN@Z 00418af1 f   d3dx9:pngrtran.obj
 0001:00017b29       ?png_set_tRNS_to_alpha@D3DX@@YGXPAUpng_struct_def@1@@Z 00418b29 f   d3dx9:pngrtran.obj
 0001:00017b29       ?png_set_gray_1_2_4_to_8@D3DX@@YGXPAUpng_struct_def@1@@Z 00418b29 f   d3dx9:pngrtran.obj
 0001:00017b34       ?png_read_transform_info@D3DX@@YGXPAUpng_struct_def@1@PAUpng_info_struct@1@@Z 00418b34 f   d3dx9:pngrtran.obj
 0001:00017c21       ?png_do_unpack@D3DX@@YGXPAUpng_row_info_struct@1@PAE@Z 00418c21 f   d3dx9:pngrtran.obj
 0001:00017d32       ?png_do_unshift@D3DX@@YGXPAUpng_row_info_struct@1@PAEPAUpng_color_8_struct@1@@Z 00418d32 f   d3dx9:pngrtran.obj
 0001:00017eab       ?png_do_chop@D3DX@@YGXPAUpng_row_info_struct@1@PAE@Z 00418eab f   d3dx9:pngrtran.obj
 0001:00017ef1       ?png_do_read_filler@D3DX@@YGXPAUpng_row_info_struct@1@PAEKK@Z 00418ef1 f   d3dx9:pngrtran.obj
 0001:0001812a       ?png_do_gamma@D3DX@@YGXPAUpng_row_info_struct@1@PAE1PAPAGH@Z 0041912a f   d3dx9:pngrtran.obj
 0001:0001847a       ?png_do_expand_palette@D3DX@@YGXPAUpng_row_info_struct@1@PAEPAUpng_color_struct@1@1H@Z 0041947a f   d3dx9:pngrtran.obj
 0001:00018683       ?png_do_expand@D3DX@@YGXPAUpng_row_info_struct@1@PAEPAUpng_color_16_struct@1@@Z 00419683 f   d3dx9:pngrtran.obj
 0001:000189d6       ?png_do_dither@D3DX@@YGXPAUpng_row_info_struct@1@PAE11@Z 004199d6 f   d3dx9:pngrtran.obj
 0001:00018ae5       ?png_build_gamma_table@D3DX@@YGXPAUpng_struct_def@1@@Z 00419ae5 f   d3dx9:pngrtran.obj
 0001:00018de8       ?png_init_read_transformations@D3DX@@YGXPAUpng_struct_def@1@@Z 00419de8 f   d3dx9:pngrtran.obj
 0001:00018efc       ?png_do_read_transformations@D3DX@@YGXPAUpng_struct_def@1@@Z 00419efc f   d3dx9:pngrtran.obj
 0001:00019098       ?png_set_gAMA@D3DX@@YGXPAUpng_struct_def@1@PAUpng_info_struct@1@N@Z 0041a098 f   d3dx9:pngset.obj
 0001:000190b5       ?png_set_IHDR@D3DX@@YGXPAUpng_struct_def@1@PAUpng_info_struct@1@KKHHHHH@Z 0041a0b5 f   d3dx9:pngset.obj
 0001:00019156       ?png_set_PLTE@D3DX@@YGXPAUpng_struct_def@1@PAUpng_info_struct@1@PAUpng_color_struct@1@H@Z 0041a156 f   d3dx9:pngset.obj
 0001:0001917c       ?png_set_sRGB@D3DX@@YGXPAUpng_struct_def@1@PAUpng_info_struct@1@H@Z 0041a17c f   d3dx9:pngset.obj
 0001:00019199       ?png_set_sRGB_gAMA_and_cHRM@D3DX@@YGXPAUpng_struct_def@1@PAUpng_info_struct@1@H@Z 0041a199 f   d3dx9:pngset.obj
 0001:000191d0       ?png_set_tRNS@D3DX@@YGXPAUpng_struct_def@1@PAUpng_info_struct@1@PAEHPAUpng_color_16_struct@1@@Z 0041a1d0 f   d3dx9:pngset.obj
 0001:00019219       ?png_read_data@D3DX@@YGXPAUpng_struct_def@1@PAEI@Z 0041a219 f   d3dx9:pngrio.obj
 0001:00019242       ?png_set_read_fn@D3DX@@YGXPAUpng_struct_def@1@PAXP6AX0PAEI@Z@Z 0041a242 f   d3dx9:pngrio.obj
 0001:00019280       ?png_sig_cmp@D3DX@@YGHPAEII@Z 0041a280 f   d3dx9:png.obj
 0001:000192cb       ?png_zalloc@D3DX@@YGPAXPAXII@Z 0041a2cb f   d3dx9:png.obj
 0001:0001931e       ?png_zfree@D3DX@@YGXPAX0@Z 0041a31e f   d3dx9:png.obj
 0001:00019323       ?png_reset_crc@D3DX@@YGXPAUpng_struct_def@1@@Z 0041a323 f   d3dx9:png.obj
 0001:0001933a       ?png_calculate_crc@D3DX@@YGXPAUpng_struct_def@1@PAEI@Z 0041a33a f   d3dx9:png.obj
 0001:00019379       ?png_info_destroy@D3DX@@YGXPAUpng_struct_def@1@PAUpng_info_struct@1@@Z 0041a379 f   d3dx9:png.obj
 0001:00019389       ?png_create_info_struct@D3DX@@YGPAUpng_info_struct@1@PAUpng_struct_def@1@@Z 0041a389 f   d3dx9:png.obj
 0001:000193b1       ?x86_D3DXVec2Transform@@YGPAUD3DXVECTOR4@@PAU1@PBUD3DXVECTOR2@@PBUD3DXMATRIX@@@Z 0041a3b1 f   d3dx9:d3dxmathx86.obj
 0001:0001941a       ?x86_D3DXVec2TransformNormal@@YGPAUD3DXVECTOR2@@PAU1@PBU1@PBUD3DXMATRIX@@@Z 0041a41a f   d3dx9:d3dxmathx86.obj
 0001:0001944f       ?x86_D3DXVec3Transform@@YGPAUD3DXVECTOR4@@PAU1@PBUD3DXVECTOR3@@PBUD3DXMATRIX@@@Z 0041a44f f   d3dx9:d3dxmathx86.obj
 0001:000194da       ?x86_D3DXVec3TransformNormal@@YGPAUD3DXVECTOR3@@PAU1@PBU1@PBUD3DXMATRIX@@@Z 0041a4da f   d3dx9:d3dxmathx86.obj
 0001:00019539       ?x86_D3DXVec4Transform@@YGPAUD3DXVECTOR4@@PAU1@PBU1@PBUD3DXMATRIX@@@Z 0041a539 f   d3dx9:d3dxmathx86.obj
 0001:000195d2       ?TableInvSqrt@@YIMM@Z      0041a5d2 f   d3dx9:d3dxmathx86.obj
 0001:00019617       ?x86_D3DXVec3Normalize@@YGPAUD3DXVECTOR3@@PAU1@PBU1@@Z 0041a617 f   d3dx9:d3dxmathx86.obj
 0001:000196e1       ?x86_D3DXMatrixMultiply@@YGPAUD3DXMATRIX@@PAU1@PBU1@1@Z 0041a6e1 f   d3dx9:d3dxmathx86.obj
 0001:000197c4       ?x86_D3DXMatrixMultiplyTranspose@@YGPAUD3DXMATRIX@@PAU1@PBU1@1@Z 0041a7c4 f   d3dx9:d3dxmathx86.obj
 0001:00019852       ?x86_D3DXInitFastTable@@YGXPAUD3DXFASTTABLE@@@Z 0041a852 f   d3dx9:d3dxmathx86.obj
 0001:0001ab5b       ?D3DXDecodeDXT1@D3DXTex@@YGJPAUD3DXCOLOR@@PBE@Z 0041bb5b f   d3dx9:dxtn.obj
 0001:0001ac9b       ?D3DXDecodeDXT3@D3DXTex@@YGJPAUD3DXCOLOR@@PBE@Z 0041bc9b f   d3dx9:dxtn.obj
 0001:0001ad1e       ?D3DXDecodeDXT5@D3DXTex@@YGJPAUD3DXCOLOR@@PBE@Z 0041bd1e f   d3dx9:dxtn.obj
 0001:0001ae5a       ?D3DXEncodeDXT1@D3DXTex@@YGJPAEPBUD3DXCOLOR@@@Z 0041be5a f   d3dx9:dxtn.obj
 0001:0001af72       ?D3DXEncodeDXT3@D3DXTex@@YGJPAEPBUD3DXCOLOR@@@Z 0041bf72 f   d3dx9:dxtn.obj
 0001:0001b098       ?D3DXEncodeDXT5@D3DXTex@@YGJPAEPBUD3DXCOLOR@@@Z 0041c098 f   d3dx9:dxtn.obj
 0001:0001b521       ?D3DXDecodeDXT2@D3DXTex@@YGJPAUD3DXCOLOR@@PBE@Z 0041c521 f   d3dx9:dxtn.obj
 0001:0001b544       ?D3DXDecodeDXT4@D3DXTex@@YGJPAUD3DXCOLOR@@PBE@Z 0041c544 f   d3dx9:dxtn.obj
 0001:0001b567       ?D3DXEncodeDXT2@D3DXTex@@YGJPAEPBUD3DXCOLOR@@@Z 0041c567 f   d3dx9:dxtn.obj
 0001:0001b59b       ?D3DXEncodeDXT4@D3DXTex@@YGJPAEPBUD3DXCOLOR@@@Z 0041c59b f   d3dx9:dxtn.obj
 0001:0001b5cf       ?c_D3DXPSGPUpdateSkinnedMesh@@YGXPBUD3DXMATRIX@@0PAE1KKPAPAE2KKPAMH@Z 0041c5cf f   d3dx9:psgpmesh.obj
 0001:0001b9d9       ?CalculateEdgeControlPoint@@YGXPAUD3DXVECTOR3@@00M0@Z 0041c9d9 f i d3dx9:psgpmesh.obj
 0001:0001ba76       ?c_D3DXPSGPTessellateNPatch@@YGXPAUD3DXVECTOR3@@PAUD3DXVECTOR2@@KPAM222K@Z 0041ca76 f   d3dx9:psgpmesh.obj
 0001:0001be30       ?jpeg_calc_output_dimensions@D3DX@@YGXPAUjpeg_decompress_struct@1@@Z 0041ce30 f   d3dx9:jdmaster.obj
 0001:0001c3c0       ?jinit_master_decompress@D3DX@@YGXPAUjpeg_decompress_struct@1@@Z 0041d3c0 f   d3dx9:jdmaster.obj
 0001:0001c980       ?jinit_input_controller@D3DX@@YGXPAUjpeg_decompress_struct@1@@Z 0041d980 f   d3dx9:jdinput.obj
 0001:0001d400       ?jinit_memory_mgr@D3DX@@YGXPAUjpeg_common_struct@1@@Z 0041e400 f   d3dx9:jmemmgr.obj
 0001:0001d4c0       ?jpeg_abort@D3DX@@YGXPAUjpeg_common_struct@1@@Z 0041e4c0 f   d3dx9:jcomapi.obj
 0001:0001d500       ?jpeg_destroy@D3DX@@YGXPAUjpeg_common_struct@1@@Z 0041e500 f   d3dx9:jcomapi.obj
 0001:0001d520       ?jpeg_alloc_quant_table@D3DX@@YGPAUJQUANT_TBL@1@PAUjpeg_common_struct@1@@Z 0041e520 f   d3dx9:jcomapi.obj
 0001:0001d540       ?jpeg_alloc_huff_table@D3DX@@YGPAUJHUFF_TBL@1@PAUjpeg_common_struct@1@@Z 0041e540 f   d3dx9:jcomapi.obj
 0001:0001d560       ?sse_D3DXInitFastTable@@YAXPAUD3DXFASTTABLE@@@Z 0041e560 f   d3dx9:ssefasttable.obj
 0001:0001d6ce       ?sse2_D3DXInitFastTable@@YAXPAUD3DXFASTTABLE@@@Z 0041e6ce f   d3dx9:ssefasttable2.obj
 0001:0001d832       ?get_feature_flags@@YGIXZ  0041e832 f   d3dx9:d3dxmathx3d.obj
 0001:0001d916       ?x3d_D3DXInitFastTable@@YAXPAUD3DXFASTTABLE@@@Z 0041e916 f   d3dx9:d3dxmathx3d.obj
 0001:0001dbb0       ?jdiv_round_up@D3DX@@YGJJJ@Z 0041ebb0 f   d3dx9:jutils.obj
 0001:0001dbd0       ?jround_up@D3DX@@YGJJJ@Z   0041ebd0 f   d3dx9:jutils.obj
 0001:0001dbf0       ?jcopy_sample_rows@D3DX@@YGXPAPAEH0HHI@Z 0041ebf0 f   d3dx9:jutils.obj
 0001:0001dc40       ?jcopy_block_row@D3DX@@YGXPAY0EA@F0I@Z 0041ec40 f   d3dx9:jutils.obj
 0001:0001dc70       ?jzero_far@D3DX@@YGXPAXI@Z 0041ec70 f   d3dx9:jutils.obj
 0001:0001dc90       _d3dx_inflateReset@4       0041ec90 f   d3dx9:inflate.obj
 0001:0001dccf       _d3dx_inflateEnd@4         0041eccf f   d3dx9:inflate.obj
 0001:0001dd0c       _d3dx_inflateInit2_@16     0041ed0c f   d3dx9:inflate.obj
 0001:0001ddeb       _d3dx_inflateInit_@12      0041edeb f   d3dx9:inflate.obj
 0001:0001de01       _d3dx_inflate@8            0041ee01 f   d3dx9:inflate.obj
 0001:0001e164       ?png_create_struct@D3DX@@YGPAXH@Z 0041f164 f   d3dx9:pngmem.obj
 0001:0001e1a8       ?png_destroy_struct@D3DX@@YGXPAX@Z 0041f1a8 f   d3dx9:pngmem.obj
 0001:0001e1bc       ?png_malloc@D3DX@@YGPAXPAUpng_struct_def@1@K@Z 0041f1bc f   d3dx9:pngmem.obj
 0001:0001e1f3       ?png_free@D3DX@@YGXPAUpng_struct_def@1@PAX@Z 0041f1f3 f   d3dx9:pngmem.obj
 0001:0001e20e       ?png_memcpy_check@D3DX@@YGPAXPAUpng_struct_def@1@PAX1K@Z 0041f20e f   d3dx9:pngmem.obj
 0001:0001e233       ?png_memset_check@D3DX@@YGPAXPAUpng_struct_def@1@PAXHK@Z 0041f233 f   d3dx9:pngmem.obj
 0001:0001e266       ?png_get_uint_32@D3DX@@YGKPAE@Z 0041f266 f   d3dx9:pngrutil.obj
 0001:0001e28b       ?png_crc_read@D3DX@@YGXPAUpng_struct_def@1@PAEI@Z 0041f28b f   d3dx9:pngrutil.obj
 0001:0001e2a2       ?png_crc_error@D3DX@@YGHPAUpng_struct_def@1@@Z 0041f2a2 f   d3dx9:pngrutil.obj
 0001:0001e2fe       ?png_check_chunk_name@D3DX@@YGXPAUpng_struct_def@1@PAE@Z 0041f2fe f   d3dx9:pngrutil.obj
 0001:0001e360       ?png_combine_row@D3DX@@YGXPAUpng_struct_def@1@PAEH@Z 0041f360 f   d3dx9:pngrutil.obj
 0001:0001e576       ?png_do_read_interlace@D3DX@@YGXPAUpng_row_info_struct@1@PAEHK@Z 0041f576 f   d3dx9:pngrutil.obj
 0001:0001e841       ?png_read_filter_row@D3DX@@YGXPAUpng_struct_def@1@PAUpng_row_info_struct@1@PAE2H@Z 0041f841 f   d3dx9:pngrutil.obj
 0001:0001e9ba       ?png_read_start_row@D3DX@@YGXPAUpng_struct_def@1@@Z 0041f9ba f   d3dx9:pngrutil.obj
 0001:0001eb54       ?png_crc_finish@D3DX@@YGHPAUpng_struct_def@1@K@Z 0041fb54 f   d3dx9:pngrutil.obj
 0001:0001ebd9       ?png_handle_IHDR@D3DX@@YGXPAUpng_struct_def@1@PAUpng_info_struct@1@K@Z 0041fbd9 f   d3dx9:pngrutil.obj
 0001:0001edb9       ?png_handle_PLTE@D3DX@@YGXPAUpng_struct_def@1@PAUpng_info_struct@1@K@Z 0041fdb9 f   d3dx9:pngrutil.obj
 0001:0001eed2       ?png_handle_IEND@D3DX@@YGXPAUpng_struct_def@1@PAUpng_info_struct@1@K@Z 0041fed2 f   d3dx9:pngrutil.obj
 0001:0001ef18       ?png_handle_gAMA@D3DX@@YGXPAUpng_struct_def@1@PAUpng_info_struct@1@K@Z 0041ff18 f   d3dx9:pngrutil.obj
 0001:0001f019       ?png_handle_sRGB@D3DX@@YGXPAUpng_struct_def@1@PAUpng_info_struct@1@K@Z 00420019 f   d3dx9:pngrutil.obj
 0001:0001f0fb       ?png_handle_tRNS@D3DX@@YGXPAUpng_struct_def@1@PAUpng_info_struct@1@K@Z 004200fb f   d3dx9:pngrutil.obj
 0001:0001f29c       ?png_handle_unknown@D3DX@@YGXPAUpng_struct_def@1@PAUpng_info_struct@1@K@Z 0042029c f   d3dx9:pngrutil.obj
 0001:0001f2e2       ?png_read_finish_row@D3DX@@YGXPAUpng_struct_def@1@@Z 004202e2 f   d3dx9:pngrutil.obj
 0001:0001f4f2       _d3dx_crc32@12             004204f2 f   d3dx9:crc32.obj
 0001:0001fb90       ?jinit_d_main_controller@D3DX@@YGXPAUjpeg_decompress_struct@1@H@Z 00420b90 f   d3dx9:jdmainct.obj
 0001:00020b50       ?jinit_d_coef_controller@D3DX@@YGXPAUjpeg_decompress_struct@1@H@Z 00421b50 f   d3dx9:jdcoefct.obj
 0001:00020c90       ?jpeg_make_d_derived_tbl@D3DX@@YGXPAUjpeg_decompress_struct@1@HHPAPAUd_derived_tbl@1@@Z 00421c90 f   d3dx9:jdhuff.obj
 0001:00020f60       ?jpeg_fill_bit_buffer@D3DX@@YGHPAUbitread_working_state@1@JHH@Z 00421f60 f   d3dx9:jdhuff.obj
 0001:00021080       ?jpeg_huff_decode@D3DX@@YGHPAUbitread_working_state@1@JHPAUd_derived_tbl@1@H@Z 00422080 f   d3dx9:jdhuff.obj
 0001:00021720       ?jinit_huff_decoder@D3DX@@YGXPAUjpeg_decompress_struct@1@@Z 00422720 f   d3dx9:jdhuff.obj
 0001:00022360       ?jinit_phuff_decoder@D3DX@@YGXPAUjpeg_decompress_struct@1@@Z 00423360 f   d3dx9:jdphuff.obj
 0001:000227d0       ?jinit_inverse_dct@D3DX@@YGXPAUjpeg_decompress_struct@1@@Z 004237d0 f   d3dx9:jddctmgr.obj
 0001:00022950       ?jinit_d_post_controller@D3DX@@YGXPAUjpeg_decompress_struct@1@H@Z 00423950 f   d3dx9:jdpostct.obj
 0001:00023840       ?jinit_upsampler@D3DX@@YGXPAUjpeg_decompress_struct@1@@Z 00424840 f   d3dx9:jdsample.obj
 0001:000250a0       ?jinit_color_deconverter@D3DX@@YGXPAUjpeg_decompress_struct@1@@Z 004260a0 f   d3dx9:jdcolor.obj
 0001:00025d40       ?jinit_merged_upsampler@D3DX@@YGXPAUjpeg_decompress_struct@1@@Z 00426d40 f   d3dx9:jdmerge.obj
 0001:00025dc0       ?jpeg_get_small@D3DX@@YGPAXPAUjpeg_common_struct@1@I@Z 00426dc0 f   d3dx9:jmemansi.obj
 0001:00025dc0       ?jpeg_get_large@D3DX@@YGPAXPAUjpeg_common_struct@1@I@Z 00426dc0 f   d3dx9:jmemansi.obj
 0001:00025df0       ?jpeg_free_large@D3DX@@YGXPAUjpeg_common_struct@1@PAXI@Z 00426df0 f   d3dx9:jmemansi.obj
 0001:00025df0       ?jpeg_free_small@D3DX@@YGXPAUjpeg_common_struct@1@PAXI@Z 00426df0 f   d3dx9:jmemansi.obj
 0001:00025e10       ?jpeg_mem_available@D3DX@@YGJPAUjpeg_common_struct@1@JJJ@Z 00426e10 f   d3dx9:jmemansi.obj
 0001:00025f10       ?jpeg_open_backing_store@D3DX@@YGXPAUjpeg_common_struct@1@PAUbacking_store_struct@1@J@Z 00426f10 f   d3dx9:jmemansi.obj
 0001:00025f60       ?jpeg_mem_init@D3DX@@YGJPAUjpeg_common_struct@1@@Z 00426f60 f   d3dx9:jmemansi.obj
 0001:00025f70       ?jpeg_mem_term@D3DX@@YGXPAUjpeg_common_struct@1@@Z 00426f70 f   d3dx9:jmemansi.obj
 0001:00025f80       ?sse_D3DXQuaternionMultiply@@YGPAUD3DXQUATERNION@@PAU1@PBU1@1@Z 00426f80 f   d3dx9:d3dxquatsse.obj
 0001:00025ff9       ?sse_D3DXQuaternionNormalize@@YGPAUD3DXQUATERNION@@PAU1@PBU1@@Z 00426ff9 f   d3dx9:d3dxquatsse.obj
 0001:00026093       ?sse_D3DXQuaternionInverse@@YGPAUD3DXQUATERNION@@PAU1@PBU1@@Z 00427093 f   d3dx9:d3dxquatsse.obj
 0001:00026111       ?sse_D3DXQuaternionRotationYawPitchRoll@@YGPAUD3DXQUATERNION@@PAU1@MMM@Z 00427111 f   d3dx9:d3dxquatsse.obj
 0001:000261d3       ?sse_D3DXQuaternionRotationMatrix@@YGPAUD3DXQUATERNION@@PAU1@PBUD3DXMATRIX@@@Z 004271d3 f   d3dx9:d3dxquatsse.obj
 0001:000261d3       ?sse2_D3DXQuaternionRotationMatrix@@YGPAUD3DXQUATERNION@@PAU1@PBUD3DXMATRIX@@@Z 004271d3 f   d3dx9:d3dxquatsse2.obj
 0001:000262fd       ??0KMATRIX@@QAE@ABUD3DXMATRIX@@@Z 004272fd f i d3dx9:arraymath.obj
 0001:00026477       ?sse_D3DXVec3TransformArray@@YGPAUD3DXVECTOR4@@PAU1@IPBUD3DXVECTOR3@@IPBUD3DXMATRIX@@I@Z 00427477 f   d3dx9:arraymath.obj
 0001:0002667d       ?sse_D3DXVec2TransformArray@@YGPAUD3DXVECTOR4@@PAU1@IPBUD3DXVECTOR2@@IPBUD3DXMATRIX@@I@Z 0042767d f   d3dx9:arraymath.obj
 0001:0002680b       ?sse_D3DXVec2TransformCoordArray@@YGPAUD3DXVECTOR2@@PAU1@IPBU1@IPBUD3DXMATRIX@@I@Z 0042780b f   d3dx9:arraymath.obj
 0001:00026971       ?sse_D3DXVec2TransformNormalArray@@YGPAUD3DXVECTOR2@@PAU1@IPBU1@IPBUD3DXMATRIX@@I@Z 00427971 f   d3dx9:arraymath.obj
 0001:00026a81       ?sse_D3DXVec4TransformArray@@YGPAUD3DXVECTOR4@@PAU1@IPBU1@IPBUD3DXMATRIX@@I@Z 00427a81 f   d3dx9:arraymath.obj
 0001:00026cbf       ?sse_D3DXVec3TransformNormalArray@@YGPAUD3DXVECTOR3@@PAU1@IPBU1@IPBUD3DXMATRIX@@I@Z 00427cbf f   d3dx9:arraymath.obj
 0001:00026e8f       ?sse_D3DXVec3TransformCoordArray@@YGPAUD3DXVECTOR3@@PAU1@IPBU1@IPBUD3DXMATRIX@@I@Z 00427e8f f   d3dx9:arraymath.obj
 0001:000270c0       ?sse_D3DXPSGPUpdateSkinnedMesh@@YGXPBUD3DXMATRIX@@0PAE1KKPAPAE2KKPAMH@Z 004280c0 f   d3dx9:skinning.obj
 0001:00027742       ?sse_D3DXFloat16To32Array@@YGPAMPAMPBUD3DXFLOAT16@@I@Z 00428742 f   d3dx9:float16.obj
 0001:00027816       ?sse_D3DXVec2Transform@@YGPAUD3DXVECTOR4@@PAU1@PBUD3DXVECTOR2@@PBUD3DXMATRIX@@@Z 00428816 f   d3dx9:d3dxmathsse.obj
 0001:00027854       ?sse_D3DXVec2TransformCoord@@YGPAUD3DXVECTOR2@@PAU1@PBU1@PBUD3DXMATRIX@@@Z 00428854 f   d3dx9:d3dxmathsse.obj
 0001:000278ab       ?sse_D3DXVec2TransformNormal@@YGPAUD3DXVECTOR2@@PAU1@PBU1@PBUD3DXMATRIX@@@Z 004288ab f   d3dx9:d3dxmathsse.obj
 0001:000278e2       ?sse_D3DXMatrixMultiply@@YGPAUD3DXMATRIX@@PAU1@PBU1@1@Z 004288e2 f   d3dx9:d3dxmathsse.obj
 0001:000278e2       ?sse2_D3DXMatrixMultiply@@YGPAUD3DXMATRIX@@PAU1@PBU1@1@Z 004288e2 f   d3dx9:d3dxmathsse2.obj
 0001:00027a16       ?sse2_D3DXMatrixInverse@@YGPAUD3DXMATRIX@@PAU1@PAMPBU1@@Z 00428a16 f   d3dx9:d3dxmathsse2.obj
 0001:00027a16       ?sse_D3DXMatrixInverse@@YGPAUD3DXMATRIX@@PAU1@PAMPBU1@@Z 00428a16 f   d3dx9:d3dxmathsse.obj
 0001:00027d12       ?sse_D3DXVec4Cross@@YGPAUD3DXVECTOR4@@PAU1@PBU1@11@Z 00428d12 f   d3dx9:d3dxmathsse.obj
 0001:00027dd2       ?sse_D3DXVec4Normalize@@YGPAUD3DXVECTOR4@@PAU1@PBU1@@Z 00428dd2 f   d3dx9:d3dxmathsse.obj
 0001:00027e6c       ?sse_D3DXVec3CatmullRom@@YGPAUD3DXVECTOR3@@PAU1@PBU1@111M@Z 00428e6c f   d3dx9:d3dxmathsse.obj
 0001:00027f1e       ?sse_D3DXVec2CatmullRom@@YGPAUD3DXVECTOR2@@PAU1@PBU1@111M@Z 00428f1e f   d3dx9:d3dxmathsse.obj
 0001:00027fa3       ?sse_D3DXVec4CatmullRom@@YGPAUD3DXVECTOR4@@PAU1@PBU1@111M@Z 00428fa3 f   d3dx9:d3dxmathsse.obj
 0001:00028048       ?sse_D3DXVec3Hermite@@YGPAUD3DXVECTOR3@@PAU1@PBU1@111M@Z 00429048 f   d3dx9:d3dxmathsse.obj
 0001:000280fb       ?sse_D3DXVec4Hermite@@YGPAUD3DXVECTOR4@@PAU1@PBU1@111M@Z 004290fb f   d3dx9:d3dxmathsse.obj
 0001:00028195       ?sse_D3DXVec2Hermite@@YGPAUD3DXVECTOR2@@PAU1@PBU1@111M@Z 00429195 f   d3dx9:d3dxmathsse.obj
 0001:0002821b       ?sse_D3DXVec3BaryCentric@@YGPAUD3DXVECTOR3@@PAU1@PBU1@11MM@Z 0042921b f   d3dx9:d3dxmathsse.obj
 0001:00028278       ?sse_D3DXVec4BaryCentric@@YGPAUD3DXVECTOR4@@PAU1@PBU1@11MM@Z 00429278 f   d3dx9:d3dxmathsse.obj
 0001:000282c1       ?sse_D3DXVec2BaryCentric@@YGPAUD3DXVECTOR2@@PAU1@PBU1@11MM@Z 004292c1 f   d3dx9:d3dxmathsse.obj
 0001:00028313       ?sse_D3DXPlaneIntersectLine@@YGPAUD3DXVECTOR3@@PAU1@PBUD3DXPLANE@@PBU1@2@Z 00429313 f   d3dx9:d3dxmathsse.obj
 0001:000283c1       ?sse_D3DXPlaneFromPoints@@YGPAUD3DXPLANE@@PAU1@PBUD3DXVECTOR3@@11@Z 004293c1 f   d3dx9:d3dxmathsse.obj
 0001:000284c1       ?sse_D3DXMatrixReflect@@YGPAUD3DXMATRIX@@PAU1@PBUD3DXPLANE@@@Z 004294c1 f   d3dx9:d3dxmathsse.obj
 0001:000285cd       ?sse2_D3DXVec3Transform@@YGPAUD3DXVECTOR4@@PAU1@PBUD3DXVECTOR3@@PBUD3DXMATRIX@@@Z 004295cd f   d3dx9:d3dxmathsse2.obj
 0001:000285cd       ?sse_D3DXVec3Transform@@YGPAUD3DXVECTOR4@@PAU1@PBUD3DXVECTOR3@@PBUD3DXMATRIX@@@Z 004295cd f   d3dx9:d3dxmathsse.obj
 0001:000286a1       ?sse_D3DXMatrixShadow@@YGPAU_D3DMATRIX@@PAU1@PBUD3DXVECTOR4@@PBUD3DXPLANE@@@Z 004296a1 f   d3dx9:d3dxmathsse.obj
 0001:00028868       ?sse2_D3DXVec3TransformArray@@YGPAUD3DXVECTOR4@@PAU1@IPBUD3DXVECTOR3@@IPBUD3DXMATRIX@@I@Z 00429868 f   d3dx9:arraymath2.obj
 0001:00028a6e       ?sse2_D3DXVec2TransformArray@@YGPAUD3DXVECTOR4@@PAU1@IPBUD3DXVECTOR2@@IPBUD3DXMATRIX@@I@Z 00429a6e f   d3dx9:arraymath2.obj
 0001:00028bfc       ?sse2_D3DXVec2TransformCoordArray@@YGPAUD3DXVECTOR2@@PAU1@IPBU1@IPBUD3DXMATRIX@@I@Z 00429bfc f   d3dx9:arraymath2.obj
[...]
 0001:0001d2e0       ?free_pool@D3DX@@YGXPAUjpeg_common_struct@1@H@Z 0041e2e0 f   d3dx9:jmemmgr.obj
 0001:0001d3c0       ?self_destruct@D3DX@@YGXPAUjpeg_common_struct@1@@Z 0041e3c0 f   d3dx9:jmemmgr.obj
 0001:0001f5f0       ?alloc_funny_pointers@D3DX@@YGXPAUjpeg_decompress_struct@1@@Z 004205f0 f   d3dx9:jdmainct.obj
 0001:0001f6a0       ?make_funny_pointers@D3DX@@YGXPAUjpeg_decompress_struct@1@@Z 004206a0 f   d3dx9:jdmainct.obj
 0001:0001f7f0       ?set_wraparound_pointers@D3DX@@YGXPAUjpeg_decompress_struct@1@@Z 004207f0 f   d3dx9:jdmainct.obj
 0001:0001f8d0       ?set_bottom_pointers@D3DX@@YGXPAUjpeg_decompress_struct@1@@Z 004208d0 f   d3dx9:jdmainct.obj
 0001:0001f980       ?process_data_simple_main@D3DX@@YGXPAUjpeg_decompress_struct@1@PAPAEPAII@Z 00420980 f   d3dx9:jdmainct.obj
 0001:0001f9f0       ?process_data_context_main@D3DX@@YGXPAUjpeg_decompress_struct@1@PAPAEPAII@Z 004209f0 f   d3dx9:jdmainct.obj
 0001:0001fb20       ?start_pass_main@D3DX@@YGXPAUjpeg_decompress_struct@1@W4J_BUF_MODE@1@@Z 00420b20 f   d3dx9:jdmainct.obj
 0001:0001fc60       ?start_iMCU_row@D3DX@@YGXPAUjpeg_decompress_struct@1@@Z 00420c60 f   d3dx9:jdcoefct.obj
 0001:0001fcb0       ?start_input_pass@D3DX@@YGXPAUjpeg_decompress_struct@1@@Z 00420cb0 f   d3dx9:jdcoefct.obj
 0001:0001fcd0       ?decompress_onepass@D3DX@@YGHPAUjpeg_decompress_struct@1@PAPAPAE@Z 00420cd0 f   d3dx9:jdcoefct.obj
 0001:0001ff70       ?dummy_consume_data@D3DX@@YGHPAUjpeg_decompress_struct@1@@Z 00420f70 f   d3dx9:jdcoefct.obj
 0001:0001ff80       ?consume_data@D3DX@@YGHPAUjpeg_decompress_struct@1@@Z 00420f80 f   d3dx9:jdcoefct.obj
 0001:000201c0       ?decompress_data@D3DX@@YGHPAUjpeg_decompress_struct@1@PAPAPAE@Z 004211c0 f   d3dx9:jdcoefct.obj
 0001:00020350       ?smoothing_ok@D3DX@@YGHPAUjpeg_decompress_struct@1@@Z 00421350 f   d3dx9:jdcoefct.obj
 0001:000204a0       ?decompress_smooth_data@D3DX@@YGHPAUjpeg_decompress_struct@1@PAPAPAE@Z 004214a0 f   d3dx9:jdcoefct.obj
 0001:00020b00       ?start_output_pass@D3DX@@YGXPAUjpeg_decompress_struct@1@@Z 00421b00 f   d3dx9:jdcoefct.obj
 0001:00021160       ?process_restart@D3DX@@YGHPAUjpeg_decompress_struct@1@@Z 00422160 f   d3dx9:jdhuff.obj
 0001:000211d0       ?decode_mcu@D3DX@@YGHPAUjpeg_decompress_struct@1@PAPAY0EA@F@Z 004221d0 f   d3dx9:jdhuff.obj
 0001:000215e0       ?start_pass_huff_decoder@D3DX@@YGXPAUjpeg_decompress_struct@1@@Z 004225e0 f   d3dx9:jdhuff.obj
 0001:00021760       ?process_restart@D3DX@@YGHPAUjpeg_decompress_struct@1@@Z 00422760 f   d3dx9:jdphuff.obj
 0001:000217d0       ?decode_mcu_DC_first@D3DX@@YGHPAUjpeg_decompress_struct@1@PAPAY0EA@F@Z 004227d0 f   d3dx9:jdphuff.obj
 0001:000219f0       ?decode_mcu_AC_first@D3DX@@YGHPAUjpeg_decompress_struct@1@PAPAY0EA@F@Z 004229f0 f   d3dx9:jdphuff.obj
 0001:00021c30       ?decode_mcu_DC_refine@D3DX@@YGHPAUjpeg_decompress_struct@1@PAPAY0EA@F@Z 00422c30 f   d3dx9:jdphuff.obj
 0001:00021d30       ?decode_mcu_AC_refine@D3DX@@YGHPAUjpeg_decompress_struct@1@PAPAY0EA@F@Z 00422d30 f   d3dx9:jdphuff.obj
 0001:00022120       ?start_pass_phuff_decoder@D3DX@@YGXPAUjpeg_decompress_struct@1@@Z 00423120 f   d3dx9:jdphuff.obj
 0001:000223c0       ?start_pass@D3DX@@YGXPAUjpeg_decompress_struct@1@@Z 004233c0 f   d3dx9:jddctmgr.obj
 0001:00022850       ?post_process_1pass@D3DX@@YGXPAUjpeg_decompress_struct@1@PAPAPAEPAIIPAPAE2I@Z 00423850 f   d3dx9:jdpostct.obj
 0001:000228d0       ?start_pass_dpost@D3DX@@YGXPAUjpeg_decompress_struct@1@W4J_BUF_MODE@1@@Z 004238d0 f   d3dx9:jdpostct.obj
 0001:000229c0       ?start_pass_upsample@D3DX@@YGXPAUjpeg_decompress_struct@1@@Z 004239c0 f   d3dx9:jdsample.obj
 0001:000229e0       ?sep_upsample@D3DX@@YGXPAUjpeg_decompress_struct@1@PAPAPAEPAIIPAPAE2I@Z 004239e0 f   d3dx9:jdsample.obj
 0001:00022ac0       ?fullsize_upsample@D3DX@@YGXPAUjpeg_decompress_struct@1@PAUjpeg_component_info@1@PAPAEPAPAPAE@Z 00423ac0 f   d3dx9:jdsample.obj
 0001:00022ad0       ?noop_upsample@D3DX@@YGXPAUjpeg_decompress_struct@1@PAUjpeg_component_info@1@PAPAEPAPAPAE@Z 00423ad0 f   d3dx9:jdsample.obj
 0001:00022ae0       ?int_upsample@D3DX@@YGXPAUjpeg_decompress_struct@1@PAUjpeg_component_info@1@PAPAEPAPAPAE@Z 00423ae0 f   d3dx9:jdsample.obj
 0001:00022be0       ?h2v1_upsample@D3DX@@YGXPAUjpeg_decompress_struct@1@PAUjpeg_component_info@1@PAPAEPAPAPAE@Z 00423be0 f   d3dx9:jdsample.obj
 0001:00022c40       ?h2v2_upsample@D3DX@@YGXPAUjpeg_decompress_struct@1@PAUjpeg_component_info@1@PAPAEPAPAPAE@Z 00423c40 f   d3dx9:jdsample.obj
 0001:00022cc0       ?h2v1_fancy_upsample_orig@D3DX@@YGXPAUjpeg_decompress_struct@1@PAUjpeg_component_info@1@PAPAEPAPAPAE@Z 00423cc0 f   d3dx9:jdsample.obj
 0001:00022d80       ?h2v1_fancy_upsample_mmx@D3DX@@YGXPAUjpeg_decompress_struct@1@PAUjpeg_component_info@1@PAPAEPAPAPAE@Z 00423d80 f   d3dx9:jdsample.obj
 0001:00023010       ?h2v2_fancy_upsample_orig@D3DX@@YGXPAUjpeg_decompress_struct@1@PAUjpeg_component_info@1@PAPAEPAPAPAE@Z 00424010 f   d3dx9:jdsample.obj
 0001:00023170       ?h2v2_fancy_upsample_mmx@D3DX@@YGXPAUjpeg_decompress_struct@1@PAUjpeg_component_info@1@PAPAEPAPAPAE@Z 00424170 f   d3dx9:jdsample.obj
 0001:00023740       ?h2v1_fancy_upsample@D3DX@@YGXPAUjpeg_decompress_struct@1@PAUjpeg_component_info@1@PAPAEPAPAPAE@Z 00424740 f   d3dx9:jdsample.obj
 0001:000237c0       ?h2v2_fancy_upsample@D3DX@@YGXPAUjpeg_decompress_struct@1@PAUjpeg_component_info@1@PAPAEPAPAPAE@Z 004247c0 f   d3dx9:jdsample.obj
 0001:00023a30       ?build_ycc_rgb_table@D3DX@@YGXPAUjpeg_decompress_struct@1@@Z 00424a30 f   d3dx9:jdcolor.obj
 0001:00023b00       ?ycc_rgb_convert@D3DX@@YGXPAUjpeg_decompress_struct@1@PAPAPAEIPAPAEH@Z 00424b00 f   d3dx9:jdcolor.obj
 0001:00023c30       ?ycc_rgb_convert_mmx@D3DX@@YGXPAUjpeg_decompress_struct@1@PAPAPAEIPAPAEH@Z 00424c30 f   d3dx9:jdcolor.obj
 0001:00023da0       ?null_convert@D3DX@@YGXPAUjpeg_decompress_struct@1@PAPAPAEIPAPAEH@Z 00424da0 f   d3dx9:jdcolor.obj
 0001:00023e30       ?grayscale_convert@D3DX@@YGXPAUjpeg_decompress_struct@1@PAPAPAEIPAPAEH@Z 00424e30 f   d3dx9:jdcolor.obj
 0001:00023e60       ?gray_rgb_convert@D3DX@@YGXPAUjpeg_decompress_struct@1@PAPAPAEIPAPAEH@Z 00424e60 f   d3dx9:jdcolor.obj
 0001:00023ec0       ?ycck_cmyk_convert@D3DX@@YGXPAUjpeg_decompress_struct@1@PAPAPAEIPAPAEH@Z 00424ec0 f   d3dx9:jdcolor.obj
 0001:00024030       ?build_cmyk_rgb_table@D3DX@@YGXPAUjpeg_decompress_struct@1@@Z 00425030 f   d3dx9:jdcolor.obj
 0001:00024c90       ?cmyk_rgb_convert@D3DX@@YGXPAUjpeg_decompress_struct@1@PAPAPAEIPAPAEH@Z 00425c90 f   d3dx9:jdcolor.obj
 0001:00024e70       ?ycck_rgb_convert@D3DX@@YGXPAUjpeg_decompress_struct@1@PAPAPAEIPAPAEH@Z 00425e70 f   d3dx9:jdcolor.obj
 0001:00025270       ?build_ycc_rgb_table@D3DX@@YGXPAUjpeg_decompress_struct@1@@Z 00426270 f   d3dx9:jdmerge.obj
 0001:00025340       ?start_pass_merged_upsample@D3DX@@YGXPAUjpeg_decompress_struct@1@@Z 00426340 f   d3dx9:jdmerge.obj
 0001:00025360       ?merged_2v_upsample@D3DX@@YGXPAUjpeg_decompress_struct@1@PAPAPAEPAIIPAPAE2I@Z 00426360 f   d3dx9:jdmerge.obj
 0001:00025430       ?merged_1v_upsample@D3DX@@YGXPAUjpeg_decompress_struct@1@PAPAPAEPAIIPAPAE2I@Z 00426430 f   d3dx9:jdmerge.obj
 0001:00025470       ?h2v1_merged_upsample@D3DX@@YGXPAUjpeg_decompress_struct@1@PAPAPAEIPAPAE@Z 00426470 f   d3dx9:jdmerge.obj
 0001:000255c0       ?h2v2_merged_upsample_orig@D3DX@@YGXPAUjpeg_decompress_struct@1@PAPAPAEIPAPAE@Z 004265c0 f   d3dx9:jdmerge.obj
 0001:000257f0       ?h2v2_merged_upsample_mmx@D3DX@@YGXPAUjpeg_decompress_struct@1@PAPAPAEIPAPAE@Z 004267f0 f   d3dx9:jdmerge.obj
 0001:00025d00       ?h2v2_merged_upsample@D3DX@@YGXPAUjpeg_decompress_struct@1@PAPAPAEIPAPAE@Z 00426d00 f   d3dx9:jdmerge.obj
 0001:00025e30       ?read_backing_store@D3DX@@YGXPAUjpeg_common_struct@1@PAUbacking_store_struct@1@PAXJJ@Z 00426e30 f   d3dx9:jmemansi.obj
 0001:00025e90       ?write_backing_store@D3DX@@YGXPAUjpeg_common_struct@1@PAUbacking_store_struct@1@PAXJJ@Z 00426e90 f   d3dx9:jmemansi.obj
 0001:00025ef0       ?close_backing_store@D3DX@@YGXPAUjpeg_common_struct@1@PAUbacking_store_struct@1@@Z 00426ef0 f   d3dx9:jmemansi.obj
 0001:00025f70       ?start_pass_dcolor@D3DX@@YGXPAUjpeg_decompress_struct@1@@Z 00426f70 f   d3dx9:jmemansi.obj
 0001:00027618       ?SSEFloat16Conversion8@@YGXXZ 00428618 f   d3dx9:float16.obj
 0001:000294b1       ?SSEFloat16Conversion8@@YGXXZ 0042a4b1 f   d3dx9:float162.obj
 0001:0002a3c0       ProcPrologue               0042b3c0 f   d3dx9:d3dxplane.obj
 0001:0002a3fa       TransformLoop              0042b3fa f   d3dx9:d3dxplane.obj
 0001:0002a440       ProcEpilog                 0042b440 f   d3dx9:d3dxplane.obj
 0001:0002a480       ProcPrologue               0042b480 f   d3dx9:d3dxvec4.obj
 0001:0002a4ba       TransformLoop              0042b4ba f   d3dx9:d3dxvec4.obj
 0001:0002a500       ProcEpilog                 0042b500 f   d3dx9:d3dxvec4.obj
 0001:0002a540       ProcPrologue               0042b540 f   d3dx9:d3dxvec2.obj
 0001:0002a580       ScalarLoop                 0042b580 f   d3dx9:d3dxvec2.obj
 0001:0002a5b9       SIMDMatrix                 0042b5b9 f   d3dx9:d3dxvec2.obj
 0001:0002a67d       TransformLoop              0042b67d f   d3dx9:d3dxvec2.obj
 0001:0002a751       PostTransformLoop          0042b751 f   d3dx9:d3dxvec2.obj
 0001:0002a779       ProcEpilog                 0042b779 f   d3dx9:d3dxvec2.obj
 0001:0002a7a0       ProcPrologue               0042b7a0 f   d3dx9:d3dxvec2.obj
 0001:0002a7e0       ScalarLoop                 0042b7e0 f   d3dx9:d3dxvec2.obj
 0001:0002a819       SIMDMatrix                 0042b819 f   d3dx9:d3dxvec2.obj
 0001:0002a8dd       TransformLoop              0042b8dd f   d3dx9:d3dxvec2.obj
 0001:0002a997       PostTransformLoop          0042b997 f   d3dx9:d3dxvec2.obj
 0001:0002a9bf       ProcEpilog                 0042b9bf f   d3dx9:d3dxvec2.obj
 0001:0002aa00       ProcPrologue               0042ba00 f   d3dx9:d3dxvec2.obj
 0001:0002aa40       ScalarLoop                 0042ba40 f   d3dx9:d3dxvec2.obj
 0001:0002aa79       SIMDMatrix                 0042ba79 f   d3dx9:d3dxvec2.obj
 0001:0002aaf9       TransformLoop              0042baf9 f   d3dx9:d3dxvec2.obj
 0001:0002ab68       PostTransformLoop          0042bb68 f   d3dx9:d3dxvec2.obj
 0001:0002ab90       ProcEpilog                 0042bb90 f   d3dx9:d3dxvec2.obj
 0001:0002abc0       ProcPrologue               0042bbc0 f   d3dx9:d3dxvec3.obj
 0001:0002abfa       TransformLoop              0042bbfa f   d3dx9:d3dxvec3.obj
 0001:0002ac34       ProcEpilog                 0042bc34 f   d3dx9:d3dxvec3.obj
 0001:0002ac60       ProcPrologue               0042bc60 f   d3dx9:d3dxvec3.obj
 0001:0002aca0       ScalarLoop                 0042bca0 f   d3dx9:d3dxvec3.obj
 0001:0002acd9       SIMDMatrix                 0042bcd9 f   d3dx9:d3dxvec3.obj
 0001:0002ade1       TransformLoop              0042bde1 f   d3dx9:d3dxvec3.obj
 0001:0002af2f       PostTransformLoop          0042bf2f f   d3dx9:d3dxvec3.obj
 0001:0002af57       ProcEpilog                 0042bf57 f   d3dx9:d3dxvec3.obj
 0001:0002af80       ProcPrologue               0042bf80 f   d3dx9:d3dxvec3.obj
 0001:0002afc0       ScalarLoop                 0042bfc0 f   d3dx9:d3dxvec3.obj
 0001:0002aff9       SIMDMatrix                 0042bff9 f   d3dx9:d3dxvec3.obj
 0001:0002b0bd       TransformLoop              0042c0bd f   d3dx9:d3dxvec3.obj
 0001:0002b1ae       PostTransformLoop          0042c1ae f   d3dx9:d3dxvec3.obj
 0001:0002b1d6       ProcEpilog                 0042c1d6 f   d3dx9:d3dxvec3.obj
 0001:00030f80       ProcPrologue               00431f80 f   d3dx9:d3dxfloat16.obj
 0001:00030fbf       Float16Algo                00431fbf f   d3dx9:d3dxfloat16.obj
 0001:00031072       PostFloat16Algo            00432072 f   d3dx9:d3dxfloat16.obj
 0001:00031092       ProcEpilog                 00432092 f   d3dx9:d3dxfloat16.obj
 0001:000310c0       ProcPrologue               004320c0 f   d3dx9:d3dxfloat16.obj
 0001:00031103       Float32Algo                00432103 f   d3dx9:d3dxfloat16.obj
 0001:00031202       PostFloat32Algo            00432202 f   d3dx9:d3dxfloat16.obj
 0001:00031222       ProcEpilog                 00432222 f   d3dx9:d3dxfloat16.obj
 0001:00036e40       exception                  00437e40 f   d3dx9:amdmath.obj
 0001:00036e5c       ending                     00437e5c f   d3dx9:amdmath.obj
 0001:00036ec0       exception                  00437ec0 f   d3dx9:amdmath.obj
 0001:00036f60       x5                         00437f60 f   d3dx9:amdmath.obj
 0001:00036fd4       x7                         00437fd4 f   d3dx9:amdmath.obj
 0001:00036fda       ending                     00437fda f   d3dx9:amdmath.obj
 0001:00037060       x5                         00438060 f   d3dx9:amdmath.obj
 0001:000370d4       x7                         004380d4 f   d3dx9:amdmath.obj
 0001:000370da       ending                     004380da f   d3dx9:amdmath.obj
 0001:00037160       x5                         00438160 f   d3dx9:amdmath.obj
 0001:000371d4       x7                         004381d4 f   d3dx9:amdmath.obj
 0001:000371da       ending                     004381da f   d3dx9:amdmath.obj
 0001:00037933       _huft_build@40             00438933 f   d3dx9:inftrees.obj
 0001:000382f0       _pre_cpp_init              004392f0 f   MSVCRT:crtexew.obj
 0001:0003833b       ___tmainCRTStartup         0043933b f   MSVCRT:crtexew.obj
 0001:0003851a       _pre_c_init                0043951a f   MSVCRT:crtexew.obj
 0001:00038ab2       ?cleanD3D@@YAXXZ           00439ab2 f    CIL library: CIL module
 0001:00038b53       ?WindowProc@@YGJPAUHWND__@@IIJ@Z 00439b53 f    CIL library: CIL module
 0001:00038ba5       ?get_profile_string@@YA?AV?$basic_string@DU?$char_traits@D@std@@V?$allocator@D@2@@std@@PBD000@Z 00439ba5 f    CIL library: CIL module
 0001:00038bff       ?workingdir@@YA?AV?$basic_string@DU?$char_traits@D@std@@V?$allocator@D@2@@std@@XZ 00439bff f    CIL library: CIL module
 0001:00038c71       ?NewTexture@@YAXPBDW4_D3DFORMAT@@PAPAUIDirect3DTexture9@@@Z 00439c71 f    CIL library: CIL module
 0001:00038c9f       ?playSnd@@YAXPBD@Z         00439c9f f    CIL library: CIL module
 0001:00038cc4       ?drawText@@YAXHPADHHHHK@Z  00439cc4 f    CIL library: CIL module
 0001:00038d05       ?random@@YAHHH@Z           00439d05 f    CIL library: CIL module
 0001:00038d19       ?ifSelectedCard@@YA_NH@Z   00439d19 f    CIL library: CIL module
 0001:00038d4e       ?flipCard@@YAXXZ           00439d4e f    CIL library: CIL module
 0001:00038e07       ?selectCard@@YAXH@Z        00439e07 f    CIL library: CIL module
 0001:00038fb3       ?initD3D@@YAXPAUHWND__@@@Z 00439fb3 f    CIL library: CIL module
 0001:000398f9       ?render_frame@@YAXXZ       0043a8f9 f    CIL library: CIL module
 0001:0003bdb2       _has_osfxsr_set            0043cdb2 f   MSVCRT:cpu_disp.obj
 0001:0003be79       __unwindfunclet$??0sentry@?$basic_ostream@DU?$char_traits@D@std@@@std@@QAE@AAV12@@Z$0 0043ce79 f    CIL library: CIL module
 0001:0003be79       __unwindfunclet$??1sentry@?$basic_ostream@DU?$char_traits@D@std@@@std@@QAE@XZ$0 0043ce79 f    CIL library: CIL module
 0001:0003be81       __ehhandler$??0sentry@?$basic_ostream@DU?$char_traits@D@std@@@std@@QAE@AAV12@@Z 0043ce81 f    CIL library: CIL module
 0001:0003be81       __ehhandler$??1sentry@?$basic_ostream@DU?$char_traits@D@std@@@std@@QAE@XZ 0043ce81 f    CIL library: CIL module
 0001:0003be9c       __unwindfunclet$?workingdir@@YA?AV?$basic_string@DU?$char_traits@D@std@@V?$allocator@D@2@@std@@XZ$0 0043ce9c f    CIL library: CIL module
 0001:0003bea8       __unwindfunclet$?workingdir@@YA?AV?$basic_string@DU?$char_traits@D@std@@V?$allocator@D@2@@std@@XZ$1 0043cea8 f    CIL library: CIL module
 0001:0003becb       __ehhandler$?workingdir@@YA?AV?$basic_string@DU?$char_traits@D@std@@V?$allocator@D@2@@std@@XZ 0043cecb f    CIL library: CIL module
 0001:0003bef3       __unwindfunclet$?initD3D@@YAXPAUHWND__@@@Z$0 0043cef3 f    CIL library: CIL module
 0001:0003befc       __ehhandler$?initD3D@@YAXPAUHWND__@@@Z 0043cefc f    CIL library: CIL module
 0001:0003bf17       __unwindfunclet$?render_frame@@YAXXZ$0 0043cf17 f    CIL library: CIL module
 0001:0003bf20       __unwindfunclet$?render_frame@@YAXXZ$1 0043cf20 f    CIL library: CIL module
 0001:0003bf29       __unwindfunclet$?render_frame@@YAXXZ$2 0043cf29 f    CIL library: CIL module
 0001:0003bf32       __unwindfunclet$?render_frame@@YAXXZ$3 0043cf32 f    CIL library: CIL module
 0001:0003bf3b       __unwindfunclet$?render_frame@@YAXXZ$4 0043cf3b f    CIL library: CIL module
 0001:0003bf44       __unwindfunclet$?render_frame@@YAXXZ$5 0043cf44 f    CIL library: CIL module
 0001:0003bf4d       __unwindfunclet$?render_frame@@YAXXZ$6 0043cf4d f    CIL library: CIL module
 0001:0003bf56       __unwindfunclet$?render_frame@@YAXXZ$8 0043cf56 f    CIL library: CIL module
 0001:0003bf5f       __unwindfunclet$?render_frame@@YAXXZ$9 0043cf5f f    CIL library: CIL module
 0001:0003bf68       __unwindfunclet$?render_frame@@YAXXZ$11 0043cf68 f    CIL library: CIL module
 0001:0003bf71       __unwindfunclet$?render_frame@@YAXXZ$12 0043cf71 f    CIL library: CIL module
 0001:0003bf7a       __unwindfunclet$?render_frame@@YAXXZ$13 0043cf7a f    CIL library: CIL module
 0001:0003bf83       __unwindfunclet$?render_frame@@YAXXZ$14 0043cf83 f    CIL library: CIL module
 0001:0003bf8c       __unwindfunclet$?render_frame@@YAXXZ$15 0043cf8c f    CIL library: CIL module
 0001:0003bf95       __unwindfunclet$?render_frame@@YAXXZ$16 0043cf95 f    CIL library: CIL module
 0001:0003bf9e       __unwindfunclet$?render_frame@@YAXXZ$17 0043cf9e f    CIL library: CIL module
 0001:0003bfa7       __unwindfunclet$?render_frame@@YAXXZ$18 0043cfa7 f    CIL library: CIL module
 0001:0003bfb0       __unwindfunclet$?render_frame@@YAXXZ$19 0043cfb0 f    CIL library: CIL module
 0001:0003bfb9       __unwindfunclet$?render_frame@@YAXXZ$20 0043cfb9 f    CIL library: CIL module
 0001:0003bfc2       __unwindfunclet$?render_frame@@YAXXZ$21 0043cfc2 f    CIL library: CIL module
 0001:0003bfcb       __unwindfunclet$?render_frame@@YAXXZ$22 0043cfcb f    CIL library: CIL module
 0001:0003bfd4       __unwindfunclet$?render_frame@@YAXXZ$23 0043cfd4 f    CIL library: CIL module
 0001:0003bfdd       __unwindfunclet$?render_frame@@YAXXZ$24 0043cfdd f    CIL library: CIL module
 0001:0003bfe6       __unwindfunclet$?render_frame@@YAXXZ$25 0043cfe6 f    CIL library: CIL module
 0001:0003bfef       __unwindfunclet$?render_frame@@YAXXZ$26 0043cfef f    CIL library: CIL module
 0001:0003bff8       __unwindfunclet$?render_frame@@YAXXZ$27 0043cff8 f    CIL library: CIL module
 0001:0003c001       __unwindfunclet$?render_frame@@YAXXZ$28 0043d001 f    CIL library: CIL module
 0001:0003c00a       __unwindfunclet$?render_frame@@YAXXZ$29 0043d00a f    CIL library: CIL module
 0001:0003c013       __unwindfunclet$?render_frame@@YAXXZ$31 0043d013 f    CIL library: CIL module
 0001:0003c01c       __ehhandler$?render_frame@@YAXXZ 0043d01c f    CIL library: CIL module
 0001:0003c037       __unwindfunclet$??$?6U?$char_traits@D@std@@@std@@YAAAV?$basic_ostream@DU?$char_traits@D@std@@@0@AAV10@PBD@Z$2 0043d037 f    CIL library: CIL module
 0001:0003c041       __ehhandler$??$?6U?$char_traits@D@std@@@std@@YAAAV?$basic_ostream@DU?$char_traits@D@std@@@0@AAV10@PBD@Z 0043d041 f    CIL library: CIL module
 0001:0003c05c       ??__Estringstream@@YAXXZ   0043d05c f    CIL library: CIL module
 0001:0003c077       ??__EcustomCards@@YAXXZ    0043d077 f    CIL library: CIL module
 0001:0003c093       ??__EcustomDeck@@YAXXZ     0043d093 f    CIL library: CIL module
 0001:0003c0af       ??__Enewscore@@YAXXZ       0043d0af f    CIL library: CIL module
 0001:0003c0cb       ??__Fstringstream@@YAXXZ   0043d0cb f    CIL library: CIL module
 0001:0003c0d6       ??__Fnewscore@@YAXXZ       0043d0d6 f    CIL library: CIL module
 0001:0003c0e1       ??__FcustomDeck@@YAXXZ     0043d0e1 f    CIL library: CIL module
 0001:0003c0ec       ??__FcustomCards@@YAXXZ    0043d0ec f    CIL library: CIL module
